09-15 11:44:23.130 D/ALSAModule(248): switchDevice: curTxUCMDevivce Line VR curRxDevDevice Speaker
09-15 11:44:23.130 D/alsa_ucm(248): snd_use_case_set ++
09-15 11:44:23.130 D/alsa_ucm(248): snd_use_case_set(): uc_mgr 0x414242f0 identifier _verb value HiFi
09-15 11:44:23.130 D/alsa_ucm(248): Set mixer controls for Speaker enable 1
09-15 11:44:23.130 D/alsa_ucm(248): snd_use_case_apply_voice_acdb ++
09-15 11:44:23.130 D/alsa_ucm(248): snd_use_case_apply_voice_acdb --
09-15 11:44:23.130 D/alsa_ucm(248): acdb_id 15 cap 1 enable 1
09-15 11:44:23.130 D/ACDB-LOADER(248): ACDB -> send_audio_cal, acdb_id = 15, path =  0
09-15 11:44:23.130 D/ACDB-LOADER(248): ACDB -> send_adm_topology
09-15 11:44:23.130 D/ACDB-LOADER(248): ACDB -> ACDB_CMD_GET_AUDPROC_COMMON_TOPOLOGY_ID
09-15 11:44:23.130 D/ACDB-LOADER(248): ACDB -> send_audtable
09-15 11:44:23.130 D/ACDB-LOADER(248): ACDB -> ACDB_CMD_GET_AUDPROC_COMMON_TABLE
09-15 11:44:23.130 D/ACDB-LOADER(248): ACDB -> AUDIO_SET_AUDPROC_CAL
09-15 11:44:23.130 D/ACDB-LOADER(248): ACDB -> send_audvoltable
09-15 11:44:23.130 D/ACDB-LOADER(248): ACDB -> ACDB_CMD_GET_AUDPROC_GAIN_DEP_VOLTBL_STEP_COPP
09-15 11:44:23.140 D/ACDB-LOADER(248): ACDB -> AUDIO_SET_AUDPROC_VOL_CAL
09-15 11:44:23.140 D/ACDB-LOADER(248): ACDB -> send_afe_cal
09-15 11:44:23.140 D/ACDB-LOADER(248): ACDB -> ACDB_CMD_GET_AFE_COMMON_TABLE
09-15 11:44:23.140 E/ACDB-LOADER(248): Error: ACDB AFE returned = -8
09-15 11:44:23.140 D/ACDB-LOADER(248): ACDB -> AUDIO_SET_AFE_CAL
09-15 11:44:23.140 D/alsa_ucm(248): Set mixer controls for HiFiSpeaker enable 1
09-15 11:44:23.140 D/alsa_ucm(248): Setting mixer control: MI2S_RX Audio Mixer MultiMedia1, value: 1 ++
09-15 11:44:23.140 D/alsa_ucm(248): Setting mixer control: MI2S_RX Audio Mixer MultiMedia1, value: 1 --
09-15 11:44:23.140 D/alsa_ucm(248): snd_use_case_set --
09-15 11:44:23.140 D/ALSAModule(248): s_close: handle 0x420d8768 h 0x0 +++
09-15 11:44:23.140 D/ALSAModule(248): s_close: handle 0x420d8768 h 0x0 ---
09-15 11:44:23.140 D/ALSAModule(248): s_open: handle 0x420d8768
09-15 11:44:23.140 D/ALSAModule(248): Music case
09-15 11:44:23.140 D/alsa_ucm(248): snd_use_case_get ++
09-15 11:44:23.140 D/alsa_ucm(248): snd_use_case_get --
09-15 11:44:23.140 D/ALSAModule(248): Device value returned is hw:0,0
09-15 11:44:23.140 D/ALSAModule(248): [1]: s_open: handle 0x420d8768
09-15 11:44:23.140 D/alsa_pcm(248): [AudioStreamOutALSA] isdumppcm 0
09-15 11:44:23.140 D/ALSAModule(248): [2]: s_open: handle 0x420d8768, handle->handle 0x42068c88
09-15 11:44:23.140 D/ALSAModule(248): setHardwareParams: reqBuffSize 8192 channels 2 sampleRate 48000
09-15 11:44:23.140 I/RemoteViews.Performance(685): apply:org.thoughtcrime.securesms prepareContext:0 inflateContent:129 performApply:6 actionsCount:12 bitmapMemory:0.02025
09-15 11:44:23.150 D/ALSAModule(248): setHardwareParams: buffer_size 65536, period_size 8192, period_cnt 8
09-15 11:44:23.160 I/RemoteViews.Performance(685): apply:org.thoughtcrime.securesms prepareContext:0 inflateContent:2 performApply:1 actionsCount:4 bitmapMemory:0.0
09-15 11:44:23.160 I/RemoteViews.Performance(685): apply:org.thoughtcrime.securesms prepareContext:0 inflateContent:15 performApply:8 actionsCount:32 bitmapMemory:0.02025
09-15 11:44:23.160 D/HTC Acoustic(248): set_amp_mode: ENTERING
09-15 11:44:23.160 D/HTC Acoustic(248): switch tfa halmode = 0 device = 2 curr_tfa_mode = 0 mode = 0 devflag 100 start
09-15 11:44:23.160 D/HTC Acoustic(248): TFA9887_KLOCK: 1 on left=0 return 0
09-15 11:44:23.160 D/HTC Acoustic(248): TFA9887_KLOCK: 1 on left=1 return 0
09-15 11:44:23.160 D/HTC Acoustic(248): set_amp_mode: psensor=0
09-15 11:44:23.160 D/HTC Acoustic(248): Tfa9887_Open(handle2) err2=0
09-15 11:44:23.170 D/HTC Acoustic(248): User is leaving phone.
09-15 11:44:23.170 D/HTC Acoustic(248): Tfa9887_Close(handle2) err2=0
09-15 11:44:23.170 D/HTC Acoustic(248): curr_tfa_mode=0, mode=0, curr_tfa_set=1, leaving
09-15 11:44:23.170 D/HTC Acoustic(248): TFA9887_KLOCK: 0 on left=0 return 0
09-15 11:44:23.170 D/HTC Acoustic(248): TFA9887_KLOCK: 0 on left=1 return 0
09-15 11:44:23.170 E/AudioStreamOutALSA(248): PCM_Write set_amp_mode,1
09-15 11:44:23.200 D/ConnectivityService(558): ConnectivityChange for mobile_mms: DISCONNECTED/DISCONNECTED
09-15 11:44:23.200 E/SecondaryTablController(244): ip route del failed: /system/bin/ip route del 10.32.25.129/32 via 0.0.0.0 dev rmnet_usb0 table 60
09-15 11:44:23.200 W/FrameworkListener(244): Handler 'interface' error (No such device)
09-15 11:44:23.210 E/SecondaryTablController(244): ip route del failed: /system/bin/ip route del 0.0.0.0/0 via 10.32.25.129 dev rmnet_usb0 table 60
09-15 11:44:23.210 W/FrameworkListener(244): Handler 'interface' error (No such device)
09-15 11:44:23.220 D/NetUtils(558): android_net_utils_resetConnections in env=0x62b518c8 clazz=0x7b400001 iface=rmnet_usb0 mask=0x3
09-15 11:44:23.220 D/ConnectivityService(558): resetConnections(rmnet_usb0, 3)
09-15 11:44:23.270 D/Nat464Xlat(558): requiresClat: netType=2, hasIPv4Address=true
09-15 11:44:23.280 D/qdmemalloc(237): ion: Allocated buffer base:0x42bfb000 size:532480 fd:67
09-15 11:44:23.280 D/qdmemalloc(237): ion: Allocated buffer base:0x4008b000 size:4096 fd:69
09-15 11:44:23.280 D/qdmemalloc(3734): ion: Mapped buffer base:0x6b1b8000 size:532480 offset:0 fd:62
09-15 11:44:23.280 D/qdmemalloc(3734): ion: Mapped buffer base:0x40020000 size:4096 offset:0 fd:63
09-15 11:44:24.031 D/AudioStreamOutALSA(248): write:: buffer 0x420cd778, bytes 8192
09-15 11:44:24.091 D/AudioPlayer(248): postEOS
09-15 11:44:24.341 D/AwesomePlayer(248): MEDIA_PLAYBACK_COMPLETE
09-15 11:44:24.341 D/AwesomePlayer(248): [MEDIA][42077E18][A] pause_l (1231)
09-15 11:44:24.341 D/MediaPlayerService(248): addBatteryData
09-15 11:44:24.341 D/MediaPlayerService(248): addBatteryData E
09-15 11:44:24.341 D/MediaPlayerService(248): addBatteryData X 2060
09-15 11:44:24.341 I/MediaPlayer(685): Lock success within 0 us
09-15 11:44:24.341 I/AudioService(558):  AudioFocus  abandonAudioFocus() from android.media.AudioManager@446adce8
09-15 11:44:25.112 D/AudioStreamOutALSA(248): write:: buffer 0x420cd778, bytes 8192
09-15 11:44:25.793 D/WifiStateMachine(558): handleMessage: E msg.what=131155
09-15 11:44:25.793 D/WifiStateMachine(558): processMsg: ConnectedState
09-15 11:44:25.793 D/WifiStateMachine(558): processMsg: L2ConnectedState
09-15 11:44:25.823 D/WifiStateMachine(558): handleMessage: X
09-15 11:44:26.173 D/AudioStreamOutALSA(248): write:: buffer 0x420cd778, bytes 8192
09-15 11:44:26.193 W/ConversationListFragment(3734): Batch mode: false
09-15 11:44:26.193 I/PowerManagerService-JNI(558): enabling perf mode...
09-15 11:44:26.193 W/CpuWake (558): >>nativeAcquireCpuPerfWakeLock()
09-15 11:44:26.203 I/PowerManagerService-JNI(558): perf mode enabled. ret=0
09-15 11:44:26.203 W/SurfaceFlinger(237): FB is protected: PERMISSION_DENIED
09-15 11:44:26.203 W/CpuWake (558): <<nativeAcquireCpuPerfWakeLock()
09-15 11:44:26.203 I/ActivityManager(558): START u0 {cmp=org.thoughtcrime.securesms/.ConversationActivity (has extras)} from pid 3734
09-15 11:44:26.203 W/WindowManager(558): Screenshot failure taking screenshot for (492x874) to layer 21045
09-15 11:44:26.223 W/KeyCachingService(3734): Decrementing activity count...
09-15 11:44:26.263 W/KeyUtil (3734): Checking session...
09-15 11:44:26.263 W/LocalKeyRecord(3734): Checking: 7-local
09-15 11:44:26.273 W/MmsSmsDatabase(3734): Executing query: SELECT _id, body, type, thread_id, address, subject, date_sent, date_received, m_type, msg_box, status, part_count, ct_l, tr_id, m_size, exp, st, transport_type FROM (SELECT DISTINCT date_sent * 1 AS date_sent, date * 1 AS date_received, _id, body, read, thread_id, type, address, subject, NULL AS m_type, NULL AS msg_box, status, NULL AS part_count, NULL AS ct_l, NULL AS tr_id, NULL AS m_size, NULL AS exp, NULL AS st, 'sms' AS transport_type FROM sms WHERE (thread_id = 6) UNION ALL SELECT DISTINCT date * 1000 AS date_sent, date_received * 1000 AS date_received, _id, body, read, thread_id, NULL AS type, address, NULL AS subject, m_type, msg_box, NULL AS status, part_count, ct_l, tr_id, m_size, exp, st, 'mms' AS transport_type FROM mms WHERE (thread_id = 6) ORDER BY date_received ASC)
09-15 11:44:26.283 D/Tethering(558): MasterInitialState.processMessage what=3
09-15 11:44:26.283 W/KeyCachingService(3734): Incrementing activity count...
09-15 11:44:26.303 D/Tethering(558): MasterInitialState.processMessage what=3
09-15 11:44:26.333 E/DatabaseUtils(833): Writing exception to parcel
09-15 11:44:26.333 E/DatabaseUtils(833): java.lang.SecurityException: No permission to write APN settings: Neither user 10216 nor current process has android.permission.WRITE_APN_SETTINGS.
09-15 11:44:26.333 E/DatabaseUtils(833): 	at android.app.ContextImpl.enforce(ContextImpl.java:1575)
09-15 11:44:26.333 E/DatabaseUtils(833): 	at android.app.ContextImpl.enforceCallingOrSelfPermission(ContextImpl.java:1604)
09-15 11:44:26.333 E/DatabaseUtils(833): 	at com.android.providers.telephony.TelephonyProvider.checkPermission(TelephonyProvider.java:784)
09-15 11:44:26.333 E/DatabaseUtils(833): 	at com.android.providers.telephony.TelephonyProvider.query(TelephonyProvider.java:511)
09-15 11:44:26.333 E/DatabaseUtils(833): 	at android.content.ContentProvider.query(ContentProvider.java:748)
09-15 11:44:26.333 E/DatabaseUtils(833): 	at android.content.ContentProvider$Transport.query(ContentProvider.java:203)
09-15 11:44:26.333 E/DatabaseUtils(833): 	at android.content.ContentProviderNative.onTransact(ContentProviderNative.java:114)
09-15 11:44:26.333 E/DatabaseUtils(833): 	at android.os.Binder.execTransact(Binder.java:388)
09-15 11:44:26.333 E/DatabaseUtils(833): 	at dalvik.system.NativeStart.run(Native Method)
09-15 11:44:26.343 D/CacheService(26212): onCreate
09-15 11:44:26.343 D/CacheService(26212): onBind
09-15 11:44:26.353 W/MmsCommunication(3734): java.lang.SecurityException: No permission to write APN settings: Neither user 10216 nor current process has android.permission.WRITE_APN_SETTINGS.
09-15 11:44:26.353 W/MmsCommunication(3734): 	at android.os.Parcel.readException(Parcel.java:1440)
09-15 11:44:26.353 W/MmsCommunication(3734): 	at android.database.DatabaseUtils.readExceptionFromParcel(DatabaseUtils.java:185)
09-15 11:44:26.353 W/MmsCommunication(3734): 	at android.database.DatabaseUtils.readExceptionFromParcel(DatabaseUtils.java:137)
09-15 11:44:26.353 W/MmsCommunication(3734): 	at android.content.ContentProviderProxy.query(ContentProviderNative.java:385)
09-15 11:44:26.353 W/MmsCommunication(3734): 	at android.content.ContentResolver.query(ContentResolver.java:414)
09-15 11:44:26.353 W/MmsCommunication(3734): 	at android.content.ContentResolver.query(ContentResolver.java:357)
09-15 11:44:26.353 W/MmsCommunication(3734): 	at org.thoughtcrime.securesms.database.MmsDatabase.getCarrierMmsInformation(MmsDatabase.java:584)
09-15 11:44:26.353 W/MmsCommunication(3734): 	at org.thoughtcrime.securesms.mms.MmsCommunication.getMmsConnectionParameters(MmsCommunication.java:92)
09-15 11:44:26.353 W/MmsCommunication(3734): 	at org.thoughtcrime.securesms.mms.MmsSendHelper.hasNecessaryApnDetails(MmsSendHelper.java:119)
09-15 11:44:26.353 W/MmsCommunication(3734): 	at org.thoughtcrime.securesms.ConversationActivity$7.doInBackground(ConversationActivity.java:569)
09-15 11:44:26.353 W/MmsCommunication(3734): 	at org.thoughtcrime.securesms.ConversationActivity$7.doInBackground(ConversationActivity.java:566)
09-15 11:44:26.353 W/MmsCommunication(3734): 	at android.os.AsyncTask$2.call(AsyncTask.java:287)
09-15 11:44:26.353 W/MmsCommunication(3734): 	at java.util.concurrent.FutureTask.run(FutureTask.java:234)
09-15 11:44:26.353 W/MmsCommunication(3734): 	at android.os.AsyncTask$SerialExecutor$1.run(AsyncTask.java:230)
09-15 11:44:26.353 W/MmsCommunication(3734): 	at java.util.concurrent.ThreadPoolExecutor.runWorker(ThreadPoolExecutor.java:1080)
09-15 11:44:26.353 W/MmsCommunication(3734): 	at java.util.concurrent.ThreadPoolExecutor$Worker.run(ThreadPoolExecutor.java:573)
09-15 11:44:26.353 W/MmsCommunication(3734): 	at java.lang.Thread.run(Thread.java:841)
09-15 11:44:26.353 I/MusicLeanback(26212): Conditions not met for autocaching.
09-15 11:44:26.353 I/MusicLeanback(26212): Stop autocaching.
09-15 11:44:26.363 D/GCM     (871): GcmService start Intent { act=android.net.conn.CONNECTIVITY_CHANGE flg=0x8000010 cmp=com.google.android.gms/.gcm.GcmService (has extras) } android.net.conn.CONNECTIVITY_CHANGE
09-15 11:44:26.363 D/CacheService(26212): onDestroy
09-15 11:44:26.403 I/ActivityManager(558): Start proc com.google.android.setupwizard for broadcast com.google.android.setupwizard/.MobileConnectivityChangeReceiver: pid=27204 uid=10170 gids={50170, 3003, 1028}
09-15 11:44:26.433 W/MmsSmsDatabase(3734): Executing query: SELECT _id, body, read, type, address, subject, thread_id, status, date_sent, date_received, m_type, msg_box, part_count, ct_l, tr_id, m_size, exp, st, transport_type FROM (SELECT DISTINCT date_sent * 1 AS date_sent, date * 1 AS date_received, _id, body, read, thread_id, type, address, subject, NULL AS m_type, NULL AS msg_box, status, NULL AS part_count, NULL AS ct_l, NULL AS tr_id, NULL AS m_size, NULL AS exp, NULL AS st, 'sms' AS transport_type FROM sms WHERE (read = 0) UNION ALL SELECT DISTINCT date * 1000 AS date_sent, date_received * 1000 AS date_received, _id, body, read, thread_id, NULL AS type, address, NULL AS subject, m_type, msg_box, NULL AS status, part_count, ct_l, tr_id, m_size, exp, st, 'mms' AS transport_type FROM mms WHERE (read = 0) ORDER BY date_received ASC)
09-15 11:44:26.433 W/NotificationState(3734): Added thread: 9
09-15 11:44:26.433 W/NotificationState(3734): Pending array off intent length: 1
09-15 11:44:26.453 W/SQLiteCursor(3734): Close cursor android.database.sqlite.SQLiteCursor@4266d828 on null twice or more
09-15 11:44:26.463 I/ActivityManager(558): Start proc com.google.android.gsf.login for service com.google.android.gsf.login/com.google.android.gsf.loginservice.GoogleLoginService: pid=27219 uid=10023 gids={50023, 3003, 1007, 1028, 1015, 1006, 2001, 3006}
09-15 11:44:26.474 E/PhoneMonitor(27204): onOtaspChanged old =0, new =3
09-15 11:44:26.474 V/PhoneMonitor(27204): mOtaspPhoneStateListener#onOtaspChanged, mOtaspMode=3
09-15 11:44:26.494 I/RemoteViews.Performance(685): apply:org.thoughtcrime.securesms prepareContext:1 inflateContent:8 performApply:3 actionsCount:12 bitmapMemory:0.144
09-15 11:44:26.504 I/ActivityManager(558): No longer want com.google.android.setupwizard (pid 27204): empty #7
09-15 11:44:26.504 I/RemoteViews.Performance(685): apply:org.thoughtcrime.securesms prepareContext:0 inflateContent:1 performApply:0 actionsCount:4 bitmapMemory:0.0
09-15 11:44:26.504 I/RemoteViews.Performance(685): apply:org.thoughtcrime.securesms prepareContext:0 inflateContent:9 performApply:6 actionsCount:21 bitmapMemory:0.144
09-15 11:44:26.524 I/ActivityManager(558): No longer want com.google.android.gsf.login (pid 27219): empty #7
09-15 11:44:26.584 D/qdmemalloc(237): ion: Allocated buffer base:0x4665c000 size:8355840 fd:72
09-15 11:44:26.584 D/qdmemalloc(237): ion: Allocated buffer base:0x40034000 size:4096 fd:32
09-15 11:44:26.584 D/qdmemalloc(3734): ion: Mapped buffer base:0x70135000 size:8355840 offset:0 fd:70
09-15 11:44:26.584 D/qdmemalloc(3734): ion: Mapped buffer base:0x63e14000 size:4096 offset:0 fd:71
09-15 11:44:26.584 I/ActivityManager(558): Displayed org.thoughtcrime.securesms/.ConversationActivity: +372ms
09-15 11:44:26.594 I/InputMethodManager(3734): windowGainedFocus, mServedView=android.widget.EditText{4269e2a0 VFED..CL .F....ID 156,15-912,132 #7f06004a app:id/embedded_text_editor}, inputType=0x2c041, packageName=org.thoughtcrime.securesms, softInputMode=0x111
09-15 11:44:26.594 I/InputMethodManagerService(558): windowGainedFocus, inputState=1, softInputMode=0x111, pid=3734
09-15 11:44:26.594 I/InputMethodManagerService(558): windowGainedFocus, packageName=org.thoughtcrime.securesms, inputType=0x2c041
09-15 11:44:26.614 I/k9      (13356): Committing preference changes
09-15 11:44:26.634 I/k9      (13356): Preferences commit took 19ms
09-15 11:44:26.634 D/CacheService(26212): onCreate
09-15 11:44:26.634 D/CacheService(26212): onBind
09-15 11:44:26.644 I/MusicLeanback(26212): Conditions not met for autocaching.
09-15 11:44:26.644 I/MusicLeanback(26212): Stop autocaching.
09-15 11:44:26.644 D/GCM     (871): GcmService start Intent { act=android.net.conn.CONNECTIVITY_CHANGE flg=0x8000010 cmp=com.google.android.gms/.gcm.GcmService (has extras) } android.net.conn.CONNECTIVITY_CHANGE
09-15 11:44:26.654 D/qdmemalloc(237): ion: Allocated buffer base:0x46e54000 size:8355840 fd:33
09-15 11:44:26.654 D/qdmemalloc(237): ion: Allocated buffer base:0x4031f000 size:4096 fd:61
09-15 11:44:26.654 D/qdmemalloc(3734): ion: Mapped buffer base:0x7174e000 size:8355840 offset:0 fd:72
09-15 11:44:26.654 D/qdmemalloc(3734): ion: Mapped buffer base:0x63e15000 size:4096 offset:0 fd:73
09-15 11:44:26.734 D/dalvikvm(558): GC_EXPLICIT freed 2276K, 33% free 33353K/49640K, paused 3ms+7ms, total 79ms
09-15 11:44:26.734 D/CacheService(26212): onDestroy
09-15 11:44:26.764 D/OpenGLRenderer(3734): Flushing caches (mode 0)
09-15 11:44:26.774 I/ActivityManager(558): Start proc com.google.android.setupwizard for broadcast com.google.android.setupwizard/.MobileConnectivityChangeReceiver: pid=27245 uid=10170 gids={50170, 3003, 1028}
09-15 11:44:26.784 D/dalvikvm(246): GC_EXPLICIT freed 40K, 80% free 2562K/12788K, paused 1ms+1ms, total 16ms
09-15 11:44:26.784 D/qdmemalloc(3734): ion: Unmapping buffer  base:0x6e364000 size:8355840
09-15 11:44:26.784 D/qdmemalloc(3734): ion: Unmapping buffer  base:0x63e13000 size:4096
09-15 11:44:26.784 D/qdmemalloc(3734): ion: Unmapping buffer  base:0x6db53000 size:8355840
09-15 11:44:26.784 D/qdmemalloc(3734): ion: Unmapping buffer  base:0x40030000 size:4096
09-15 11:44:26.784 D/qdmemalloc(3734): ion: Unmapping buffer  base:0x6f41f000 size:8355840
09-15 11:44:26.784 D/qdmemalloc(3734): ion: Unmapping buffer  base:0x63e12000 size:4096
09-15 11:44:26.794 D/qdmemalloc(237): ion: Unmapping buffer  base:0x48ed3000 size:8355840
09-15 11:44:26.794 D/qdmemalloc(237): ion: Unmapping buffer  base:0x40afd000 size:4096
09-15 11:44:26.794 D/qdmemalloc(237): ion: Freeing buffer base:0x0 size:8355840 fd:91
09-15 11:44:26.794 D/qdmemalloc(237): ion: Freeing buffer base:0x0 size:4096 fd:82
09-15 11:44:26.794 D/qdmemalloc(237): ion: Unmapping buffer  base:0x45e64000 size:8355840
09-15 11:44:26.794 D/qdmemalloc(237): ion: Unmapping buffer  base:0x400b9000 size:4096
09-15 11:44:26.794 D/qdmemalloc(237): ion: Freeing buffer base:0x0 size:8355840 fd:35
09-15 11:44:26.794 D/qdmemalloc(237): ion: Freeing buffer base:0x0 size:4096 fd:64
09-15 11:44:26.794 D/dalvikvm(246): GC_EXPLICIT freed <1K, 80% free 2562K/12788K, paused 1ms+1ms, total 15ms
09-15 11:44:26.794 D/ConnectivityService(558): handleInetConditionHoldEnd: net=1, condition=100, published condition=100
09-15 11:44:26.804 D/qdmemalloc(3734): ion: Unmapping buffer  base:0x6b1b8000 size:532480
09-15 11:44:26.804 D/qdmemalloc(3734): ion: Unmapping buffer  base:0x40020000 size:4096
09-15 11:44:26.814 D/dalvikvm(246): GC_EXPLICIT freed <1K, 80% free 2562K/12788K, paused 1ms+1ms, total 14ms
09-15 11:44:26.824 I/ActivityManager(558): Start proc com.google.android.gsf.login for service com.google.android.gsf.login/com.google.android.gsf.loginservice.GoogleLoginService: pid=27259 uid=10023 gids={50023, 3003, 1007, 1028, 1015, 1006, 2001, 3006}
09-15 11:44:26.834 E/PhoneMonitor(27245): onOtaspChanged old =0, new =3
09-15 11:44:26.834 V/PhoneMonitor(27245): mOtaspPhoneStateListener#onOtaspChanged, mOtaspMode=3
09-15 11:44:26.864 I/ActivityManager(558): No longer want com.google.android.setupwizard (pid 27245): empty #7
09-15 11:44:26.874 I/k9      (13356): Committing preference changes
09-15 11:44:26.874 I/ActivityManager(558): No longer want com.google.android.gsf.login (pid 27259): empty #7
09-15 11:44:26.884 I/k9      (13356): Preferences commit took 7ms
09-15 11:44:26.934 D/qdmemalloc(237): ion: Unmapping buffer  base:0x44e0e000 size:8355840
09-15 11:44:26.934 D/qdmemalloc(237): ion: Unmapping buffer  base:0x40260000 size:4096
09-15 11:44:26.934 D/qdmemalloc(237): ion: Freeing buffer base:0x0 size:8355840 fd:34
09-15 11:44:26.934 D/qdmemalloc(237): ion: Freeing buffer base:0x0 size:4096 fd:44
09-15 11:44:27.204 I/PowerManagerService-JNI(558): disabling perf mode...
09-15 11:44:27.204 I/PowerManagerService-JNI(558): perf mode disabled. ret=0
09-15 11:44:27.204 W/CpuWake (558): >>nativeReleaseCpuPerfWakeLock()
09-15 11:44:27.204 W/CpuWake (558): <<nativeReleaseCpuPerfWakeLock()
09-15 11:44:27.244 D/AudioStreamOutALSA(248): write:: buffer 0x420cd778, bytes 8192
09-15 11:44:27.384 D/qdmemalloc(237): ion: Unmapping buffer  base:0x42bfb000 size:532480
09-15 11:44:27.384 D/qdmemalloc(237): ion: Unmapping buffer  base:0x4008b000 size:4096
09-15 11:44:27.384 D/qdmemalloc(237): ion: Freeing buffer base:0x0 size:532480 fd:67
09-15 11:44:27.384 D/qdmemalloc(237): ion: Freeing buffer base:0x0 size:4096 fd:69
09-15 11:44:27.425 D/AudioStreamOutALSA(248): standby
09-15 11:44:27.425 D/ALSAModule(248): s_standby: handle 0x420d8768 h 0x0
09-15 11:44:27.425 E/ALSAModule(248): s_standby handle h 0x42068c88
09-15 11:44:27.455 D/qdmemalloc(237): ion: Allocated buffer base:0x44e0e000 size:8355840 fd:45
09-15 11:44:27.455 D/qdmemalloc(237): ion: Allocated buffer base:0x40002000 size:4096 fd:54
09-15 11:44:27.455 D/qdmemalloc(3734): ion: Mapped buffer base:0x6db53000 size:8355840 offset:0 fd:47
09-15 11:44:27.455 D/qdmemalloc(3734): ion: Mapped buffer base:0x63e12000 size:4096 offset:0 fd:48
09-15 11:44:27.675 D/alsa_ucm(248): snd_use_case_get ++
09-15 11:44:27.675 D/alsa_ucm(248): snd_use_case_set ++
09-15 11:44:27.675 D/alsa_ucm(248): snd_use_case_set(): uc_mgr 0x414242f0 identifier _verb value Inactive
09-15 11:44:27.675 D/alsa_ucm(248): Set mixer controls for HiFiSpeaker enable 0
09-15 11:44:27.675 D/alsa_ucm(248): Setting mixer control: MI2S_RX Audio Mixer MultiMedia1, value: 0 ++
09-15 11:44:27.675 D/alsa_ucm(248): Setting mixer control: MI2S_RX Audio Mixer MultiMedia1, value: 0 --
09-15 11:44:27.675 D/alsa_ucm(248): snd_use_case_set --
09-15 11:44:27.675 D/alsa_ucm(248): snd_use_case_get ++
09-15 11:44:27.675 E/ALSAModule(248): Number of modifiers 0
09-15 11:44:27.675 E/ALSAModule(248): usecase_type is 0
09-15 11:44:27.675 D/alsa_ucm(248): snd_use_case_set ++
09-15 11:44:27.675 D/alsa_ucm(248): snd_use_case_set(): uc_mgr 0x414242f0 identifier _disdev value Line VR
09-15 11:44:27.675 D/alsa_ucm(248): disdev: device Line VR not enabled, no need to disable
09-15 11:44:27.675 D/alsa_ucm(248): snd_use_case_set --
09-15 11:44:27.675 D/alsa_ucm(248): snd_use_case_set ++
09-15 11:44:27.675 D/alsa_ucm(248): snd_use_case_set(): uc_mgr 0x414242f0 identifier _disdev value Speaker
09-15 11:44:27.675 D/alsa_ucm(248): Set mixer controls for Speaker enable 0
09-15 11:44:27.675 D/alsa_ucm(248): snd_use_case_set --
09-15 11:44:28.125 W/MmsDownloadClickListener(3734): Content location: http://166.216.230.5:8005/0915184337400009000030000
09-15 11:44:28.195 W/MmsService(3734): Got network info: NetworkInfo: type: mobile_mms[LTE], state: DISCONNECTED/DISCONNECTED, reason: dataDisabled, extra: phone, roaming: false, failover: false, isAvailable: true
09-15 11:44:28.205 W/MmsDownloader(3734): Handling MMS download with radio change...
09-15 11:44:28.215 W/MmscProcessor(3734): startUsingNetworkFeature status: 1
09-15 11:44:28.215 D/ConnectivityService(558): startUsingNetworkFeature reconnecting to 0: enableMMS
09-15 11:44:28.346 W/MmsService(3734): Dispatching connectivity change...
09-15 11:44:28.346 W/MmsService(3734): Dispatched...
09-15 11:44:28.346 W/MmsService(3734): NetworkInfo: NetworkInfo: type: mobile_mms[LTE], state: CONNECTING/CONNECTING, reason: dataEnabled, extra: phone, roaming: false, failover: false, isAvailable: true
09-15 11:44:28.346 W/MmsService(3734): NetworkInfo: NetworkInfo: type: mobile_mms[LTE], state: CONNECTING/CONNECTING, reason: dataEnabled, extra: phone, roaming: false, failover: false, isAvailable: true
09-15 11:44:28.346 W/MmsService(3734): Got network info: NetworkInfo: type: mobile_mms[LTE], state: CONNECTING/CONNECTING, reason: dataEnabled, extra: phone, roaming: false, failover: false, isAvailable: true
09-15 11:44:28.646 E/PNP_UPDATERD(1414): inotify_add_watch failed. (No such file or directory)
09-15 11:44:28.746 D/DHCP    (240): ===== DHCP message:
09-15 11:44:28.746 D/DHCP    (240): op = BOOTREQUEST (1), htype = 1, hlen = 6, hops = 0
09-15 11:44:28.746 D/DHCP    (240): xid = 0xd417dc00 secs = 0, flags = 0x8000 optlen = 14
09-15 11:44:28.746 D/DHCP    (240): ciaddr = 0.0.0.0
09-15 11:44:28.746 D/DHCP    (240): yiaddr = 0.0.0.0
09-15 11:44:28.746 D/DHCP    (240): siaddr = 0.0.0.0
09-15 11:44:28.746 D/DHCP    (240): giaddr = 0.0.0.0
09-15 11:44:28.746 D/DHCP    (240): chaddr = { 00  00  00  00  00  00 }
09-15 11:44:28.746 D/DHCP    (240): sname = ''
09-15 11:44:28.746 D/DHCP    (240): file = ''
09-15 11:44:28.746 D/DHCP    (240): op 53 len 1 { 01 } discover
09-15 11:44:28.746 D/DHCP    (240): op 55 len 4 { 01  03  06  1c } 
09-15 11:44:28.756 D/DHCP    (240): ===== DHCP message:
09-15 11:44:28.756 D/DHCP    (240): op = BOOTREPLY (2), htype = 1, hlen = 6, hops = 0
09-15 11:44:28.756 D/DHCP    (240): xid = 0xd417dc00 secs = 0, flags = 0x8000 optlen = 42
09-15 11:44:28.756 D/DHCP    (240): ciaddr = 0.0.0.0
09-15 11:44:28.756 D/DHCP    (240): yiaddr = 10.32.25.159
09-15 11:44:28.756 D/DHCP    (240): siaddr = 10.32.25.129
09-15 11:44:28.756 D/DHCP    (240): giaddr = 0.0.0.0
09-15 11:44:28.756 D/DHCP    (240): chaddr = { 00  00  00  00  00  00 }
09-15 11:44:28.756 D/DHCP    (240): sname = ''
09-15 11:44:28.756 D/DHCP    (240): file = ''
09-15 11:44:28.756 D/DHCP    (240): op 53 len 1 { 02 } offer
09-15 11:44:28.756 D/DHCP    (240): op 1 len 4 { ff  ff  ff  c0 } 
09-15 11:44:28.756 D/DHCP    (240): op 3 len 4 { 0a  20  19  81 } 
09-15 11:44:28.756 D/DHCP    (240): op 6 len 8 { ac  1a  26  01  ac  1a  26  02 } 
09-15 11:44:28.756 D/DHCP    (240): op 51 len 4 { 00  00  1c  20 } 
09-15 11:44:28.756 D/DHCP    (240): op 54 len 4 { 0a  20  19  81 } 
09-15 11:44:28.756 D/DHCP    (240): --- dhcp offer (2) ---
09-15 11:44:28.756 D/DHCP    (240): ip 10.32.25.159 gw 10.32.25.129 prefixLength 26
09-15 11:44:28.756 D/DHCP    (240): dns1: 172.26.38.1
09-15 11:44:28.756 D/DHCP    (240): dns2: 172.26.38.2
09-15 11:44:28.756 D/DHCP    (240): server 10.32.25.129, lease 7200 seconds
09-15 11:44:28.756 D/DHCP    (240): ===== DHCP message:
09-15 11:44:28.756 D/DHCP    (240): op = BOOTREQUEST (1), htype = 1, hlen = 6, hops = 0
09-15 11:44:28.756 D/DHCP    (240): xid = 0xd517dc00 secs = 0, flags = 0x8000 optlen = 26
09-15 11:44:28.756 D/DHCP    (240): ciaddr = 0.0.0.0
09-15 11:44:28.756 D/DHCP    (240): yiaddr = 0.0.0.0
09-15 11:44:28.756 D/DHCP    (240): siaddr = 0.0.0.0
09-15 11:44:28.756 D/DHCP    (240): giaddr = 0.0.0.0
09-15 11:44:28.756 D/DHCP    (240): chaddr = { 00  00  00  00  00  00 }
09-15 11:44:28.756 D/DHCP    (240): sname = ''
09-15 11:44:28.756 D/DHCP    (240): file = ''
09-15 11:44:28.756 D/DHCP    (240): op 53 len 1 { 03 } request
09-15 11:44:28.756 D/DHCP    (240): op 55 len 4 { 01  03  06  1c } 
09-15 11:44:28.756 D/DHCP    (240): op 50 len 4 { 0a  20  19  9f } 
09-15 11:44:28.756 D/DHCP    (240): op 54 len 4 { 0a  20  19  81 } 
09-15 11:44:28.756 D/DHCP    (240): ===== DHCP message:
09-15 11:44:28.756 D/DHCP    (240): op = BOOTREPLY (2), htype = 1, hlen = 6, hops = 0
09-15 11:44:28.756 D/DHCP    (240): xid = 0xd517dc00 secs = 0, flags = 0x8000 optlen = 42
09-15 11:44:28.756 D/DHCP    (240): ciaddr = 0.0.0.0
09-15 11:44:28.756 D/DHCP    (240): yiaddr = 10.32.25.159
09-15 11:44:28.756 D/DHCP    (240): siaddr = 10.32.25.129
09-15 11:44:28.756 D/DHCP    (240): giaddr = 0.0.0.0
09-15 11:44:28.756 D/DHCP    (240): chaddr = { 00  00  00  00  00  00 }
09-15 11:44:28.756 D/DHCP    (240): sname = ''
09-15 11:44:28.756 D/DHCP    (240): file = ''
09-15 11:44:28.756 D/DHCP    (240): op 53 len 1 { 05 } ack
09-15 11:44:28.756 D/DHCP    (240): op 1 len 4 { ff  ff  ff  c0 } 
09-15 11:44:28.756 D/DHCP    (240): op 3 len 4 { 0a  20  19  81 } 
09-15 11:44:28.756 D/DHCP    (240): op 6 len 8 { ac  1a  26  01  ac  1a  26  02 } 
09-15 11:44:28.756 D/DHCP    (240): op 54 len 4 { 0a  20  19  81 } 
09-15 11:44:28.756 D/DHCP    (240): op 51 len 4 { 00  00  1c  20 } 
09-15 11:44:28.756 D/DHCP    (240): --- dhcp ack (5) ---
09-15 11:44:28.756 D/DHCP    (240): ip 10.32.25.159 gw 10.32.25.129 prefixLength 26
09-15 11:44:28.756 D/DHCP    (240): dns1: 172.26.38.1
09-15 11:44:28.756 D/DHCP    (240): dns2: 172.26.38.2
09-15 11:44:28.756 D/DHCP    (240): server 10.32.25.129, lease 7200 seconds
09-15 11:44:28.756 D/DHCP    (240): configuring rmnet_usb0
09-15 11:44:28.826 D/WifiStateMachine(558): handleMessage: E msg.what=131155
09-15 11:44:28.826 D/WifiStateMachine(558): processMsg: ConnectedState
09-15 11:44:28.826 D/WifiStateMachine(558): processMsg: L2ConnectedState
09-15 11:44:28.876 D/WifiStateMachine(558): handleMessage: X
09-15 11:44:28.886 D/ConnectivityService(558): ConnectivityChange for mobile_mms: CONNECTED/CONNECTED
09-15 11:44:28.946 D/Nat464Xlat(558): requiresClat: netType=2, hasIPv4Address=true
09-15 11:44:31.869 D/WifiStateMachine(558): handleMessage: E msg.what=131155
09-15 11:44:31.869 D/WifiStateMachine(558): processMsg: ConnectedState
09-15 11:44:31.869 D/WifiStateMachine(558): processMsg: L2ConnectedState
09-15 11:44:31.919 D/WifiStateMachine(558): handleMessage: X
09-15 11:44:31.969 D/Tethering(558): MasterInitialState.processMessage what=3
09-15 11:44:31.979 W/MmsService(3734): Dispatching connectivity change...
09-15 11:44:31.989 W/MmsService(3734): Dispatched...
09-15 11:44:31.989 W/MmsService(3734): NetworkInfo: NetworkInfo: type: mobile_mms[LTE], state: CONNECTED/CONNECTED, reason: connected, extra: phone, roaming: false, failover: false, isAvailable: true
09-15 11:44:31.989 W/MmsDownloadService(3734): Handling actual MMS download...
09-15 11:44:31.989 E/DatabaseUtils(833): Writing exception to parcel
09-15 11:44:31.989 E/DatabaseUtils(833): java.lang.SecurityException: No permission to write APN settings: Neither user 10216 nor current process has android.permission.WRITE_APN_SETTINGS.
09-15 11:44:31.989 E/DatabaseUtils(833): 	at android.app.ContextImpl.enforce(ContextImpl.java:1575)
09-15 11:44:31.989 E/DatabaseUtils(833): 	at android.app.ContextImpl.enforceCallingOrSelfPermission(ContextImpl.java:1604)
09-15 11:44:31.989 E/DatabaseUtils(833): 	at com.android.providers.telephony.TelephonyProvider.checkPermission(TelephonyProvider.java:784)
09-15 11:44:31.989 E/DatabaseUtils(833): 	at com.android.providers.telephony.TelephonyProvider.query(TelephonyProvider.java:511)
09-15 11:44:31.989 E/DatabaseUtils(833): 	at android.content.ContentProvider.query(ContentProvider.java:748)
09-15 11:44:31.989 E/DatabaseUtils(833): 	at android.content.ContentProvider$Transport.query(ContentProvider.java:203)
09-15 11:44:31.989 E/DatabaseUtils(833): 	at android.content.ContentProviderNative.onTransact(ContentProviderNative.java:114)
09-15 11:44:31.989 E/DatabaseUtils(833): 	at android.os.Binder.execTransact(Binder.java:388)
09-15 11:44:31.989 E/DatabaseUtils(833): 	at dalvik.system.NativeStart.run(Native Method)
09-15 11:44:31.989 W/MmsCommunication(3734): java.lang.SecurityException: No permission to write APN settings: Neither user 10216 nor current process has android.permission.WRITE_APN_SETTINGS.
09-15 11:44:31.989 W/MmsCommunication(3734): 	at android.os.Parcel.readException(Parcel.java:1440)
09-15 11:44:31.989 W/MmsCommunication(3734): 	at android.database.DatabaseUtils.readExceptionFromParcel(DatabaseUtils.java:185)
09-15 11:44:31.989 W/MmsCommunication(3734): 	at android.database.DatabaseUtils.readExceptionFromParcel(DatabaseUtils.java:137)
09-15 11:44:31.989 W/MmsCommunication(3734): 	at android.content.ContentProviderProxy.query(ContentProviderNative.java:385)
09-15 11:44:31.989 W/MmsCommunication(3734): 	at android.content.ContentResolver.query(ContentResolver.java:414)
09-15 11:44:31.989 W/MmsCommunication(3734): 	at android.content.ContentResolver.query(ContentResolver.java:357)
09-15 11:44:31.989 W/MmsCommunication(3734): 	at org.thoughtcrime.securesms.database.MmsDatabase.getCarrierMmsInformation(MmsDatabase.java:584)
09-15 11:44:31.989 W/MmsCommunication(3734): 	at org.thoughtcrime.securesms.mms.MmsCommunication.getMmsConnectionParameters(MmsCommunication.java:92)
09-15 11:44:31.989 W/MmsCommunication(3734): 	at org.thoughtcrime.securesms.mms.MmsDownloadHelper.retrieveMms(MmsDownloadHelper.java:74)
09-15 11:44:31.989 W/MmsCommunication(3734): 	at org.thoughtcrime.securesms.service.MmsDownloader.downloadMms(MmsDownloader.java:97)
09-15 11:44:31.989 W/MmsCommunication(3734): 	at org.thoughtcrime.securesms.service.MmsDownloader.handleConnectivityChange(MmsDownloader.java:176)
09-15 11:44:31.989 W/MmsCommunication(3734): 	at org.thoughtcrime.securesms.service.MmsDownloader.process(MmsDownloader.java:68)
09-15 11:44:31.989 W/MmsCommunication(3734): 	at org.thoughtcrime.securesms.service.SendReceiveService$SendReceiveWorkItem.run(SendReceiveService.java:223)
09-15 11:44:31.989 W/MmsCommunication(3734): 	at org.thoughtcrime.securesms.util.WorkerThread.run(WorkerThread.java:46)
09-15 11:44:32.039 W/MmsCommunication(3734): Checking route to address: wireless.cingular.com , 66.209.11.32
09-15 11:44:32.059 D/GCM     (871): GcmService start Intent { act=android.net.conn.CONNECTIVITY_CHANGE flg=0x8000010 cmp=com.google.android.gms/.gcm.GcmService (has extras) } android.net.conn.CONNECTIVITY_CHANGE
09-15 11:44:32.110 I/MusicLeanback(26212): Conditions not met for autocaching.
09-15 11:44:32.110 I/MusicLeanback(26212): Stop autocaching.
09-15 11:44:32.120 D/CacheService(26212): onCreate
09-15 11:44:32.120 D/CacheService(26212): onBind
09-15 11:44:32.120 I/ActivityManager(558): Start proc com.google.android.setupwizard for broadcast com.google.android.setupwizard/.MobileConnectivityChangeReceiver: pid=27336 uid=10170 gids={50170, 3003, 1028}
09-15 11:44:32.130 D/CacheService(26212): onDestroy
09-15 11:44:32.160 I/ActivityManager(558): Start proc com.google.android.gsf.login for service com.google.android.gsf.login/com.google.android.gsf.loginservice.GoogleLoginService: pid=27349 uid=10023 gids={50023, 3003, 1007, 1028, 1015, 1006, 2001, 3006}
09-15 11:44:32.180 E/PhoneMonitor(27336): onOtaspChanged old =0, new =3
09-15 11:44:32.180 V/PhoneMonitor(27336): mOtaspPhoneStateListener#onOtaspChanged, mOtaspMode=3
09-15 11:44:32.200 I/ActivityManager(558): No longer want com.google.android.setupwizard (pid 27336): empty #7
09-15 11:44:32.220 I/k9      (13356): Committing preference changes
09-15 11:44:32.220 I/ActivityManager(558): No longer want com.google.android.gsf.login (pid 27349): empty #7
09-15 11:44:32.230 I/k9      (13356): Preferences commit took 5ms
09-15 11:44:32.510 D/ConnectivityService(558): handleInetConditionHoldEnd: net=1, condition=100, published condition=100
09-15 11:44:34.923 D/WifiStateMachine(558): handleMessage: E msg.what=131155
09-15 11:44:34.923 D/WifiStateMachine(558): processMsg: ConnectedState
09-15 11:44:34.923 D/WifiStateMachine(558): processMsg: L2ConnectedState
09-15 11:44:34.993 D/WifiStateMachine(558): handleMessage: X
09-15 11:44:38.006 D/WifiStateMachine(558): handleMessage: E msg.what=131155
09-15 11:44:38.006 D/WifiStateMachine(558): processMsg: ConnectedState
09-15 11:44:38.006 D/WifiStateMachine(558): processMsg: L2ConnectedState
09-15 11:44:38.046 D/WifiStateMachine(558): handleMessage: X
09-15 11:44:41.049 D/WifiStateMachine(558): handleMessage: E msg.what=131155
09-15 11:44:41.049 D/WifiStateMachine(558): processMsg: ConnectedState
09-15 11:44:41.049 D/WifiStateMachine(558): processMsg: L2ConnectedState
09-15 11:44:41.079 D/WifiStateMachine(558): handleMessage: X
09-15 11:44:44.092 D/WifiStateMachine(558): handleMessage: E msg.what=131155
09-15 11:44:44.092 D/WifiStateMachine(558): processMsg: ConnectedState
09-15 11:44:44.092 D/WifiStateMachine(558): processMsg: L2ConnectedState
09-15 11:44:44.122 D/WifiStateMachine(558): handleMessage: X
09-15 11:44:47.126 D/WifiStateMachine(558): handleMessage: E msg.what=131155
09-15 11:44:47.126 D/WifiStateMachine(558): processMsg: ConnectedState
09-15 11:44:47.126 D/WifiStateMachine(558): processMsg: L2ConnectedState
09-15 11:44:47.156 D/WifiStateMachine(558): handleMessage: X
09-15 11:44:50.159 D/WifiStateMachine(558): handleMessage: E msg.what=131155
09-15 11:44:50.159 D/WifiStateMachine(558): processMsg: ConnectedState
09-15 11:44:50.159 D/WifiStateMachine(558): processMsg: L2ConnectedState
09-15 11:44:50.199 D/WifiStateMachine(558): handleMessage: X
09-15 11:44:52.121 W/MmsDownloader(3734): java.net.SocketTimeoutException
09-15 11:44:52.121 W/MmsDownloader(3734): 	at java.net.PlainSocketImpl.read(PlainSocketImpl.java:491)
09-15 11:44:52.121 W/MmsDownloader(3734): 	at java.net.PlainSocketImpl.access$000(PlainSocketImpl.java:46)
09-15 11:44:52.121 W/MmsDownloader(3734): 	at java.net.PlainSocketImpl$PlainSocketInputStream.read(PlainSocketImpl.java:240)
09-15 11:44:52.121 W/MmsDownloader(3734): 	at org.apache.http.impl.io.AbstractSessionInputBuffer.fillBuffer(AbstractSessionInputBuffer.java:103)
09-15 11:44:52.121 W/MmsDownloader(3734): 	at org.apache.http.impl.io.AbstractSessionInputBuffer.readLine(AbstractSessionInputBuffer.java:191)
09-15 11:44:52.121 W/MmsDownloader(3734): 	at org.apache.http.impl.conn.DefaultResponseParser.parseHead(DefaultResponseParser.java:82)
09-15 11:44:52.121 W/MmsDownloader(3734): 	at org.apache.http.impl.io.AbstractMessageParser.parse(AbstractMessageParser.java:174)
09-15 11:44:52.121 W/MmsDownloader(3734): 	at org.apache.http.impl.AbstractHttpClientConnection.receiveResponseHeader(AbstractHttpClientConnection.java:180)
09-15 11:44:52.121 W/MmsDownloader(3734): 	at org.apache.http.impl.conn.DefaultClientConnection.receiveResponseHeader(DefaultClientConnection.java:235)
09-15 11:44:52.121 W/MmsDownloader(3734): 	at org.apache.http.impl.conn.AbstractClientConnAdapter.receiveResponseHeader(AbstractClientConnAdapter.java:259)
09-15 11:44:52.121 W/MmsDownloader(3734): 	at org.apache.http.protocol.HttpRequestExecutor.doReceiveResponse(HttpRequestExecutor.java:279)
09-15 11:44:52.121 W/MmsDownloader(3734): 	at org.apache.http.protocol.HttpRequestExecutor.execute(HttpRequestExecutor.java:121)
09-15 11:44:52.121 W/MmsDownloader(3734): 	at org.apache.http.impl.client.DefaultRequestDirector.execute(DefaultRequestDirector.java:428)
09-15 11:44:52.121 W/MmsDownloader(3734): 	at org.apache.http.impl.client.AbstractHttpClient.execute(AbstractHttpClient.java:555)
09-15 11:44:52.121 W/MmsDownloader(3734): 	at org.apache.http.impl.client.AbstractHttpClient.execute(AbstractHttpClient.java:509)
09-15 11:44:52.121 W/MmsDownloader(3734): 	at android.net.http.AndroidHttpClient.execute(AndroidHttpClient.java:262)
09-15 11:44:52.121 W/MmsDownloader(3734): 	at org.thoughtcrime.securesms.mms.MmsDownloadHelper.makeRequest(MmsDownloadHelper.java:51)
09-15 11:44:52.121 W/MmsDownloader(3734): 	at org.thoughtcrime.securesms.mms.MmsDownloadHelper.retrieveMms(MmsDownloadHelper.java:82)
09-15 11:44:52.121 W/MmsDownloader(3734): 	at org.thoughtcrime.securesms.service.MmsDownloader.downloadMms(MmsDownloader.java:97)
09-15 11:44:52.121 W/MmsDownloader(3734): 	at org.thoughtcrime.securesms.service.MmsDownloader.handleConnectivityChange(MmsDownloader.java:176)
09-15 11:44:52.121 W/MmsDownloader(3734): 	at org.thoughtcrime.securesms.service.MmsDownloader.process(MmsDownloader.java:68)
09-15 11:44:52.121 W/MmsDownloader(3734): 	at org.thoughtcrime.securesms.service.SendReceiveService$SendReceiveWorkItem.run(SendReceiveService.java:223)
09-15 11:44:52.121 W/MmsDownloader(3734): 	at org.thoughtcrime.securesms.util.WorkerThread.run(WorkerThread.java:46)
09-15 11:44:52.121 W/MmsDownloadeR(3734): Falling back to radio mode and proxy...
09-15 11:44:52.121 W/MmsService(3734): Got network info: NetworkInfo: type: mobile_mms[LTE], state: CONNECTED/CONNECTED, reason: connected, extra: phone, roaming: false, failover: false, isAvailable: true
09-15 11:44:52.151 W/MmsDownloader(3734): Handling MMS download with radio change...
09-15 11:44:52.171 W/MmscProcessor(3734): startUsingNetworkFeature status: 0
09-15 11:44:52.201 W/MmsService(3734): NetworkInfo: NetworkInfo: type: mobile_mms[LTE], state: CONNECTED/CONNECTED, reason: connected, extra: phone, roaming: false, failover: false, isAvailable: true
09-15 11:44:52.201 W/MmsDownloadService(3734): Handling actual MMS download...
09-15 11:44:52.201 E/DatabaseUtils(833): Writing exception to parcel
09-15 11:44:52.201 E/DatabaseUtils(833): java.lang.SecurityException: No permission to write APN settings: Neither user 10216 nor current process has android.permission.WRITE_APN_SETTINGS.
09-15 11:44:52.201 E/DatabaseUtils(833): 	at android.app.ContextImpl.enforce(ContextImpl.java:1575)
09-15 11:44:52.201 E/DatabaseUtils(833): 	at android.app.ContextImpl.enforceCallingOrSelfPermission(ContextImpl.java:1604)
09-15 11:44:52.201 E/DatabaseUtils(833): 	at com.android.providers.telephony.TelephonyProvider.checkPermission(TelephonyProvider.java:784)
09-15 11:44:52.201 E/DatabaseUtils(833): 	at com.android.providers.telephony.TelephonyProvider.query(TelephonyProvider.java:511)
09-15 11:44:52.201 E/DatabaseUtils(833): 	at android.content.ContentProvider.query(ContentProvider.java:748)
09-15 11:44:52.201 E/DatabaseUtils(833): 	at android.content.ContentProvider$Transport.query(ContentProvider.java:203)
09-15 11:44:52.201 E/DatabaseUtils(833): 	at android.content.ContentProviderNative.onTransact(ContentProviderNative.java:114)
09-15 11:44:52.201 E/DatabaseUtils(833): 	at android.os.Binder.execTransact(Binder.java:388)
09-15 11:44:52.201 E/DatabaseUtils(833): 	at dalvik.system.NativeStart.run(Native Method)
09-15 11:44:52.201 W/MmsCommunication(3734): java.lang.SecurityException: No permission to write APN settings: Neither user 10216 nor current process has android.permission.WRITE_APN_SETTINGS.
09-15 11:44:52.201 W/MmsCommunication(3734): 	at android.os.Parcel.readException(Parcel.java:1440)
09-15 11:44:52.201 W/MmsCommunication(3734): 	at android.database.DatabaseUtils.readExceptionFromParcel(DatabaseUtils.java:185)
09-15 11:44:52.201 W/MmsCommunication(3734): 	at android.database.DatabaseUtils.readExceptionFromParcel(DatabaseUtils.java:137)
09-15 11:44:52.201 W/MmsCommunication(3734): 	at android.content.ContentProviderProxy.query(ContentProviderNative.java:385)
09-15 11:44:52.201 W/MmsCommunication(3734): 	at android.content.ContentResolver.query(ContentResolver.java:414)
09-15 11:44:52.201 W/MmsCommunication(3734): 	at android.content.ContentResolver.query(ContentResolver.java:357)
09-15 11:44:52.201 W/MmsCommunication(3734): 	at org.thoughtcrime.securesms.database.MmsDatabase.getCarrierMmsInformation(MmsDatabase.java:584)
09-15 11:44:52.201 W/MmsCommunication(3734): 	at org.thoughtcrime.securesms.mms.MmsCommunication.getMmsConnectionParameters(MmsCommunication.java:92)
09-15 11:44:52.201 W/MmsCommunication(3734): 	at org.thoughtcrime.securesms.mms.MmsDownloadHelper.retrieveMms(MmsDownloadHelper.java:74)
09-15 11:44:52.201 W/MmsCommunication(3734): 	at org.thoughtcrime.securesms.service.MmsDownloader.downloadMms(MmsDownloader.java:97)
09-15 11:44:52.201 W/MmsCommunication(3734): 	at org.thoughtcrime.securesms.service.MmsDownloader.handleConnectivityChange(MmsDownloader.java:176)
09-15 11:44:52.201 W/MmsCommunication(3734): 	at org.thoughtcrime.securesms.service.MmsDownloader.process(MmsDownloader.java:68)
09-15 11:44:52.201 W/MmsCommunication(3734): 	at org.thoughtcrime.securesms.service.SendReceiveService$SendReceiveWorkItem.run(SendReceiveService.java:223)
09-15 11:44:52.201 W/MmsCommunication(3734): 	at org.thoughtcrime.securesms.util.WorkerThread.run(WorkerThread.java:46)
09-15 11:44:52.211 W/MmsCommunication(3734): Checking route to address: wireless.cingular.com , 66.209.11.32
09-15 11:44:53.212 D/WifiStateMachine(558): handleMessage: E msg.what=131155
09-15 11:44:53.212 D/WifiStateMachine(558): processMsg: ConnectedState
09-15 11:44:53.212 D/WifiStateMachine(558): processMsg: L2ConnectedState
09-15 11:44:53.232 D/WifiStateMachine(558): handleMessage: X
09-15 11:44:56.245 D/WifiStateMachine(558): handleMessage: E msg.what=131155
09-15 11:44:56.245 D/WifiStateMachine(558): processMsg: ConnectedState
09-15 11:44:56.245 D/WifiStateMachine(558): processMsg: L2ConnectedState
09-15 11:44:56.265 D/WifiStateMachine(558): handleMessage: X
09-15 11:44:57.056 D/WifiController(558): battery changed pluggedType: 2
09-15 11:44:59.269 D/WifiStateMachine(558): handleMessage: E msg.what=131155
09-15 11:44:59.269 D/WifiStateMachine(558): processMsg: ConnectedState
09-15 11:44:59.269 D/WifiStateMachine(558): processMsg: L2ConnectedState
09-15 11:44:59.289 D/WifiStateMachine(558): handleMessage: X
09-15 11:45:00.049 I/ClockThread(685): now=1379270700058 next=59942
09-15 11:45:02.302 D/WifiStateMachine(558): handleMessage: E msg.what=131155
09-15 11:45:02.302 D/WifiStateMachine(558): processMsg: ConnectedState
09-15 11:45:02.302 D/WifiStateMachine(558): processMsg: L2ConnectedState
09-15 11:45:02.322 D/WifiStateMachine(558): handleMessage: X
09-15 11:45:05.335 D/WifiStateMachine(558): handleMessage: E msg.what=131155
09-15 11:45:05.335 D/WifiStateMachine(558): processMsg: ConnectedState
09-15 11:45:05.335 D/WifiStateMachine(558): processMsg: L2ConnectedState
09-15 11:45:05.355 D/WifiStateMachine(558): handleMessage: X
09-15 11:45:06.917 D/dalvikvm(3734): [GC Control] DisableGcInRange: toleranceRange = 4
09-15 11:45:06.917 D/dalvikvm(3734): [GC Control] disableGcInRange: Left 4194304 bytes to trigger GC (current size:30014728 bytes)
09-15 11:45:06.917 W/dalvikvm(558): [GC Control] disableGcForExternalAlloc: true
09-15 11:45:06.917 I/PowerManagerService-JNI(558): acquire_cpufreq_min_lock level=3 ...
09-15 11:45:06.917 W/dalvikvm(558): [GC Control] disableGcForExternalAlloc: false
09-15 11:45:06.917 W/dalvikvm(558): [GC Control] disableGcForExternalAlloc: true
09-15 11:45:06.917 I/PowerManagerService-JNI(558): acquire_cpunum_min_lock level=2 ...
09-15 11:45:06.927 W/dalvikvm(558): [GC Control] disableGcForExternalAlloc: false
09-15 11:45:07.948 D/dalvikvm(3734): [GC Control] nativeRestoreGc
09-15 11:45:07.948 I/PowerManagerService-JNI(558): release_cpufreq_min_lock ...
09-15 11:45:07.948 I/PowerManagerService-JNI(558): release_cpunum_min_lock ...
09-15 11:45:08.358 D/WifiStateMachine(558): handleMessage: E msg.what=131155
09-15 11:45:08.358 D/WifiStateMachine(558): processMsg: ConnectedState
09-15 11:45:08.358 D/WifiStateMachine(558): processMsg: L2ConnectedState
09-15 11:45:08.388 D/WifiStateMachine(558): handleMessage: X
09-15 11:45:11.391 D/WifiStateMachine(558): handleMessage: E msg.what=131155
09-15 11:45:11.391 D/WifiStateMachine(558): processMsg: ConnectedState
09-15 11:45:11.391 D/WifiStateMachine(558): processMsg: L2ConnectedState
09-15 11:45:11.421 D/WifiStateMachine(558): handleMessage: X
09-15 11:45:12.272 W/MmsDownloader(3734): java.net.SocketTimeoutException
09-15 11:45:12.272 W/MmsDownloader(3734): 	at java.net.PlainSocketImpl.read(PlainSocketImpl.java:491)
09-15 11:45:12.272 W/MmsDownloader(3734): 	at java.net.PlainSocketImpl.access$000(PlainSocketImpl.java:46)
09-15 11:45:12.272 W/MmsDownloader(3734): 	at java.net.PlainSocketImpl$PlainSocketInputStream.read(PlainSocketImpl.java:240)
09-15 11:45:12.272 W/MmsDownloader(3734): 	at org.apache.http.impl.io.AbstractSessionInputBuffer.fillBuffer(AbstractSessionInputBuffer.java:103)
09-15 11:45:12.272 W/MmsDownloader(3734): 	at org.apache.http.impl.io.AbstractSessionInputBuffer.readLine(AbstractSessionInputBuffer.java:191)
09-15 11:45:12.272 W/MmsDownloader(3734): 	at org.apache.http.impl.conn.DefaultResponseParser.parseHead(DefaultResponseParser.java:82)
09-15 11:45:12.272 W/MmsDownloader(3734): 	at org.apache.http.impl.io.AbstractMessageParser.parse(AbstractMessageParser.java:174)
09-15 11:45:12.272 W/MmsDownloader(3734): 	at org.apache.http.impl.AbstractHttpClientConnection.receiveResponseHeader(AbstractHttpClientConnection.java:180)
09-15 11:45:12.272 W/MmsDownloader(3734): 	at org.apache.http.impl.conn.DefaultClientConnection.receiveResponseHeader(DefaultClientConnection.java:235)
09-15 11:45:12.272 W/MmsDownloader(3734): 	at org.apache.http.impl.conn.AbstractClientConnAdapter.receiveResponseHeader(AbstractClientConnAdapter.java:259)
09-15 11:45:12.272 W/MmsDownloader(3734): 	at org.apache.http.protocol.HttpRequestExecutor.doReceiveResponse(HttpRequestExecutor.java:279)
09-15 11:45:12.272 W/MmsDownloader(3734): 	at org.apache.http.protocol.HttpRequestExecutor.execute(HttpRequestExecutor.java:121)
09-15 11:45:12.272 W/MmsDownloader(3734): 	at org.apache.http.impl.client.DefaultRequestDirector.execute(DefaultRequestDirector.java:428)
09-15 11:45:12.272 W/MmsDownloader(3734): 	at org.apache.http.impl.client.AbstractHttpClient.execute(AbstractHttpClient.java:555)
09-15 11:45:12.272 W/MmsDownloader(3734): 	at org.apache.http.impl.client.AbstractHttpClient.execute(AbstractHttpClient.java:509)
09-15 11:45:12.272 W/MmsDownloader(3734): 	at android.net.http.AndroidHttpClient.execute(AndroidHttpClient.java:262)
09-15 11:45:12.272 W/MmsDownloader(3734): 	at org.thoughtcrime.securesms.mms.MmsDownloadHelper.makeRequest(MmsDownloadHelper.java:51)
09-15 11:45:12.272 W/MmsDownloader(3734): 	at org.thoughtcrime.securesms.mms.MmsDownloadHelper.retrieveMms(MmsDownloadHelper.java:82)
09-15 11:45:12.272 W/MmsDownloader(3734): 	at org.thoughtcrime.securesms.service.MmsDownloader.downloadMms(MmsDownloader.java:97)
09-15 11:45:12.272 W/MmsDownloader(3734): 	at org.thoughtcrime.securesms.service.MmsDownloader.handleConnectivityChange(MmsDownloader.java:176)
