09-15 11:45:12.272 W/MmsDownloader(3734): 	at org.thoughtcrime.securesms.service.MmsDownloader.process(MmsDownloader.java:68)
09-15 11:45:12.272 W/MmsDownloader(3734): 	at org.thoughtcrime.securesms.service.SendReceiveService$SendReceiveWorkItem.run(SendReceiveService.java:223)
09-15 11:45:12.272 W/MmsDownloader(3734): 	at org.thoughtcrime.securesms.util.WorkerThread.run(WorkerThread.java:46)
09-15 11:45:12.312 W/MmsService(3734): Calling stop using network feature!
09-15 11:45:12.312 D/ConnectivityService(558): stopUsingNetworkFeature: teardown net 0: enableMMS
09-15 11:45:12.493 D/qdmemalloc(237): ion: Allocated buffer base:0x42bfb000 size:532480 fd:64
09-15 11:45:12.493 D/qdmemalloc(237): ion: Allocated buffer base:0x40031000 size:4096 fd:77
09-15 11:45:12.493 D/qdmemalloc(3734): ion: Mapped buffer base:0x6ae39000 size:532480 offset:0 fd:49
09-15 11:45:12.493 D/qdmemalloc(3734): ion: Mapped buffer base:0x63e13000 size:4096 offset:0 fd:50
09-15 11:45:12.493 D/ConnectivityService(558): ConnectivityChange for mobile_mms: DISCONNECTED/DISCONNECTED
09-15 11:45:12.503 E/SecondaryTablController(244): ip route del failed: /system/bin/ip route del 10.32.25.129/32 via 0.0.0.0 dev rmnet_usb0 table 60
09-15 11:45:12.503 W/FrameworkListener(244): Handler 'interface' error (No such device)
09-15 11:45:12.513 E/SecondaryTablController(244): ip route del failed: /system/bin/ip route del 0.0.0.0/0 via 10.32.25.129 dev rmnet_usb0 table 60
09-15 11:45:12.513 W/FrameworkListener(244): Handler 'interface' error (No such device)
09-15 11:45:12.523 D/NetUtils(558): android_net_utils_resetConnections in env=0x62b518c8 clazz=0xa2600001 iface=rmnet_usb0 mask=0x3
09-15 11:45:12.523 D/ConnectivityService(558): resetConnections(rmnet_usb0, 3)
09-15 11:45:12.563 D/Nat464Xlat(558): requiresClat: netType=2, hasIPv4Address=true
09-15 11:45:14.425 D/WifiStateMachine(558): handleMessage: E msg.what=131155
09-15 11:45:14.425 D/WifiStateMachine(558): processMsg: ConnectedState
09-15 11:45:14.425 D/WifiStateMachine(558): processMsg: L2ConnectedState
09-15 11:45:14.475 D/WifiStateMachine(558): handleMessage: X
09-15 11:45:14.495 D/Sensors (558): LightSensor::readEvents: Reporting mPendingEvent.light = 640.000000
09-15 11:45:15.135 D/Sensors (558): LightSensor::readEvents: Reporting mPendingEvent.light = 1280.000000
09-15 11:45:15.296 D/Sensors (558): LightSensor::readEvents: Reporting mPendingEvent.light = 640.000000
09-15 11:45:15.406 W/dalvikvm(685): [GC Control] disableGcForExternalAlloc: true
09-15 11:45:15.416 I/PanelView(685): disableGcForExternalAlloc:true
09-15 11:45:15.456 D/IMediaPlayer(248): BnMediaPlayer::onTransact(), code=7,
09-15 11:45:15.456 D/AwesomePlayer(248): [MEDIA][42077E18][A] pause (1200)
09-15 11:45:15.456 I/AwesomePlayer(248): Lock success within 0 us
09-15 11:45:15.456 D/AwesomePlayer(248): [MEDIA][42077E18][A] pause_l (1231)
09-15 11:45:15.456 D/IMediaPlayer(685): stop(169) return
09-15 11:45:15.456 D/MediaPlayer(685): release() in
09-15 11:45:15.456 D/IMediaPlayer(248): BnMediaPlayer::onTransact(), code=1,
09-15 11:45:15.456 D/AwesomePlayer(248): [MEDIA][42077E18][A] reset (520)
09-15 11:45:15.456 D/AwesomePlayer(248): [MEDIA][42077E18][A] breakNetwork (2680)
09-15 11:45:15.456 D/AwesomePlayer(248): [MEDIA][42077E18][A] reset_l (529)
09-15 11:45:15.456 D/AwesomePlayer(248): [MEDIA][42077E18] reset_l (593)
09-15 11:45:15.456 D/OMXCodec(248): [OMX.google.vorbis.decoder] +mAsyncCompletion.wait: 3798, mState = 5
09-15 11:45:15.456 D/OMXCodec(248): [OMX.google.vorbis.decoder] -mAsyncCompletion.wait
09-15 11:45:15.456 D/AwesomePlayer(248): [MEDIA][42077E18] reset_l (598)
09-15 11:45:15.456 D/AwesomePlayer(248): [MEDIA][42077E18] reset_l (648)
09-15 11:45:15.456 D/AwesomePlayer(248): [MEDIA][42077E18] reset (520)
09-15 11:45:15.456 D/AwesomePlayer(248): [MEDIA][42077E18] breakNetwork (2680)
09-15 11:45:15.456 D/AwesomePlayer(248): [MEDIA][42077E18] reset_l (529)
09-15 11:45:15.456 D/AwesomePlayer(248): [MEDIA][42077E18] reset_l (593)
09-15 11:45:15.456 D/AwesomePlayer(248): [MEDIA][42077E18] reset_l (598)
09-15 11:45:15.456 D/AwesomePlayer(248): [MEDIA][42077E18] reset_l (648)
09-15 11:45:15.456 D/AwesomePlayer(248): [MEDIA][42077E18] ~AwesomePlayer (250)
09-15 11:45:15.456 D/AwesomePlayer(248): [MEDIA][42077E18] breakNetwork (2680)
09-15 11:45:15.456 D/AwesomePlayer(248): [MEDIA][42077E18] reset (520)
09-15 11:45:15.456 D/AwesomePlayer(248): [MEDIA][42077E18] breakNetwork (2680)
09-15 11:45:15.456 D/AwesomePlayer(248): [MEDIA][42077E18] reset_l (529)
09-15 11:45:15.456 D/Sensors (558): LightSensor::readEvents: Reporting mPendingEvent.light = 320.000000
09-15 11:45:15.456 D/AwesomePlayer(248): [MEDIA][42077E18] reset_l (593)
09-15 11:45:15.456 D/AwesomePlayer(248): [MEDIA][42077E18] reset_l (598)
09-15 11:45:15.456 D/AwesomePlayer(248): [MEDIA][42077E18] reset_l (648)
09-15 11:45:15.456 D/IMediaPlayer(685): disconnect(90) return
09-15 11:45:15.456 D/IAudioFlinger(248): BnAudioFlinger::onTransact(), code=36
09-15 11:45:15.466 D/IAudioFlinger(685): releaseAudioSessionId(596) return
09-15 11:45:15.466 D/MediaPlayer(685): release() out
09-15 11:45:15.496 D/qdmemalloc(685): ion: Unmapping buffer  base:0x66b30000 size:417792
09-15 11:45:15.496 D/qdmemalloc(685): ion: Unmapping buffer  base:0x40026000 size:4096
09-15 11:45:15.496 D/qdmemalloc(685): ion: Unmapping buffer  base:0x6997d000 size:417792
09-15 11:45:15.496 D/qdmemalloc(685): ion: Unmapping buffer  base:0x62c7a000 size:4096
09-15 11:45:15.496 D/qdmemalloc(685): ion: Unmapping buffer  base:0x6a1cc000 size:417792
09-15 11:45:15.496 D/qdmemalloc(685): ion: Unmapping buffer  base:0x62c83000 size:4096
09-15 11:45:15.496 D/qdmemalloc(237): ion: Unmapping buffer  base:0x40ccf000 size:417792
09-15 11:45:15.496 D/qdmemalloc(237): ion: Unmapping buffer  base:0x401fe000 size:4096
09-15 11:45:15.496 D/qdmemalloc(237): ion: Freeing buffer base:0x0 size:417792 fd:27
09-15 11:45:15.496 D/qdmemalloc(237): ion: Freeing buffer base:0x0 size:4096 fd:31
09-15 11:45:15.556 D/qdmemalloc(237): ion: Allocated buffer base:0x45e64000 size:8355840 fd:63
09-15 11:45:15.556 D/qdmemalloc(237): ion: Allocated buffer base:0x400b9000 size:4096 fd:66
09-15 11:45:15.556 D/qdmemalloc(685): ion: Mapped buffer base:0x6d79f000 size:8355840 offset:0 fd:59
09-15 11:45:15.556 D/qdmemalloc(685): ion: Mapped buffer base:0x40026000 size:4096 offset:0 fd:60
09-15 11:45:15.576 D/qdmemalloc(237): ion: Unmapping buffer  base:0x40d35000 size:417792
09-15 11:45:15.576 D/Tethering(558): MasterInitialState.processMessage what=3
09-15 11:45:15.586 D/Tethering(558): MasterInitialState.processMessage what=3
09-15 11:45:15.586 D/qdmemalloc(237): ion: Unmapping buffer  base:0x40038000 size:4096
09-15 11:45:15.596 D/qdmemalloc(237): ion: Allocated buffer base:0x486db000 size:8355840 fd:67
09-15 11:45:15.596 D/qdmemalloc(237): ion: Freeing buffer base:0x0 size:417792 fd:36
09-15 11:45:15.596 D/qdmemalloc(237): ion: Freeing buffer base:0x0 size:4096 fd:51
09-15 11:45:15.596 D/qdmemalloc(237): ion: Allocated buffer base:0x401fe000 size:4096 fd:51
09-15 11:45:15.596 D/qdmemalloc(685): ion: Mapped buffer base:0x6dfd8000 size:8355840 offset:0 fd:61
09-15 11:45:15.596 D/qdmemalloc(685): ion: Mapped buffer base:0x62c7a000 size:4096 offset:0 fd:62
09-15 11:45:15.636 D/qdmemalloc(237): ion: Allocated buffer base:0x48ed3000 size:8355840 fd:56
09-15 11:45:15.636 D/qdmemalloc(237): ion: Allocated buffer base:0x4000d000 size:4096 fd:69
09-15 11:45:15.636 D/qdmemalloc(685): ion: Mapped buffer base:0x6e811000 size:8355840 offset:0 fd:63
09-15 11:45:15.636 D/qdmemalloc(685): ion: Mapped buffer base:0x62c83000 size:4096 offset:0 fd:64
09-15 11:45:15.636 D/CacheService(26212): onCreate
09-15 11:45:15.636 D/CacheService(26212): onBind
09-15 11:45:15.646 I/MusicLeanback(26212): Conditions not met for autocaching.
09-15 11:45:15.646 I/MusicLeanback(26212): Stop autocaching.
09-15 11:45:15.666 D/GCM     (871): GcmService start Intent { act=android.net.conn.CONNECTIVITY_CHANGE flg=0x8000010 cmp=com.google.android.gms/.gcm.GcmService (has extras) } android.net.conn.CONNECTIVITY_CHANGE
09-15 11:45:15.666 D/CacheService(26212): onDestroy
09-15 11:45:15.666 V/PanelView(685): animationTick called with dtms=0; nothing to do (h=475.83475 v=4281.4146)
09-15 11:45:15.756 D/dalvikvm(558): GC_EXPLICIT freed 1350K, 33% free 33303K/49640K, paused 3ms+8ms, total 87ms
09-15 11:45:15.776 D/Sensors (558): LightSensor::readEvents: Reporting mPendingEvent.light = 1280.000000
09-15 11:45:15.786 I/ActivityManager(558): Start proc com.google.android.setupwizard for broadcast com.google.android.setupwizard/.MobileConnectivityChangeReceiver: pid=27440 uid=10170 gids={50170, 3003, 1028}
09-15 11:45:15.836 I/ActivityManager(558): Start proc com.google.android.gsf.login for service com.google.android.gsf.login/com.google.android.gsf.loginservice.GoogleLoginService: pid=27452 uid=10023 gids={50023, 3003, 1007, 1028, 1015, 1006, 2001, 3006}
09-15 11:45:15.846 D/qdmemalloc(3734): ion: Unmapping buffer  base:0x6ae39000 size:532480
09-15 11:45:15.846 D/qdmemalloc(3734): ion: Unmapping buffer  base:0x63e13000 size:4096
09-15 11:45:15.846 E/PhoneMonitor(27440): onOtaspChanged old =0, new =3
09-15 11:45:15.846 V/PhoneMonitor(27440): mOtaspPhoneStateListener#onOtaspChanged, mOtaspMode=3
09-15 11:45:15.866 I/ActivityManager(558): No longer want com.google.android.setupwizard (pid 27440): empty #7
09-15 11:45:15.876 I/k9      (13356): Committing preference changes
09-15 11:45:15.896 I/k9      (13356): Preferences commit took 15ms
09-15 11:45:15.906 I/MusicLeanback(26212): Conditions not met for autocaching.
09-15 11:45:15.906 I/MusicLeanback(26212): Stop autocaching.
09-15 11:45:15.916 D/CacheService(26212): onCreate
09-15 11:45:15.916 D/CacheService(26212): onBind
09-15 11:45:15.916 D/GCM     (871): GcmService start Intent { act=android.net.conn.CONNECTIVITY_CHANGE flg=0x8000010 cmp=com.google.android.gms/.gcm.GcmService (has extras) } android.net.conn.CONNECTIVITY_CHANGE
09-15 11:45:15.936 D/Sensors (558): LightSensor::readEvents: Reporting mPendingEvent.light = 640.000000
09-15 11:45:15.946 D/dalvikvm(26212): GC_EXPLICIT freed 768K, 77% free 2944K/12788K, paused 1ms+2ms, total 24ms
09-15 11:45:15.966 D/CacheService(26212): onDestroy
09-15 11:45:15.966 W/dalvikvm(685): [GC Control] disableGcForExternalAlloc: false
09-15 11:45:15.966 I/PanelView(685): disableGcForExternalAlloc:false
09-15 11:45:15.966 I/NotificationRowLayout(685): setLayoutTransitionsEnabled:true
09-15 11:45:15.966 I/ActivityManager(558): Start proc com.google.android.setupwizard for broadcast com.google.android.setupwizard/.MobileConnectivityChangeReceiver: pid=27478 uid=10170 gids={50170, 3003, 1028}
09-15 11:45:15.976 W/DnsProxyListener(244): Error writing DNS result to client
09-15 11:45:15.976 W/SocketClient(244): write error (Broken pipe)
09-15 11:45:15.986 I/ActivityManager(558): No longer want com.google.android.gsf.login (pid 27452): empty #7
09-15 11:45:16.006 I/ActivityManager(558): Start proc com.google.android.gsf.login for service com.google.android.gsf.login/com.google.android.gsf.loginservice.GoogleLoginService: pid=27492 uid=10023 gids={50023, 3003, 1007, 1028, 1015, 1006, 2001, 3006}
09-15 11:45:16.026 E/PhoneMonitor(27478): onOtaspChanged old =0, new =3
09-15 11:45:16.026 V/PhoneMonitor(27478): mOtaspPhoneStateListener#onOtaspChanged, mOtaspMode=3
09-15 11:45:16.046 I/ActivityManager(558): No longer want com.google.android.setupwizard (pid 27478): empty #7
09-15 11:45:16.056 I/k9      (13356): Committing preference changes
09-15 11:45:16.066 I/k9      (13356): Preferences commit took 7ms
09-15 11:45:16.096 I/ActivityManager(558): No longer want com.google.android.gsf.login (pid 27492): empty #7
09-15 11:45:16.106 D/Sensors (558): LightSensor::readEvents: Reporting mPendingEvent.light = 320.000000
09-15 11:45:16.116 D/ConnectivityService(558): handleInetConditionHoldEnd: net=1, condition=100, published condition=100
09-15 11:45:16.397 D/qdmemalloc(237): ion: Unmapping buffer  base:0x42bfb000 size:532480
09-15 11:45:16.397 D/qdmemalloc(237): ion: Unmapping buffer  base:0x40031000 size:4096
09-15 11:45:16.397 D/qdmemalloc(237): ion: Freeing buffer base:0x0 size:532480 fd:64
09-15 11:45:16.397 D/qdmemalloc(237): ion: Freeing buffer base:0x0 size:4096 fd:77
09-15 11:45:16.497 D/XAN-DPC (558): debounceButtonLight mLightSensorEnabled = true
09-15 11:45:16.497 D/XAN-DPC (558): Short Average = 793.40814 ,Long Average = 744.8498Last Lux = 320.0
09-15 11:45:16.507 D/XAN-DPC (558): getButtonValue: LUX=320, buttonValue=0
09-15 11:45:16.507 D/DisplayPowerState(558): setButtonBrightness: mScreenOn = true ,brightness=0
09-15 11:45:17.478 D/WifiStateMachine(558): handleMessage: E msg.what=131155
09-15 11:45:17.478 D/WifiStateMachine(558): processMsg: ConnectedState
09-15 11:45:17.488 D/WifiStateMachine(558): processMsg: L2ConnectedState
09-15 11:45:17.528 D/WifiStateMachine(558): handleMessage: X
09-15 11:45:17.548 D/Sensors (558): LightSensor::readEvents: Reporting mPendingEvent.light = 640.000000
09-15 11:45:17.708 D/Sensors (558): LightSensor::readEvents: Reporting mPendingEvent.light = 1280.000000
09-15 11:45:17.978 I/PowerManagerService-JNI(558): enabling perf mode...
09-15 11:45:17.978 W/CpuWake (558): >>nativeAcquireCpuPerfWakeLock()
09-15 11:45:17.988 I/PowerManagerService-JNI(558): perf mode enabled. ret=0
09-15 11:45:17.988 W/SurfaceFlinger(237): FB is protected: PERMISSION_DENIED
09-15 11:45:17.988 W/CpuWake (558): <<nativeAcquireCpuPerfWakeLock()
09-15 11:45:17.988 I/ActivityManager(558): START u0 {act=android.settings.WIFI_SETTINGS flg=0x14000000 cmp=com.android.settings/.Settings$WifiSettingsActivity} from pid 685
09-15 11:45:17.988 W/WindowManager(558): Screenshot failure taking screenshot for (492x874) to layer 21050
09-15 11:45:17.998 W/KeyCachingService(3734): Decrementing activity count...
09-15 11:45:17.998 W/dalvikvm(685): [GC Control] disableGcForExternalAlloc: true
09-15 11:45:17.998 I/PanelView(685): disableGcForExternalAlloc:true
09-15 11:45:17.998 D/OpenGLRenderer(14566): Flushing caches (mode 0)
09-15 11:45:17.998 V/PanelView(685): animationTick called with dtms=0; nothing to do (h=1920.0 v=-6000.0)
09-15 11:45:17.998 V/PanelView(685): animationTick called with dtms=0; nothing to do (h=1920.0 v=-6000.0)
09-15 11:45:18.019 I/NotificationRowLayout(685): setLayoutTransitionsEnabled:false
09-15 11:45:18.039 D/WifiStateMachine(558): handleMessage: E msg.what=131131
09-15 11:45:18.039 D/WifiStateMachine(558): processMsg: ConnectedState
09-15 11:45:18.039 D/WifiStateMachine(558): processMsg: L2ConnectedState
09-15 11:45:18.039 D/WifiStateMachine(558): processMsg: ConnectModeState
09-15 11:45:18.039 D/WifiStateMachine(558): handleMessage: X
09-15 11:45:18.089 D/dalvikvm(14566): GC_CONCURRENT freed 1641K, 38% free 17881K/28464K, paused 2ms+7ms, total 44ms
09-15 11:45:18.119 D/WifiStateMachine(558): handleMessage: E msg.what=131131
09-15 11:45:18.119 D/WifiStateMachine(558): processMsg: ConnectedState
09-15 11:45:18.119 D/WifiStateMachine(558): processMsg: L2ConnectedState
09-15 11:45:18.119 D/WifiStateMachine(558): processMsg: ConnectModeState
09-15 11:45:18.119 D/WifiStateMachine(558): handleMessage: X
09-15 11:45:18.179 D/Sensors (558): LightSensor::readEvents: Reporting mPendingEvent.light = 640.000000
09-15 11:45:18.239 D/qdmemalloc(237): ion: Allocated buffer base:0x496cb000 size:8355840 fd:43
09-15 11:45:18.239 D/qdmemalloc(237): ion: Allocated buffer base:0x40260000 size:4096 fd:36
09-15 11:45:18.239 D/qdmemalloc(14566): ion: Mapped buffer base:0x6d888000 size:8355840 offset:0 fd:52
09-15 11:45:18.239 D/qdmemalloc(14566): ion: Mapped buffer base:0x40030000 size:4096 offset:0 fd:53
09-15 11:45:18.249 D/WifiStateMachine(558): handleMessage: E msg.what=131143
09-15 11:45:18.249 D/WifiStateMachine(558): processMsg: ConnectedState
09-15 11:45:18.249 D/WifiStateMachine(558): processMsg: L2ConnectedState
09-15 11:45:18.249 D/WifiStateMachine(558): handleMessage: X
09-15 11:45:18.259 I/ActivityManager(558): Displayed com.android.settings/.Settings$WifiSettingsActivity: +261ms
09-15 11:45:18.269 D/OpenGLRenderer(3734): Flushing caches (mode 0)
09-15 11:45:18.279 D/qdmemalloc(3734): ion: Unmapping buffer  base:0x70135000 size:8355840
09-15 11:45:18.279 D/qdmemalloc(3734): ion: Unmapping buffer  base:0x63e14000 size:4096
09-15 11:45:18.279 D/qdmemalloc(3734): ion: Unmapping buffer  base:0x7174e000 size:8355840
09-15 11:45:18.279 D/qdmemalloc(3734): ion: Unmapping buffer  base:0x63e15000 size:4096
09-15 11:45:18.279 D/qdmemalloc(3734): ion: Unmapping buffer  base:0x6db53000 size:8355840
09-15 11:45:18.279 D/qdmemalloc(3734): ion: Unmapping buffer  base:0x63e12000 size:4096
09-15 11:45:18.279 D/qdmemalloc(237): ion: Unmapping buffer  base:0x44e0e000 size:8355840
09-15 11:45:18.279 D/qdmemalloc(237): ion: Unmapping buffer  base:0x40002000 size:4096
09-15 11:45:18.279 D/qdmemalloc(237): ion: Freeing buffer base:0x0 size:8355840 fd:45
09-15 11:45:18.279 D/qdmemalloc(237): ion: Freeing buffer base:0x0 size:4096 fd:54
09-15 11:45:18.279 D/qdmemalloc(237): ion: Unmapping buffer  base:0x46e54000 size:8355840
09-15 11:45:18.279 D/qdmemalloc(237): ion: Unmapping buffer  base:0x4031f000 size:4096
09-15 11:45:18.279 D/qdmemalloc(237): ion: Freeing buffer base:0x0 size:8355840 fd:33
09-15 11:45:18.279 D/qdmemalloc(237): ion: Freeing buffer base:0x0 size:4096 fd:61
09-15 11:45:18.279 D/qdmemalloc(237): ion: Unmapping buffer  base:0x40e6b000 size:417792
09-15 11:45:18.279 D/qdmemalloc(237): ion: Unmapping buffer  base:0x40afa000 size:4096
09-15 11:45:18.279 D/qdmemalloc(237): ion: Freeing buffer base:0x0 size:417792 fd:71
09-15 11:45:18.279 D/qdmemalloc(237): ion: Freeing buffer base:0x0 size:4096 fd:73
09-15 11:45:18.289 W/dalvikvm(685): [GC Control] disableGcForExternalAlloc: false
09-15 11:45:18.289 I/PanelView(685): disableGcForExternalAlloc:false
09-15 11:45:18.329 I/NotificationRowLayout(685): setLayoutTransitionsEnabled:false
09-15 11:45:18.339 D/Sensors (558): LightSensor::readEvents: Reporting mPendingEvent.light = 1280.000000
09-15 11:45:18.369 D/qdmemalloc(237): ion: Allocated buffer base:0x44e0e000 size:8355840 fd:30
09-15 11:45:18.369 D/qdmemalloc(237): ion: Allocated buffer base:0x4031f000 size:4096 fd:34
09-15 11:45:18.369 D/qdmemalloc(14566): ion: Mapped buffer base:0x6e453000 size:8355840 offset:0 fd:54
09-15 11:45:18.369 D/qdmemalloc(14566): ion: Mapped buffer base:0x40085000 size:4096 offset:0 fd:55
09-15 11:45:18.369 D/qdmemalloc(685): ion: Unmapping buffer  base:0x6d79f000 size:8355840
09-15 11:45:18.379 D/qdmemalloc(685): ion: Unmapping buffer  base:0x40026000 size:4096
09-15 11:45:18.379 D/qdmemalloc(685): ion: Unmapping buffer  base:0x6dfd8000 size:8355840
09-15 11:45:18.379 D/qdmemalloc(685): ion: Unmapping buffer  base:0x62c7a000 size:4096
09-15 11:45:18.379 D/qdmemalloc(685): ion: Unmapping buffer  base:0x6e811000 size:8355840
09-15 11:45:18.379 D/qdmemalloc(685): ion: Unmapping buffer  base:0x62c83000 size:4096
09-15 11:45:18.379 D/qdmemalloc(237): ion: Unmapping buffer  base:0x45e64000 size:8355840
09-15 11:45:18.379 D/qdmemalloc(237): ion: Unmapping buffer  base:0x400b9000 size:4096
09-15 11:45:18.379 D/qdmemalloc(237): ion: Freeing buffer base:0x0 size:8355840 fd:63
09-15 11:45:18.379 D/qdmemalloc(237): ion: Freeing buffer base:0x0 size:4096 fd:66
09-15 11:45:18.379 D/qdmemalloc(237): ion: Unmapping buffer  base:0x486db000 size:8355840
09-15 11:45:18.379 D/qdmemalloc(237): ion: Unmapping buffer  base:0x401fe000 size:4096
09-15 11:45:18.379 D/qdmemalloc(237): ion: Freeing buffer base:0x0 size:8355840 fd:67
09-15 11:45:18.379 D/qdmemalloc(237): ion: Freeing buffer base:0x0 size:4096 fd:51
09-15 11:45:18.379 D/qdmemalloc(237): ion: Allocated buffer base:0x40ccf000 size:417792 fd:27
09-15 11:45:18.379 D/qdmemalloc(237): ion: Allocated buffer base:0x40085000 size:4096 fd:35
09-15 11:45:18.379 D/qdmemalloc(685): ion: Mapped buffer base:0x66b30000 size:417792 offset:0 fd:59
09-15 11:45:18.379 D/qdmemalloc(685): ion: Mapped buffer base:0x40026000 size:4096 offset:0 fd:60
09-15 11:45:18.389 D/dalvikvm(23686): GC_CONCURRENT freed 2898K, 35% free 11486K/17572K, paused 2ms+13ms, total 94ms
09-15 11:45:18.389 D/dalvikvm(23686): WAIT_FOR_CONCURRENT_GC blocked 66ms
09-15 11:45:18.399 D/qdmemalloc(237): ion: Allocated buffer base:0x40d35000 size:417792 fd:39
09-15 11:45:18.399 D/qdmemalloc(237): ion: Allocated buffer base:0x401fe000 size:4096 fd:51
09-15 11:45:18.399 D/qdmemalloc(685): ion: Mapped buffer base:0x6997d000 size:417792 offset:0 fd:61
09-15 11:45:18.399 D/qdmemalloc(685): ion: Mapped buffer base:0x62c7a000 size:4096 offset:0 fd:62
09-15 11:45:18.399 W/IInputConnectionWrapper(3734): showStatusIcon on inactive InputConnection
09-15 11:45:18.399 D/OpenGLRenderer(3734): Flushing caches (mode 1)
09-15 11:45:18.399 I/InputMethodManagerService(558): Disable input method client, pid=3734
09-15 11:45:18.399 I/InputMethodManagerService(558): Enable input method client, pid=14566
09-15 11:45:18.409 D/qdmemalloc(237): ion: Unmapping buffer  base:0x48ed3000 size:8355840
09-15 11:45:18.409 D/qdmemalloc(237): ion: Unmapping buffer  base:0x4000d000 size:4096
09-15 11:45:18.409 D/qdmemalloc(237): ion: Freeing buffer base:0x0 size:8355840 fd:56
09-15 11:45:18.409 D/qdmemalloc(237): ion: Freeing buffer base:0x0 size:4096 fd:69
09-15 11:45:18.499 D/Sensors (558): LightSensor::readEvents: Reporting mPendingEvent.light = 640.000000
09-15 11:45:18.659 D/Sensors (558): LightSensor::readEvents: Reporting mPendingEvent.light = 320.000000
09-15 11:45:18.950 D/qdmemalloc(237): ion: Allocated buffer base:0x40e6b000 size:417792 fd:33
09-15 11:45:18.950 D/qdmemalloc(237): ion: Allocated buffer base:0x40afa000 size:4096 fd:66
09-15 11:45:18.950 D/qdmemalloc(685): ion: Mapped buffer base:0x6a1cc000 size:417792 offset:0 fd:63
09-15 11:45:18.950 D/qdmemalloc(685): ion: Mapped buffer base:0x62c83000 size:4096 offset:0 fd:64
09-15 11:45:19.010 D/qdmemalloc(237): ion: Unmapping buffer  base:0x4665c000 size:8355840
09-15 11:45:19.010 D/qdmemalloc(237): ion: Unmapping buffer  base:0x40034000 size:4096
09-15 11:45:19.010 D/qdmemalloc(237): ion: Freeing buffer base:0x0 size:8355840 fd:72
09-15 11:45:19.010 D/qdmemalloc(237): ion: Freeing buffer base:0x0 size:4096 fd:32
09-15 11:45:19.020 D/qdmemalloc(237): ion: Allocated buffer base:0x45e64000 size:8355840 fd:63
09-15 11:45:19.020 D/qdmemalloc(237): ion: Allocated buffer base:0x400b9000 size:4096 fd:72
09-15 11:45:19.020 D/qdmemalloc(14566): ion: Mapped buffer base:0x6ec4b000 size:8355840 offset:0 fd:57
09-15 11:45:19.020 D/qdmemalloc(14566): ion: Mapped buffer base:0x400de000 size:4096 offset:0 fd:58
09-15 11:45:19.330 I/PhoneStatusBar(685): releaseTextureCache:true
09-15 11:45:19.340 D/OpenGLRenderer(685): Flushing caches (mode 1)
09-15 11:45:19.550 D/WifiService(558): setWifiEnabled: false pid=14566, uid=1000
09-15 11:45:19.550 E/WifiService(558): Invoking mWifiStateMachine.setWifiEnabled
09-15 11:45:19.560 D/WifiStateMachine(558): handleMessage: E msg.what=131084
09-15 11:45:19.560 D/WifiStateMachine(558): processMsg: ConnectedState
09-15 11:45:19.560 D/WifiStateMachine(558): processMsg: L2ConnectedState
09-15 11:45:19.560 D/WifiStateMachine(558): processMsg: ConnectModeState
09-15 11:45:19.560 D/WifiStateMachine(558): processMsg: DriverStartedState
09-15 11:45:19.560 D/WifiStateMachine(558): processMsg: SupplicantStartedState
09-15 11:45:19.560 D/WifiStateMachine(558): transitionTo: destState=WaitForP2pDisableState
09-15 11:45:19.560 D/WifiStateMachine(558): handleMessage: new destination call exit/enter
09-15 11:45:19.560 D/WifiStateMachine(558): setupTempStateStackWithStatesToEnter: X mTempStateStackCount=1,curStateInfo: state=SupplicantStartedState,active=true,parent=DefaultState
09-15 11:45:19.560 D/WifiStateMachine(558): invokeExitMethods: ConnectedState
09-15 11:45:19.560 D/WifiStateMachine(558): invokeExitMethods: L2ConnectedState
09-15 11:45:19.560 D/WifiStateMachine(558): invokeExitMethods: ConnectModeState
09-15 11:45:19.560 D/WifiStateMachine(558): invokeExitMethods: DriverStartedState
09-15 11:45:19.560 D/WifiStateMachine(558): moveTempStackToStateStack: i=0,j=2
09-15 11:45:19.560 D/WifiStateMachine(558): moveTempStackToStateStack: X mStateStackTop=2,startingIndex=2,Top=WaitForP2pDisableState
09-15 11:45:19.560 D/WifiStateMachine(558): invokeEnterMethods: WaitForP2pDisableState
09-15 11:45:19.560 D/WifiStateMachine(558): handleMessage: X
09-15 11:45:19.560 D/WifiHW  (558): close sockets 1
09-15 11:45:19.560 D/WifiP2pService(558): InactiveState{ what=131204 when=-1ms }
09-15 11:45:19.560 D/WifiP2pService(558): P2pEnabledState{ what=131204 when=-1ms }
09-15 11:45:19.560 D/WifiP2pService(558): P2pDisablingState
09-15 11:45:19.560 D/WifiDisplayController(558): Received WIFI_P2P_STATE_CHANGED_ACTION: enabled=false
09-15 11:45:19.570 D/WifiStateMachine(558): handleMessage: E msg.what=131205
09-15 11:45:19.570 D/WifiStateMachine(558): processMsg: WaitForP2pDisableState
09-15 11:45:19.570 D/WifiStateMachine(558): transitionTo: destState=SupplicantStoppingState
09-15 11:45:19.570 D/WifiStateMachine(558): handleMessage: new destination call exit/enter
09-15 11:45:19.570 D/WifiStateMachine(558): setupTempStateStackWithStatesToEnter: X mTempStateStackCount=1,curStateInfo: state=DefaultState,active=true,parent=null
09-15 11:45:19.570 D/WifiStateMachine(558): invokeExitMethods: WaitForP2pDisableState
09-15 11:45:19.570 D/WifiStateMachine(558): invokeExitMethods: SupplicantStartedState
09-15 11:45:19.570 D/WifiStateMachine(558): moveTempStackToStateStack: i=0,j=1
09-15 11:45:19.570 D/WifiStateMachine(558): moveTempStackToStateStack: X mStateStackTop=1,startingIndex=1,Top=SupplicantStoppingState
09-15 11:45:19.570 D/WifiStateMachine(558): invokeEnterMethods: SupplicantStoppingState
09-15 11:45:19.570 D/WifiStateMachine(558): Stopping DHCP and clearing IP
09-15 11:45:19.570 D/WifiStateMachine(558): setSuspendOptimizationsNative: 1 true
09-15 11:45:19.570 D/CommandListener(244): Clearing all IP addresses on wlan0
09-15 11:45:19.570 D/WifiP2pService(558): P2pDisablingState{ what=147458 when=-1ms }
09-15 11:45:19.570 D/WifiP2pService(558): p2p socket connection lost
09-15 11:45:19.570 D/WifiP2pService(558): P2pDisabledState
09-15 11:45:19.570 D/WifiDisplayAdapter(558): getWifiDisplayStatusLocked: result=WifiDisplayStatus{featureState=1, scanState=0, activeDisplayState=0, activeDisplay=null, availableDisplays=[], rememberedDisplays=[]}
09-15 11:45:19.600 D/WifiStateMachine(558): setDetailed state, old =CONNECTED and new state=DISCONNECTED
09-15 11:45:19.600 D/WifiStateTracker(558): WifiStateTracker receive NETWORK_STATE_CHANGED_ACTION intent
09-15 11:45:19.600 D/ConnectivityService(558): ConnectivityChange for WIFI: DISCONNECTED/DISCONNECTED
09-15 11:45:19.610 D/WifiStateMachine(558): stopping supplicant
09-15 11:45:19.610 D/WifiStateMachine(558): setWifiState: disabling
09-15 11:45:19.610 D/ConnectivityService(558): Attempting to switch to mobile
09-15 11:45:19.610 D/ConnectivityService(558): Attempting to switch to BLUETOOTH_TETHER
09-15 11:45:19.620 D/WifiStateMachine(558): handleMessage: X
09-15 11:45:19.620 D/WifiStateMachine(558): handleMessage: E msg.what=131131
09-15 11:45:19.620 D/WifiStateMachine(558): processMsg: SupplicantStoppingState
09-15 11:45:19.620 D/WifiStateMachine(558): processMsg: DefaultState
09-15 11:45:19.620 D/WifiStateMachine(558): handleMessage: X
09-15 11:45:19.620 D/NetUtils(558): android_net_utils_resetConnections in env=0x62b518c8 clazz=0xb2b00001 iface=wlan0 mask=0x3
09-15 11:45:19.620 D/ConnectivityService(558): resetConnections(wlan0, 3)
09-15 11:45:19.620 D/BluetoothAdapter(14566): 1110831352: getState() :  mService = null. Returning STATE_OFF
09-15 11:45:19.650 I/ActivityManager(558): Start proc com.google.android.keep for broadcast com.google.android.keep/.notification.AlertReceiver: pid=27527 uid=10202 gids={50202, 3003, 1015, 1028}
09-15 11:45:19.660 I/wpa_supplicant(26042): p2p0: CTRL-EVENT-TERMINATING 
09-15 11:45:19.660 I/wpa_supplicant(26042): CTRL_IFACE monitor[0]: 2 - No such file or directory
09-15 11:45:19.680 I/wpa_supplicant(26042): wlan0: CTRL-EVENT-DISCONNECTED bssid=00:17:3f:7f:ce:ee reason=3 locally_generated=1
09-15 11:45:19.690 D/WifiStateMachine(558): handleMessage: E msg.what=147460
09-15 11:45:19.690 D/WifiStateMachine(558): processMsg: SupplicantStoppingState
09-15 11:45:19.690 D/WifiStateMachine(558): processMsg: DefaultState
09-15 11:45:19.690 D/WifiStateMachine(558): handleMessage: X
09-15 11:45:19.690 D/WifiStateMachine(558): handleMessage: E msg.what=147462
09-15 11:45:19.690 D/WifiStateMachine(558): processMsg: SupplicantStoppingState
09-15 11:45:19.690 D/WifiStateMachine(558): processMsg: DefaultState
09-15 11:45:19.690 D/WifiStateMachine(558): handleMessage: X
09-15 11:45:19.700 D/Nat464Xlat(558): requiresClat: netType=1, hasIPv4Address=false
09-15 11:45:19.700 W/Smack/Packet(871): notify conn break (IOEx), close connection
09-15 11:45:19.770 D/WifiStateMachine(558): handleMessage: E msg.what=196614
09-15 11:45:19.770 D/WifiStateMachine(558): processMsg: SupplicantStoppingState
09-15 11:45:19.770 D/WifiStateMachine(558): processMsg: DefaultState
09-15 11:45:19.770 D/WifiStateMachine(558): handleMessage: X
09-15 11:45:19.820 I/ActivityManager(558): No longer want com.google.android.music:main (pid 26212): empty #7
09-15 11:45:19.850 I/qtaguid (871): Failed write_ctrl(u 69) res=-1 errno=22
09-15 11:45:19.850 I/qtaguid (871): Untagging socket 69 failed errno=-22
09-15 11:45:19.850 W/NetworkManagementSocketTagger(871): untagSocket(69) failed with errno -22
09-15 11:45:19.860 D/ConnectivityService(558): handleInetConditionChange: no active default network - ignore
09-15 11:45:19.951 D/Sensors (558): LightSensor::readEvents: Reporting mPendingEvent.light = 640.000000
09-15 11:45:19.991 I/PowerManagerService-JNI(558): disabling perf mode...
09-15 11:45:19.991 I/PowerManagerService-JNI(558): perf mode disabled. ret=0
09-15 11:45:19.991 W/CpuWake (558): >>nativeReleaseCpuPerfWakeLock()
09-15 11:45:19.991 W/CpuWake (558): <<nativeReleaseCpuPerfWakeLock()
09-15 11:45:20.431 D/Sensors (558): LightSensor::readEvents: Reporting mPendingEvent.light = 320.000000
09-15 11:45:20.521 D/WifiStateMachine(558): handleMessage: E msg.what=131155
09-15 11:45:20.521 D/WifiStateMachine(558): processMsg: SupplicantStoppingState
09-15 11:45:20.521 D/WifiStateMachine(558): processMsg: DefaultState
09-15 11:45:20.521 D/WifiStateMachine(558): handleMessage: X
09-15 11:45:20.551 I/wpa_supplicant(26042): wlan0: CTRL-EVENT-TERMINATING 
09-15 11:45:20.551 D/WifiStateMachine(558): handleMessage: E msg.what=147458
09-15 11:45:20.551 D/WifiStateMachine(558): processMsg: SupplicantStoppingState
09-15 11:45:20.551 D/WifiStateMachine(558): Supplicant connection lost
09-15 11:45:20.551 D/WifiHW  (558): wifi_stop_supplicant enter
09-15 11:45:20.551 D/Tethering(558): InitialState.processMessage what=4
09-15 11:45:20.551 D/WifiHW  (558): wifi_stop_supplicant end right 2
09-15 11:45:20.551 D/WifiStateMachine(558): setWifiState: disabled
09-15 11:45:20.551 D/WifiStateMachine(558): transitionTo: destState=InitialState
09-15 11:45:20.551 D/WifiStateMachine(558): handleMessage: new destination call exit/enter
09-15 11:45:20.551 D/WifiStateMachine(558): setupTempStateStackWithStatesToEnter: X mTempStateStackCount=1,curStateInfo: state=DefaultState,active=true,parent=null
09-15 11:45:20.551 D/WifiStateMachine(558): invokeExitMethods: SupplicantStoppingState
09-15 11:45:20.551 D/WifiStateMachine(558): moveTempStackToStateStack: i=0,j=1
09-15 11:45:20.551 D/WifiStateMachine(558): moveTempStackToStateStack: X mStateStackTop=1,startingIndex=1,Top=InitialState
09-15 11:45:20.551 D/WifiStateMachine(558): invokeEnterMethods: InitialState
09-15 11:45:20.551 D/WifiHW  (558): wifi_unload_driver enter
09-15 11:45:20.551 D/Tethering(558): sendTetherStateChangedBroadcast 0, 0, 0
09-15 11:45:20.571 D/BluetoothAdapter(14566): 1110831352: getState() :  mService = null. Returning STATE_OFF
09-15 11:45:20.591 D/Sensors (558): LightSensor::readEvents: Reporting mPendingEvent.light = 640.000000
09-15 11:45:20.621 D/DHCP    (240): ===== DHCP message:
09-15 11:45:20.621 D/DHCP    (240): op = BOOTREQUEST (1), htype = 1, hlen = 6, hops = 0
09-15 11:45:20.621 D/DHCP    (240): xid = 0x4ee2dc00 secs = 0, flags = 0x8000 optlen = 14
09-15 11:45:20.621 D/DHCP    (240): ciaddr = 0.0.0.0
09-15 11:45:20.621 D/DHCP    (240): yiaddr = 0.0.0.0
09-15 11:45:20.621 D/DHCP    (240): siaddr = 0.0.0.0
09-15 11:45:20.621 D/DHCP    (240): giaddr = 0.0.0.0
09-15 11:45:20.621 D/DHCP    (240): chaddr = { 00  00  00  00  00  00 }
09-15 11:45:20.621 D/DHCP    (240): sname = ''
09-15 11:45:20.621 D/DHCP    (240): file = ''
09-15 11:45:20.621 D/DHCP    (240): op 53 len 1 { 01 } discover
09-15 11:45:20.621 D/DHCP    (240): op 55 len 4 { 01  03  06  1c } 
09-15 11:45:20.621 D/DHCP    (240): ===== DHCP message:
09-15 11:45:20.621 D/DHCP    (240): op = BOOTREPLY (2), htype = 1, hlen = 6, hops = 0
09-15 11:45:20.621 D/DHCP    (240): xid = 0x4ee2dc00 secs = 0, flags = 0x8000 optlen = 42
09-15 11:45:20.621 D/DHCP    (240): ciaddr = 0.0.0.0
09-15 11:45:20.621 D/DHCP    (240): yiaddr = 10.32.25.159
09-15 11:45:20.621 D/DHCP    (240): siaddr = 10.32.25.129
09-15 11:45:20.621 D/DHCP    (240): giaddr = 0.0.0.0
09-15 11:45:20.621 D/DHCP    (240): chaddr = { 00  00  00  00  00  00 }
09-15 11:45:20.621 D/DHCP    (240): sname = ''
09-15 11:45:20.621 D/DHCP    (240): file = ''
09-15 11:45:20.621 D/DHCP    (240): op 53 len 1 { 02 } offer
09-15 11:45:20.621 D/DHCP    (240): op 1 len 4 { ff  ff  ff  c0 } 
09-15 11:45:20.621 D/DHCP    (240): op 3 len 4 { 0a  20  19  81 } 
09-15 11:45:20.621 D/DHCP    (240): op 6 len 8 { ac  1a  26  01  ac  1a  26  02 } 
09-15 11:45:20.621 D/DHCP    (240): op 51 len 4 { 00  00  1c  20 } 
09-15 11:45:20.621 D/DHCP    (240): op 54 len 4 { 0a  20  19  81 } 
09-15 11:45:20.621 D/DHCP    (240): --- dhcp offer (2) ---
09-15 11:45:20.621 D/DHCP    (240): ip 10.32.25.159 gw 10.32.25.129 prefixLength 26
09-15 11:45:20.621 D/DHCP    (240): dns1: 172.26.38.1
09-15 11:45:20.621 D/DHCP    (240): dns2: 172.26.38.2
09-15 11:45:20.621 D/DHCP    (240): server 10.32.25.129, lease 7200 seconds
09-15 11:45:20.621 D/DHCP    (240): ===== DHCP message:
09-15 11:45:20.621 D/DHCP    (240): op = BOOTREQUEST (1), htype = 1, hlen = 6, hops = 0
09-15 11:45:20.621 D/DHCP    (240): xid = 0x4fe2dc00 secs = 0, flags = 0x8000 optlen = 26
09-15 11:45:20.621 D/DHCP    (240): ciaddr = 0.0.0.0
09-15 11:45:20.621 D/DHCP    (240): yiaddr = 0.0.0.0
09-15 11:45:20.621 D/DHCP    (240): siaddr = 0.0.0.0
09-15 11:45:20.621 D/DHCP    (240): giaddr = 0.0.0.0
09-15 11:45:20.621 D/DHCP    (240): chaddr = { 00  00  00  00  00  00 }
09-15 11:45:20.621 D/DHCP    (240): sname = ''
09-15 11:45:20.621 D/DHCP    (240): file = ''
09-15 11:45:20.621 D/DHCP    (240): op 53 len 1 { 03 } request
09-15 11:45:20.621 D/DHCP    (240): op 55 len 4 { 01  03  06  1c } 
09-15 11:45:20.621 D/DHCP    (240): op 50 len 4 { 0a  20  19  9f } 
09-15 11:45:20.621 D/DHCP    (240): op 54 len 4 { 0a  20  19  81 } 
09-15 11:45:20.631 D/DHCP    (240): ===== DHCP message:
09-15 11:45:20.631 D/DHCP    (240): op = BOOTREPLY (2), htype = 1, hlen = 6, hops = 0
09-15 11:45:20.631 D/DHCP    (240): xid = 0x4fe2dc00 secs = 0, flags = 0x8000 optlen = 42
09-15 11:45:20.631 D/DHCP    (240): ciaddr = 0.0.0.0
09-15 11:45:20.631 D/DHCP    (240): yiaddr = 10.32.25.159
09-15 11:45:20.631 D/DHCP    (240): siaddr = 10.32.25.129
09-15 11:45:20.631 D/DHCP    (240): giaddr = 0.0.0.0
09-15 11:45:20.631 D/DHCP    (240): chaddr = { 00  00  00  00  00  00 }
09-15 11:45:20.631 D/DHCP    (240): sname = ''
09-15 11:45:20.631 D/DHCP    (240): file = ''
09-15 11:45:20.631 D/DHCP    (240): op 53 len 1 { 05 } ack
09-15 11:45:20.631 D/DHCP    (240): op 1 len 4 { ff  ff  ff  c0 } 
09-15 11:45:20.631 D/DHCP    (240): op 3 len 4 { 0a  20  19  81 } 
09-15 11:45:20.631 D/DHCP    (240): op 6 len 8 { ac  1a  26  01  ac  1a  26  02 } 
09-15 11:45:20.631 D/DHCP    (240): op 54 len 4 { 0a  20  19  81 } 
09-15 11:45:20.631 D/DHCP    (240): op 51 len 4 { 00  00  1c  20 } 
09-15 11:45:20.631 D/DHCP    (240): --- dhcp ack (5) ---
09-15 11:45:20.631 D/DHCP    (240): ip 10.32.25.159 gw 10.32.25.129 prefixLength 26
09-15 11:45:20.631 D/DHCP    (240): dns1: 172.26.38.1
09-15 11:45:20.631 D/DHCP    (240): dns2: 172.26.38.2
09-15 11:45:20.631 D/DHCP    (240): server 10.32.25.129, lease 7200 seconds
09-15 11:45:20.631 D/DHCP    (240): configuring rmnet_usb0
09-15 11:45:20.751 D/WifiHW  (558): wifi_unload_driver no load module
09-15 11:45:20.751 D/WifiStateMachine(558): handleMessage: X
09-15 11:45:20.751 D/WifiStateMachine(558): handleMessage: E msg.what=131101
09-15 11:45:20.751 D/WifiStateMachine(558): processMsg: InitialState
09-15 11:45:20.751 D/WifiStateMachine(558): processMsg: DefaultState
09-15 11:45:20.751 D/WifiStateMachine(558): handleMessage: X
09-15 11:45:20.781 D/ConnectivityService(558): ConnectivityChange for mobile: CONNECTED/CONNECTED
09-15 11:45:20.791 D/Nat464Xlat(558): requiresClat: netType=0, hasIPv4Address=true
09-15 11:45:21.042 D/qdmemalloc(237): ion: Allocated buffer base:0x44356000 size:1835008 fd:82
09-15 11:45:21.042 D/qdmemalloc(237): ion: Allocated buffer base:0x40afc000 size:4096 fd:83
09-15 11:45:21.042 D/qdmemalloc(558): ion: Mapped buffer base:0x6f35c000 size:1835008 offset:0 fd:215
09-15 11:45:21.042 D/qdmemalloc(558): ion: Mapped buffer base:0x59a1a000 size:4096 offset:0 fd:241
09-15 11:45:21.042 D/qdmemalloc(237): ion: Unmapping buffer  base:0x44356000 size:1835008
09-15 11:45:21.042 D/qdmemalloc(237): ion: Unmapping buffer  base:0x40afc000 size:4096
09-15 11:45:21.042 D/qdmemalloc(237): ion: Freeing buffer base:0x0 size:1835008 fd:82
09-15 11:45:21.042 D/qdmemalloc(237): ion: Freeing buffer base:0x0 size:4096 fd:83
09-15 11:45:21.042 D/qdmemalloc(237): ion: Mapped buffer base:0x442d6000 size:1835008 offset:0 fd:84
09-15 11:45:21.042 D/qdmemalloc(237): ion: Mapped buffer base:0x40afc000 size:4096 offset:0 fd:87
09-15 11:45:21.052 D/qdmemalloc(558): ion: Unmapping buffer  base:0x6f35c000 size:1835008
09-15 11:45:21.052 D/qdmemalloc(558): ion: Unmapping buffer  base:0x59a1a000 size:4096
09-15 11:45:21.092 W/KeyUtil (3734): Checking session...
09-15 11:45:21.092 W/LocalKeyRecord(3734): Checking: 7-local
09-15 11:45:21.092 I/InputMethodManager(3734): startInput, mServedView=android.widget.EditText{4269e2a0 VFED..CL .F....ID 156,15-912,132 #7f06004a app:id/embedded_text_editor}, inputType=0x2c041, packageName=org.thoughtcrime.securesms
09-15 11:45:21.092 E/DatabaseUtils(833): Writing exception to parcel
09-15 11:45:21.092 E/DatabaseUtils(833): java.lang.SecurityException: No permission to write APN settings: Neither user 10216 nor current process has android.permission.WRITE_APN_SETTINGS.
09-15 11:45:21.092 E/DatabaseUtils(833): 	at android.app.ContextImpl.enforce(ContextImpl.java:1575)
09-15 11:45:21.092 E/DatabaseUtils(833): 	at android.app.ContextImpl.enforceCallingOrSelfPermission(ContextImpl.java:1604)
09-15 11:45:21.092 E/DatabaseUtils(833): 	at com.android.providers.telephony.TelephonyProvider.checkPermission(TelephonyProvider.java:784)
09-15 11:45:21.092 E/DatabaseUtils(833): 	at com.android.providers.telephony.TelephonyProvider.query(TelephonyProvider.java:511)
09-15 11:45:21.092 E/DatabaseUtils(833): 	at android.content.ContentProvider.query(ContentProvider.java:748)
09-15 11:45:21.092 E/DatabaseUtils(833): 	at android.content.ContentProvider$Transport.query(ContentProvider.java:203)
09-15 11:45:21.092 E/DatabaseUtils(833): 	at android.content.ContentProviderNative.onTransact(ContentProviderNative.java:114)
09-15 11:45:21.092 E/DatabaseUtils(833): 	at android.os.Binder.execTransact(Binder.java:388)
09-15 11:45:21.092 E/DatabaseUtils(833): 	at dalvik.system.NativeStart.run(Native Method)
09-15 11:45:21.092 W/InputMethodManagerService(558): Starting input on non-focused client com.android.internal.view.IInputMethodClient$Stub$Proxy@41e909a0 (uid=10216 pid=3734), inputType=0x2c041
09-15 11:45:21.102 W/MmsCommunication(3734): java.lang.SecurityException: No permission to write APN settings: Neither user 10216 nor current process has android.permission.WRITE_APN_SETTINGS.
09-15 11:45:21.102 W/MmsCommunication(3734): 	at android.os.Parcel.readException(Parcel.java:1440)
09-15 11:45:21.102 W/MmsCommunication(3734): 	at android.database.DatabaseUtils.readExceptionFromParcel(DatabaseUtils.java:185)
09-15 11:45:21.102 W/MmsCommunication(3734): 	at android.database.DatabaseUtils.readExceptionFromParcel(DatabaseUtils.java:137)
09-15 11:45:21.102 W/MmsCommunication(3734): 	at android.content.ContentProviderProxy.query(ContentProviderNative.java:385)
09-15 11:45:21.102 W/MmsCommunication(3734): 	at android.content.ContentResolver.query(ContentResolver.java:414)
09-15 11:45:21.102 W/MmsCommunication(3734): 	at android.content.ContentResolver.query(ContentResolver.java:357)
09-15 11:45:21.102 W/MmsCommunication(3734): 	at org.thoughtcrime.securesms.database.MmsDatabase.getCarrierMmsInformation(MmsDatabase.java:584)
09-15 11:45:21.102 W/MmsCommunication(3734): 	at org.thoughtcrime.securesms.mms.MmsCommunication.getMmsConnectionParameters(MmsCommunication.java:92)
09-15 11:45:21.102 W/MmsCommunication(3734): 	at org.thoughtcrime.securesms.mms.MmsSendHelper.hasNecessaryApnDetails(MmsSendHelper.java:119)
09-15 11:45:21.102 W/MmsCommunication(3734): 	at org.thoughtcrime.securesms.ConversationActivity$7.doInBackground(ConversationActivity.java:569)
09-15 11:45:21.102 W/MmsCommunication(3734): 	at org.thoughtcrime.securesms.ConversationActivity$7.doInBackground(ConversationActivity.java:566)
09-15 11:45:21.102 W/MmsCommunication(3734): 	at android.os.AsyncTask$2.call(AsyncTask.java:287)
09-15 11:45:21.102 W/MmsCommunication(3734): 	at java.util.concurrent.FutureTask.run(FutureTask.java:234)
09-15 11:45:21.102 W/MmsCommunication(3734): 	at android.os.AsyncTask$SerialExecutor$1.run(AsyncTask.java:230)
09-15 11:45:21.102 W/MmsCommunication(3734): 	at java.util.concurrent.ThreadPoolExecutor.runWorker(ThreadPoolExecutor.java:1080)
09-15 11:45:21.102 W/MmsCommunication(3734): 	at java.util.concurrent.ThreadPoolExecutor$Worker.run(ThreadPoolExecutor.java:573)
09-15 11:45:21.102 W/MmsCommunication(3734): 	at java.lang.Thread.run(Thread.java:841)
09-15 11:45:21.112 W/KeyCachingService(3734): Incrementing activity count...
09-15 11:45:21.122 I/InputMethodManager(3734): windowGainedFocus, mServedView=android.widget.EditText{4269e2a0 VFED..CL .F....ID 156,15-912,132 #7f06004a app:id/embedded_text_editor}, inputType=0x2c041, packageName=org.thoughtcrime.securesms, softInputMode=0x11
09-15 11:45:21.122 I/InputMethodManagerService(558): windowGainedFocus, inputState=1, softInputMode=0x11, pid=3734
09-15 11:45:21.122 I/InputMethodManagerService(558): windowGainedFocus, packageName=org.thoughtcrime.securesms, inputType=0x2c041
09-15 11:45:21.122 I/InputMethodManagerService(558): Disable input method client, pid=14566
09-15 11:45:21.122 I/InputMethodManagerService(558): Enable input method client, pid=3734
09-15 11:45:21.142 D/qdmemalloc(237): ion: Allocated buffer base:0x4665c000 size:8355840 fd:54
09-15 11:45:21.142 D/qdmemalloc(237): ion: Allocated buffer base:0x40afd000 size:4096 fd:67
09-15 11:45:21.142 D/qdmemalloc(3734): ion: Mapped buffer base:0x6db53000 size:8355840 offset:0 fd:48
09-15 11:45:21.142 D/qdmemalloc(3734): ion: Mapped buffer base:0x63e12000 size:4096 offset:0 fd:49
09-15 11:45:21.152 W/MmsSmsDatabase(3734): Executing query: SELECT _id, body, read, type, address, subject, thread_id, status, date_sent, date_received, m_type, msg_box, part_count, ct_l, tr_id, m_size, exp, st, transport_type FROM (SELECT DISTINCT date_sent * 1 AS date_sent, date * 1 AS date_received, _id, body, read, thread_id, type, address, subject, NULL AS m_type, NULL AS msg_box, status, NULL AS part_count, NULL AS ct_l, NULL AS tr_id, NULL AS m_size, NULL AS exp, NULL AS st, 'sms' AS transport_type FROM sms WHERE (read = 0) UNION ALL SELECT DISTINCT date * 1000 AS date_sent, date_received * 1000 AS date_received, _id, body, read, thread_id, NULL AS type, address, NULL AS subject, m_type, msg_box, NULL AS status, part_count, ct_l, tr_id, m_size, exp, st, 'mms' AS transport_type FROM mms WHERE (read = 0) ORDER BY date_received ASC)
09-15 11:45:21.152 D/OpenGLRenderer(14566): Flushing caches (mode 0)
09-15 11:45:21.152 W/NotificationState(3734): Added thread: 9
09-15 11:45:21.152 W/NotificationState(3734): Pending array off intent length: 1
09-15 11:45:21.152 D/qdmemalloc(14566): ion: Unmapping buffer  base:0x6d888000 size:8355840
09-15 11:45:21.152 D/qdmemalloc(14566): ion: Unmapping buffer  base:0x40030000 size:4096
09-15 11:45:21.152 D/qdmemalloc(14566): ion: Unmapping buffer  base:0x6e453000 size:8355840
09-15 11:45:21.152 D/qdmemalloc(14566): ion: Unmapping buffer  base:0x40085000 size:4096
09-15 11:45:21.152 D/qdmemalloc(14566): ion: Unmapping buffer  base:0x6ec4b000 size:8355840
09-15 11:45:21.152 D/qdmemalloc(14566): ion: Unmapping buffer  base:0x400de000 size:4096
09-15 11:45:21.152 D/qdmemalloc(237): ion: Unmapping buffer  base:0x45e64000 size:8355840
09-15 11:45:21.162 D/qdmemalloc(237): ion: Unmapping buffer  base:0x400b9000 size:4096
09-15 11:45:21.162 D/qdmemalloc(237): ion: Freeing buffer base:0x0 size:8355840 fd:63
09-15 11:45:21.162 D/qdmemalloc(237): ion: Freeing buffer base:0x0 size:4096 fd:72
09-15 11:45:21.172 D/qdmemalloc(237): ion: Unmapping buffer  base:0x442d6000 size:1835008
09-15 11:45:21.172 D/qdmemalloc(237): ion: Unmapping buffer  base:0x40afc000 size:4096
09-15 11:45:21.172 D/qdmemalloc(237): ion: Unmapping buffer  base:0x496cb000 size:8355840
09-15 11:45:21.172 D/qdmemalloc(237): ion: Unmapping buffer  base:0x40260000 size:4096
09-15 11:45:21.172 D/qdmemalloc(237): ion: Freeing buffer base:0x0 size:8355840 fd:43
09-15 11:45:21.172 D/qdmemalloc(237): ion: Freeing buffer base:0x0 size:4096 fd:36
09-15 11:45:21.182 I/RemoteViews.Performance(685): apply:org.thoughtcrime.securesms prepareContext:0 performApply:4 actionsCount:12 bitmapMemory:0.144
09-15 11:45:21.182 W/SQLiteCursor(3734): Close cursor android.database.sqlite.SQLiteCursor@42f7d480 on null twice or more
09-15 11:45:21.182 I/RemoteViews.Performance(685): apply:org.thoughtcrime.securesms prepareContext:1 inflateContent:1 performApply:0 actionsCount:4 bitmapMemory:0.0
09-15 11:45:21.192 I/RemoteViews.Performance(685): apply:org.thoughtcrime.securesms prepareContext:0 performApply:9 actionsCount:21 bitmapMemory:0.144
09-15 11:45:21.783 D/ConnectivityService(558): NetTransition Wakelock for ConnectedState released by timeout
09-15 11:45:21.913 D/qdmemalloc(237): ion: Unmapping buffer  base:0x44e0e000 size:8355840
09-15 11:45:21.913 D/qdmemalloc(237): ion: Unmapping buffer  base:0x4031f000 size:4096
09-15 11:45:21.913 D/qdmemalloc(237): ion: Freeing buffer base:0x0 size:8355840 fd:30
09-15 11:45:21.913 D/qdmemalloc(237): ion: Freeing buffer base:0x0 size:4096 fd:34
09-15 11:45:21.953 D/qdmemalloc(237): ion: Allocated buffer base:0x44e0e000 size:8355840 fd:45
09-15 11:45:21.953 D/qdmemalloc(237): ion: Allocated buffer base:0x40024000 size:4096 fd:61
09-15 11:45:21.963 D/qdmemalloc(3734): ion: Mapped buffer base:0x6e364000 size:8355840 offset:0 fd:45
09-15 11:45:21.963 D/qdmemalloc(3734): ion: Mapped buffer base:0x63e13000 size:4096 offset:0 fd:50
09-15 11:45:21.963 D/OpenGLRenderer(14566): Flushing caches (mode 0)
09-15 11:45:21.963 D/OpenGLRenderer(14566): Flushing caches (mode 1)
09-15 11:45:22.183 D/qdmemalloc(237): ion: Allocated buffer base:0x45e64000 size:8355840 fd:29
09-15 11:45:22.183 D/qdmemalloc(237): ion: Allocated buffer base:0x40086000 size:4096 fd:72
09-15 11:45:22.183 D/qdmemalloc(3734): ion: Mapped buffer base:0x6f41f000 size:8355840 offset:0 fd:53
09-15 11:45:22.183 D/qdmemalloc(3734): ion: Mapped buffer base:0x63e14000 size:4096 offset:0 fd:54
09-15 11:45:22.493 D/XAN-DPC (558): debounceButtonLight mLightSensorEnabled = true
09-15 11:45:22.493 D/XAN-DPC (558): Short Average = 571.28217 ,Long Average = 676.2788Last Lux = 640.0
09-15 11:45:22.503 D/XAN-DPC (558): getButtonValue: LUX=640, buttonValue=0
09-15 11:45:22.503 D/DisplayPowerState(558): setButtonBrightness: mScreenOn = true ,brightness=0
09-15 11:45:22.503 D/XAN-DPC (558): getButtonValue: LUX=676, buttonValue=0
09-15 11:45:22.714 D/Tethering(558): MasterInitialState.processMessage what=3
09-15 11:45:22.774 I/ActivityManager(558): Start proc com.google.android.music:main for broadcast com.google.android.music/.leanback.AutoCacheSchedulingService$ActionReceiver: pid=27566 uid=10145 gids={50145, 3003, 1015, 1028}
09-15 11:45:22.844 I/GTalkService/c(871): [AndroidEndpoint@1106462040] connect: acct=1000000, state=CONNECTING
09-15 11:45:22.874 I/MusicStore(27566): Database version: 72
09-15 11:45:22.944 D/WifiDisplayAdapter(558): getWifiDisplayStatusLocked: result=WifiDisplayStatus{featureState=1, scanState=0, activeDisplayState=0, activeDisplay=null, availableDisplays=[], rememberedDisplays=[]}
09-15 11:45:22.944 D/IAudioPolicyService(248): BnAudioPolicyService::onTransact(), code=24
09-15 11:45:22.944 D/IAudioPolicyService(558): getDevicesForStream(306) return
09-15 11:45:22.944 I/MediaRouter(27566): Found default route: MediaRouter.RouteInfo{ uniqueId=android:DEFAULT_ROUTE, name=Phone, description=null, enabled=true, connecting=false, playbackType=0, playbackStream=3, volumeHandling=1, volume=11, volumeMax=15, presentationDisplayId=-1, extras=null, providerPackageName=android }
09-15 11:45:22.944 D/WifiDisplayAdapter(558): getWifiDisplayStatusLocked: result=WifiDisplayStatus{featureState=1, scanState=0, activeDisplayState=0, activeDisplay=null, availableDisplays=[], rememberedDisplays=[]}
09-15 11:45:22.984 W/MmsDownloadClickListener(3734): Content location: http://166.216.230.5:8005/0915184337400009000030000
