09-15 11:45:22.984 D/PicasaSyncManager(26249): active network: NetworkInfo: type: mobile[LTE], state: CONNECTED/CONNECTED, reason: connected, extra: phone, roaming: false, failover: true, isAvailable: true
09-15 11:45:22.984 I/ActivityManager(558): No longer want com.google.android.apps.uploader (pid 26666): empty #7
09-15 11:45:22.994 D/GCM     (871): GcmService start Intent { act=android.net.conn.CONNECTIVITY_CHANGE flg=0x8000010 cmp=com.google.android.gms/.gcm.GcmService (has extras) } android.net.conn.CONNECTIVITY_CHANGE
09-15 11:45:23.024 I/ActivityManager(558): Start proc com.google.android.apps.uploader for broadcast com.google.android.apps.uploader/com.google.android.picasasync.ConnectivityReceiver: pid=27604 uid=10143 gids={50143, 3003, 1015, 1028}
09-15 11:45:23.094 D/dalvikvm(558): GC_EXPLICIT freed 4074K, 32% free 34203K/49640K, paused 6ms+9ms, total 122ms
09-15 11:45:23.094 D/dalvikvm(833): GC_CONCURRENT freed 2021K, 72% free 3618K/12788K, paused 1ms+2ms, total 32ms
09-15 11:45:23.094 I/ActivityManager(558): Start proc com.google.android.setupwizard for broadcast com.google.android.setupwizard/.MobileConnectivityChangeReceiver: pid=27622 uid=10170 gids={50170, 3003, 1028}
09-15 11:45:23.114 D/dalvikvm(246): GC_EXPLICIT freed 40K, 80% free 2562K/12788K, paused 2ms+2ms, total 16ms
09-15 11:45:23.124 D/dalvikvm(246): GC_EXPLICIT freed <1K, 80% free 2562K/12788K, paused 1ms+1ms, total 14ms
09-15 11:45:23.134 W/MmsService(3734): Got network info: NetworkInfo: type: mobile_mms[LTE], state: DISCONNECTED/DISCONNECTED, reason: dataDisabled, extra: phone, roaming: false, failover: false, isAvailable: true
09-15 11:45:23.144 D/dalvikvm(246): GC_EXPLICIT freed <1K, 80% free 2562K/12788K, paused 1ms+1ms, total 14ms
09-15 11:45:23.154 W/MmsDownloader(3734): Handling MMS download with radio change...
09-15 11:45:23.154 W/MmscProcessor(3734): startUsingNetworkFeature status: 1
09-15 11:45:23.154 D/PicasaUploader(27604):    wifiOnlyPhoto changed to true
09-15 11:45:23.154 D/PicasaUploader(27604):    wifiOnlyVideo changed to true
09-15 11:45:23.154 D/PicasaUploader(27604):    syncOnBattery changed to true
09-15 11:45:23.154 D/ConnectivityService(558): startUsingNetworkFeature reconnecting to 0: enableMMS
09-15 11:45:23.164 D/PicasaUploaderSync(27604): sync account database
09-15 11:45:23.164 I/ActivityManager(558): Start proc com.google.android.gsf.login for service com.google.android.gsf.login/com.google.android.gsf.loginservice.GoogleLoginService: pid=27636 uid=10023 gids={50023, 3003, 1007, 1028, 1015, 1006, 2001, 3006}
09-15 11:45:23.184 E/PhoneMonitor(27622): onOtaspChanged old =0, new =3
09-15 11:45:23.184 V/PhoneMonitor(27622): mOtaspPhoneStateListener#onOtaspChanged, mOtaspMode=3
09-15 11:45:23.184 I/ActivityManager(558): No longer want com.google.android.setupwizard (pid 27622): empty #7
09-15 11:45:23.194 D/ConnectivityService(558): ConnectivityChange for mobile_mms: CONNECTED/CONNECTED
09-15 11:45:23.214 D/PicasaUploaderSync(27604): accounts in DB=1
09-15 11:45:23.214 D/PicasaUploaderSyncManager(27604): active network: NetworkInfo: type: mobile[LTE], state: CONNECTED/CONNECTED, reason: connected, extra: phone, roaming: false, failover: true, isAvailable: true
09-15 11:45:23.214 D/PicasaUploaderSyncManager(27604): background data: true
09-15 11:45:23.234 D/Nat464Xlat(558): requiresClat: netType=2, hasIPv4Address=true
09-15 11:45:23.234 I/ActivityManager(558): No longer want com.google.android.gsf.login (pid 27636): empty #7
09-15 11:45:23.244 D/PicasaUploaderSyncManager(27604): battery info: true
09-15 11:45:23.244 W/NetworkPolicy(558): shared quota unsupported; generating rule for each iface
09-15 11:45:23.244 I/ActivityManager(558): No longer want com.google.android.keep (pid 27527): empty #7
09-15 11:45:23.284 W/MmsService(3734): Dispatching connectivity change...
09-15 11:45:23.284 W/MmsService(3734): Dispatched...
09-15 11:45:23.294 W/MmsService(3734): NetworkInfo: NetworkInfo: type: mobile_mms[LTE], state: CONNECTED/CONNECTED, reason: dataEnabled, extra: phone, roaming: false, failover: false, isAvailable: true
09-15 11:45:23.294 W/MmsDownloadService(3734): Handling actual MMS download...
09-15 11:45:23.294 E/DatabaseUtils(833): Writing exception to parcel
09-15 11:45:23.294 E/DatabaseUtils(833): java.lang.SecurityException: No permission to write APN settings: Neither user 10216 nor current process has android.permission.WRITE_APN_SETTINGS.
09-15 11:45:23.294 E/DatabaseUtils(833): 	at android.app.ContextImpl.enforce(ContextImpl.java:1575)
09-15 11:45:23.294 E/DatabaseUtils(833): 	at android.app.ContextImpl.enforceCallingOrSelfPermission(ContextImpl.java:1604)
09-15 11:45:23.294 E/DatabaseUtils(833): 	at com.android.providers.telephony.TelephonyProvider.checkPermission(TelephonyProvider.java:784)
09-15 11:45:23.294 E/DatabaseUtils(833): 	at com.android.providers.telephony.TelephonyProvider.query(TelephonyProvider.java:511)
09-15 11:45:23.294 E/DatabaseUtils(833): 	at android.content.ContentProvider.query(ContentProvider.java:748)
09-15 11:45:23.294 E/DatabaseUtils(833): 	at android.content.ContentProvider$Transport.query(ContentProvider.java:203)
09-15 11:45:23.294 E/DatabaseUtils(833): 	at android.content.ContentProviderNative.onTransact(ContentProviderNative.java:114)
09-15 11:45:23.294 E/DatabaseUtils(833): 	at android.os.Binder.execTransact(Binder.java:388)
09-15 11:45:23.294 E/DatabaseUtils(833): 	at dalvik.system.NativeStart.run(Native Method)
09-15 11:45:23.294 W/MmsCommunication(3734): java.lang.SecurityException: No permission to write APN settings: Neither user 10216 nor current process has android.permission.WRITE_APN_SETTINGS.
09-15 11:45:23.294 W/MmsCommunication(3734): 	at android.os.Parcel.readException(Parcel.java:1440)
09-15 11:45:23.294 W/MmsCommunication(3734): 	at android.database.DatabaseUtils.readExceptionFromParcel(DatabaseUtils.java:185)
09-15 11:45:23.294 W/MmsCommunication(3734): 	at android.database.DatabaseUtils.readExceptionFromParcel(DatabaseUtils.java:137)
09-15 11:45:23.294 W/MmsCommunication(3734): 	at android.content.ContentProviderProxy.query(ContentProviderNative.java:385)
09-15 11:45:23.294 W/MmsCommunication(3734): 	at android.content.ContentResolver.query(ContentResolver.java:414)
09-15 11:45:23.294 W/MmsCommunication(3734): 	at android.content.ContentResolver.query(ContentResolver.java:357)
09-15 11:45:23.294 W/MmsCommunication(3734): 	at org.thoughtcrime.securesms.database.MmsDatabase.getCarrierMmsInformation(MmsDatabase.java:584)
09-15 11:45:23.294 W/MmsCommunication(3734): 	at org.thoughtcrime.securesms.mms.MmsCommunication.getMmsConnectionParameters(MmsCommunication.java:92)
09-15 11:45:23.294 W/MmsCommunication(3734): 	at org.thoughtcrime.securesms.mms.MmsDownloadHelper.retrieveMms(MmsDownloadHelper.java:74)
09-15 11:45:23.294 W/MmsCommunication(3734): 	at org.thoughtcrime.securesms.service.MmsDownloader.downloadMms(MmsDownloader.java:97)
09-15 11:45:23.294 W/MmsCommunication(3734): 	at org.thoughtcrime.securesms.service.MmsDownloader.handleConnectivityChange(MmsDownloader.java:176)
09-15 11:45:23.294 W/MmsCommunication(3734): 	at org.thoughtcrime.securesms.service.MmsDownloader.process(MmsDownloader.java:68)
09-15 11:45:23.294 W/MmsCommunication(3734): 	at org.thoughtcrime.securesms.service.SendReceiveService$SendReceiveWorkItem.run(SendReceiveService.java:223)
09-15 11:45:23.294 W/MmsCommunication(3734): 	at org.thoughtcrime.securesms.util.WorkerThread.run(WorkerThread.java:46)
09-15 11:45:23.294 I/k9      (13356): Committing preference changes
09-15 11:45:23.304 I/k9      (13356): Preferences commit took 8ms
09-15 11:45:23.354 W/MmsCommunication(3734): Checking route to address: wireless.cingular.com , 66.209.11.32
09-15 11:45:23.675 D/dalvikvm(871): GC_EXPLICIT freed 580K, 71% free 3783K/12788K, paused 2ms+6ms, total 92ms
09-15 11:45:23.825 D/Tethering(558): MasterInitialState.processMessage what=3
09-15 11:45:23.835 W/MmsService(3734): Dispatching connectivity change...
09-15 11:45:23.875 W/MmsService(3734): Dispatched...
09-15 11:45:23.925 D/GCM     (871): GcmService start Intent { act=android.net.conn.CONNECTIVITY_CHANGE flg=0x8000010 cmp=com.google.android.gms/.gcm.GcmService (has extras) } android.net.conn.CONNECTIVITY_CHANGE
09-15 11:45:23.955 I/ActivityManager(558): Start proc com.google.android.setupwizard for broadcast com.google.android.setupwizard/.MobileConnectivityChangeReceiver: pid=27719 uid=10170 gids={50170, 3003, 1028}
09-15 11:45:23.995 D/CacheService(27566): onCreate
09-15 11:45:24.005 D/CacheService(27566): onBind
09-15 11:45:24.035 I/ActivityManager(558): Start proc com.google.android.gsf.login for service com.google.android.gsf.login/com.google.android.gsf.loginservice.GoogleLoginService: pid=27747 uid=10023 gids={50023, 3003, 1007, 1028, 1015, 1006, 2001, 3006}
09-15 11:45:24.045 E/PhoneMonitor(27719): onOtaspChanged old =0, new =3
09-15 11:45:24.045 V/PhoneMonitor(27719): mOtaspPhoneStateListener#onOtaspChanged, mOtaspMode=3
09-15 11:45:24.075 I/k9      (13356): Committing preference changes
09-15 11:45:24.075 I/MusicLeanback(27566): Conditions not met for autocaching.
09-15 11:45:24.075 I/MusicLeanback(27566): Stop autocaching.
09-15 11:45:24.085 I/ActivityManager(558): No longer want com.google.android.setupwizard (pid 27719): empty #7
09-15 11:45:24.095 D/CacheService(27566): onDestroy
09-15 11:45:24.095 W/DnsProxyListener(244): Error writing DNS result to client
09-15 11:45:24.095 I/k9      (13356): Preferences commit took 19ms
09-15 11:45:24.095 I/ActivityManager(558): No longer want com.google.android.gsf.login (pid 27747): empty #7
09-15 11:45:24.095 W/SocketClient(244): write error (Broken pipe)
09-15 11:45:24.105 I/CheckinService(871): Preparing to send checkin request
09-15 11:45:24.105 I/EventLogService(871): Accumulating logs since 1379270427947
09-15 11:45:24.145 I/ActivityManager(558): Start proc com.google.android.gsf.login for service com.google.android.gsf.login/com.google.android.gsf.loginservice.GoogleLoginService: pid=27765 uid=10023 gids={50023, 3003, 1007, 1028, 1015, 1006, 2001, 3006}
09-15 11:45:24.245 I/ActivityManager(558): No longer want com.google.android.gsf.login (pid 27765): empty #7
09-15 11:45:24.275 I/CheckinTask(871): Sending checkin request (2202 bytes)
09-15 11:45:24.365 D/ConnectivityService(558): handleInetConditionHoldEnd: net=0, condition=100, published condition=0
09-15 11:45:24.576 D/WifiP2pService(558): P2pDisabledState{ what=143366 when=-2ms arg1=2 }
09-15 11:45:24.576 D/WifiP2pService(558): DefaultState{ what=143366 when=-3ms arg1=2 }
09-15 11:45:24.626 D/WifiStateMachine(558): handleMessage: E msg.what=131089
09-15 11:45:24.626 D/WifiStateMachine(558): processMsg: InitialState
09-15 11:45:24.626 D/WifiStateMachine(558): processMsg: DefaultState
09-15 11:45:24.626 D/WifiStateMachine(558): handleMessage: X
09-15 11:45:25.066 I/ActivityManager(558): Start proc com.google.android.gsf.login for service com.google.android.gsf.login/com.google.android.gsf.loginservice.GoogleLoginService: pid=27785 uid=10023 gids={50023, 3003, 1007, 1028, 1015, 1006, 2001, 3006}
09-15 11:45:25.186 I/ActivityManager(558): No longer want com.google.android.gsf.login (pid 27785): empty #7
09-15 11:45:25.206 I/CheckinTask(871): Checkin success: https://android.clients.google.com/checkin (1 requests sent)
09-15 11:45:25.907 D/Sensors (558): LightSensor::readEvents: Reporting mPendingEvent.light = 1280.000000
09-15 11:45:26.247 D/Tethering(558): MasterInitialState.processMessage what=3
09-15 11:45:26.267 W/MmsService(3734): Dispatching connectivity change...
09-15 11:45:26.297 W/MmsService(3734): Dispatched...
09-15 11:45:26.397 D/GCM     (871): GcmService start Intent { act=android.net.conn.CONNECTIVITY_CHANGE flg=0x8000010 cmp=com.google.android.gms/.gcm.GcmService (has extras) } android.net.conn.CONNECTIVITY_CHANGE
09-15 11:45:26.407 I/MusicLeanback(27566): Conditions not met for autocaching.
09-15 11:45:26.407 I/MusicLeanback(27566): Stop autocaching.
09-15 11:45:26.407 D/CacheService(27566): onCreate
09-15 11:45:26.407 D/CacheService(27566): onBind
09-15 11:45:26.407 D/CacheService(27566): onDestroy
09-15 11:45:26.427 I/ActivityManager(558): Start proc com.google.android.setupwizard for broadcast com.google.android.setupwizard/.MobileConnectivityChangeReceiver: pid=27824 uid=10170 gids={50170, 3003, 1028}
09-15 11:45:26.468 D/dalvikvm(558): GC_EXPLICIT freed 945K, 32% free 34135K/49640K, paused 4ms+10ms, total 134ms
09-15 11:45:26.498 I/ActivityManager(558): Start proc com.google.android.gsf.login for service com.google.android.gsf.login/com.google.android.gsf.loginservice.GoogleLoginService: pid=27836 uid=10023 gids={50023, 3003, 1007, 1028, 1015, 1006, 2001, 3006}
09-15 11:45:26.518 E/PhoneMonitor(27824): onOtaspChanged old =0, new =3
09-15 11:45:26.518 V/PhoneMonitor(27824): mOtaspPhoneStateListener#onOtaspChanged, mOtaspMode=3
09-15 11:45:26.538 I/ActivityManager(558): No longer want com.google.android.setupwizard (pid 27824): empty #7
09-15 11:45:26.568 D/dalvikvm(13356): GC_EXPLICIT freed 650K, 59% free 6293K/15268K, paused 1ms+4ms, total 23ms
09-15 11:45:26.568 I/ActivityManager(558): No longer want com.google.android.gsf.login (pid 27836): empty #7
09-15 11:45:26.578 I/k9      (13356): Committing preference changes
09-15 11:45:26.588 I/k9      (13356): Preferences commit took 8ms
09-15 11:45:26.798 D/ConnectivityService(558): handleInetConditionHoldEnd: net=0, condition=100, published condition=100
09-15 11:45:27.899 D/XAN-DPC (558): debounceButtonLight mLightSensorEnabled = true
09-15 11:45:27.899 D/XAN-DPC (558): Short Average = 1167.612 ,Long Average = 987.10205Last Lux = 1280.0
09-15 11:45:27.899 D/XAN-DPC (558): getButtonValue: LUX=1280, buttonValue=0
09-15 11:45:27.899 D/DisplayPowerState(558): setButtonBrightness: mScreenOn = true ,brightness=0
09-15 11:45:28.029 D/CacheService(27566): onCreate
09-15 11:45:28.029 D/CacheService(27566): onBind
09-15 11:45:28.069 I/MusicLeanback(27566): Conditions not met for autocaching.
09-15 11:45:28.069 I/MusicLeanback(27566): Stop autocaching.
09-15 11:45:28.069 D/CacheService(27566): onDestroy
09-15 11:45:29.901 D/XAN-DPC (558): debounceButtonLight mLightSensorEnabled = true
09-15 11:45:29.901 D/XAN-DPC (558): Short Average = 1167.612 ,Long Average = 987.10205Last Lux = 1280.0
09-15 11:45:29.901 D/XAN-DPC (558): getButtonValue: LUX=1280, buttonValue=0
09-15 11:45:29.901 D/DisplayPowerState(558): setButtonBrightness: mScreenOn = true ,brightness=0
09-15 11:45:29.901 D/XAN-DPC (558): getButtonValue: LUX=1258, buttonValue=0
09-15 11:45:32.324 D/Sensors (558): LightSensor::readEvents: Reporting mPendingEvent.light = 640.000000
09-15 11:45:32.494 D/Sensors (558): LightSensor::readEvents: Reporting mPendingEvent.light = 1280.000000
09-15 11:45:33.775 D/Sensors (558): LightSensor::readEvents: Reporting mPendingEvent.light = 640.000000
09-15 11:45:34.256 D/Sensors (558): LightSensor::readEvents: Reporting mPendingEvent.light = 1280.000000
09-15 11:45:34.326 D/XAN-DPC (558): debounceButtonLight mLightSensorEnabled = true
09-15 11:45:34.326 D/XAN-DPC (558): Short Average = 920.1413 ,Long Average = 936.7644Last Lux = 1280.0
09-15 11:45:34.336 D/XAN-DPC (558): getButtonValue: LUX=1280, buttonValue=0
09-15 11:45:34.336 D/DisplayPowerState(558): setButtonBrightness: mScreenOn = true ,brightness=0
09-15 11:45:36.829 D/Sensors (558): LightSensor::readEvents: Reporting mPendingEvent.light = 640.000000
09-15 11:45:39.231 D/Sensors (558): LightSensor::readEvents: Reporting mPendingEvent.light = 320.000000
09-15 11:45:39.882 D/Sensors (558): LightSensor::readEvents: Reporting mPendingEvent.light = 640.000000
09-15 11:45:40.322 D/XAN-DPC (558): debounceButtonLight mLightSensorEnabled = true
09-15 11:45:40.322 D/XAN-DPC (558): Short Average = 516.50287 ,Long Average = 664.9511Last Lux = 640.0
09-15 11:45:40.332 D/XAN-DPC (558): getButtonValue: LUX=640, buttonValue=0
09-15 11:45:40.332 D/DisplayPowerState(558): setButtonBrightness: mScreenOn = true ,brightness=0
09-15 11:45:40.332 D/XAN-DPC (558): getButtonValue: LUX=665, buttonValue=0
09-15 11:45:41.974 D/Sensors (558): LightSensor::readEvents: Reporting mPendingEvent.light = 320.000000
09-15 11:45:41.974 D/XAN-DPC (558): debounceButtonLight mLightSensorEnabled = true
09-15 11:45:41.974 D/XAN-DPC (558): Short Average = 383.65497 ,Long Average = 563.3689Last Lux = 320.0
09-15 11:45:41.974 D/XAN-DPC (558): getButtonValue: LUX=320, buttonValue=0
09-15 11:45:41.974 D/DisplayPowerState(558): setButtonBrightness: mScreenOn = true ,brightness=0
09-15 11:45:43.506 W/MmsDownloader(3734): java.net.SocketTimeoutException
09-15 11:45:43.506 W/MmsDownloader(3734): 	at java.net.PlainSocketImpl.read(PlainSocketImpl.java:491)
09-15 11:45:43.506 W/MmsDownloader(3734): 	at java.net.PlainSocketImpl.access$000(PlainSocketImpl.java:46)
09-15 11:45:43.506 W/MmsDownloader(3734): 	at java.net.PlainSocketImpl$PlainSocketInputStream.read(PlainSocketImpl.java:240)
09-15 11:45:43.506 W/MmsDownloader(3734): 	at org.apache.http.impl.io.AbstractSessionInputBuffer.fillBuffer(AbstractSessionInputBuffer.java:103)
09-15 11:45:43.506 W/MmsDownloader(3734): 	at org.apache.http.impl.io.AbstractSessionInputBuffer.readLine(AbstractSessionInputBuffer.java:191)
09-15 11:45:43.506 W/MmsDownloader(3734): 	at org.apache.http.impl.conn.DefaultResponseParser.parseHead(DefaultResponseParser.java:82)
09-15 11:45:43.506 W/MmsDownloader(3734): 	at org.apache.http.impl.io.AbstractMessageParser.parse(AbstractMessageParser.java:174)
09-15 11:45:43.506 W/MmsDownloader(3734): 	at org.apache.http.impl.AbstractHttpClientConnection.receiveResponseHeader(AbstractHttpClientConnection.java:180)
09-15 11:45:43.506 W/MmsDownloader(3734): 	at org.apache.http.impl.conn.DefaultClientConnection.receiveResponseHeader(DefaultClientConnection.java:235)
09-15 11:45:43.506 W/MmsDownloader(3734): 	at org.apache.http.impl.conn.AbstractClientConnAdapter.receiveResponseHeader(AbstractClientConnAdapter.java:259)
09-15 11:45:43.506 W/MmsDownloader(3734): 	at org.apache.http.protocol.HttpRequestExecutor.doReceiveResponse(HttpRequestExecutor.java:279)
09-15 11:45:43.506 W/MmsDownloader(3734): 	at org.apache.http.protocol.HttpRequestExecutor.execute(HttpRequestExecutor.java:121)
09-15 11:45:43.506 W/MmsDownloader(3734): 	at org.apache.http.impl.client.DefaultRequestDirector.execute(DefaultRequestDirector.java:428)
09-15 11:45:43.506 W/MmsDownloader(3734): 	at org.apache.http.impl.client.AbstractHttpClient.execute(AbstractHttpClient.java:555)
09-15 11:45:43.506 W/MmsDownloader(3734): 	at org.apache.http.impl.client.AbstractHttpClient.execute(AbstractHttpClient.java:509)
09-15 11:45:43.506 W/MmsDownloader(3734): 	at android.net.http.AndroidHttpClient.execute(AndroidHttpClient.java:262)
09-15 11:45:43.506 W/MmsDownloader(3734): 	at org.thoughtcrime.securesms.mms.MmsDownloadHelper.makeRequest(MmsDownloadHelper.java:51)
09-15 11:45:43.506 W/MmsDownloader(3734): 	at org.thoughtcrime.securesms.mms.MmsDownloadHelper.retrieveMms(MmsDownloadHelper.java:82)
09-15 11:45:43.506 W/MmsDownloader(3734): 	at org.thoughtcrime.securesms.service.MmsDownloader.downloadMms(MmsDownloader.java:97)
09-15 11:45:43.506 W/MmsDownloader(3734): 	at org.thoughtcrime.securesms.service.MmsDownloader.handleConnectivityChange(MmsDownloader.java:176)
09-15 11:45:43.506 W/MmsDownloader(3734): 	at org.thoughtcrime.securesms.service.MmsDownloader.process(MmsDownloader.java:68)
09-15 11:45:43.506 W/MmsDownloader(3734): 	at org.thoughtcrime.securesms.service.SendReceiveService$SendReceiveWorkItem.run(SendReceiveService.java:223)
09-15 11:45:43.506 W/MmsDownloader(3734): 	at org.thoughtcrime.securesms.util.WorkerThread.run(WorkerThread.java:46)
09-15 11:45:43.506 W/MmsDownloadeR(3734): Falling back to radio mode and proxy...
09-15 11:45:43.506 W/MmsService(3734): Got network info: NetworkInfo: type: mobile_mms[LTE], state: CONNECTED/CONNECTED, reason: dataEnabled, extra: phone, roaming: false, failover: false, isAvailable: true
09-15 11:45:43.536 W/MmsDownloader(3734): Handling MMS download with radio change...
09-15 11:45:43.556 W/MmscProcessor(3734): startUsingNetworkFeature status: 0
09-15 11:45:43.556 W/MmsService(3734): NetworkInfo: NetworkInfo: type: mobile_mms[LTE], state: CONNECTED/CONNECTED, reason: dataEnabled, extra: phone, roaming: false, failover: false, isAvailable: true
09-15 11:45:43.556 W/MmsDownloadService(3734): Handling actual MMS download...
09-15 11:45:43.566 E/DatabaseUtils(833): Writing exception to parcel
09-15 11:45:43.566 E/DatabaseUtils(833): java.lang.SecurityException: No permission to write APN settings: Neither user 10216 nor current process has android.permission.WRITE_APN_SETTINGS.
09-15 11:45:43.566 E/DatabaseUtils(833): 	at android.app.ContextImpl.enforce(ContextImpl.java:1575)
09-15 11:45:43.566 E/DatabaseUtils(833): 	at android.app.ContextImpl.enforceCallingOrSelfPermission(ContextImpl.java:1604)
09-15 11:45:43.566 E/DatabaseUtils(833): 	at com.android.providers.telephony.TelephonyProvider.checkPermission(TelephonyProvider.java:784)
09-15 11:45:43.566 E/DatabaseUtils(833): 	at com.android.providers.telephony.TelephonyProvider.query(TelephonyProvider.java:511)
09-15 11:45:43.566 E/DatabaseUtils(833): 	at android.content.ContentProvider.query(ContentProvider.java:748)
09-15 11:45:43.566 E/DatabaseUtils(833): 	at android.content.ContentProvider$Transport.query(ContentProvider.java:203)
09-15 11:45:43.566 E/DatabaseUtils(833): 	at android.content.ContentProviderNative.onTransact(ContentProviderNative.java:114)
09-15 11:45:43.566 E/DatabaseUtils(833): 	at android.os.Binder.execTransact(Binder.java:388)
09-15 11:45:43.566 E/DatabaseUtils(833): 	at dalvik.system.NativeStart.run(Native Method)
09-15 11:45:43.566 W/MmsCommunication(3734): java.lang.SecurityException: No permission to write APN settings: Neither user 10216 nor current process has android.permission.WRITE_APN_SETTINGS.
09-15 11:45:43.566 W/MmsCommunication(3734): 	at android.os.Parcel.readException(Parcel.java:1440)
09-15 11:45:43.566 W/MmsCommunication(3734): 	at android.database.DatabaseUtils.readExceptionFromParcel(DatabaseUtils.java:185)
09-15 11:45:43.566 W/MmsCommunication(3734): 	at android.database.DatabaseUtils.readExceptionFromParcel(DatabaseUtils.java:137)
09-15 11:45:43.566 W/MmsCommunication(3734): 	at android.content.ContentProviderProxy.query(ContentProviderNative.java:385)
09-15 11:45:43.566 W/MmsCommunication(3734): 	at android.content.ContentResolver.query(ContentResolver.java:414)
09-15 11:45:43.566 W/MmsCommunication(3734): 	at android.content.ContentResolver.query(ContentResolver.java:357)
09-15 11:45:43.566 W/MmsCommunication(3734): 	at org.thoughtcrime.securesms.database.MmsDatabase.getCarrierMmsInformation(MmsDatabase.java:584)
09-15 11:45:43.566 W/MmsCommunication(3734): 	at org.thoughtcrime.securesms.mms.MmsCommunication.getMmsConnectionParameters(MmsCommunication.java:92)
09-15 11:45:43.566 W/MmsCommunication(3734): 	at org.thoughtcrime.securesms.mms.MmsDownloadHelper.retrieveMms(MmsDownloadHelper.java:74)
09-15 11:45:43.566 W/MmsCommunication(3734): 	at org.thoughtcrime.securesms.service.MmsDownloader.downloadMms(MmsDownloader.java:97)
09-15 11:45:43.566 W/MmsCommunication(3734): 	at org.thoughtcrime.securesms.service.MmsDownloader.handleConnectivityChange(MmsDownloader.java:176)
09-15 11:45:43.566 W/MmsCommunication(3734): 	at org.thoughtcrime.securesms.service.MmsDownloader.process(MmsDownloader.java:68)
09-15 11:45:43.566 W/MmsCommunication(3734): 	at org.thoughtcrime.securesms.service.SendReceiveService$SendReceiveWorkItem.run(SendReceiveService.java:223)
09-15 11:45:43.566 W/MmsCommunication(3734): 	at org.thoughtcrime.securesms.util.WorkerThread.run(WorkerThread.java:46)
09-15 11:45:43.576 W/MmsCommunication(3734): Checking route to address: wireless.cingular.com , 66.209.11.32
09-15 11:45:43.636 D/dalvikvm(6253): GC_EXPLICIT freed 273K, 74% free 3362K/12788K, paused 2ms+3ms, total 29ms
09-15 11:45:43.736 D/Sensors (558): LightSensor::readEvents: Reporting mPendingEvent.light = 640.000000
09-15 11:45:57.220 D/WifiController(558): battery changed pluggedType: 2
09-15 11:46:00.053 I/ClockThread(685): now=1379270760061 next=59939
09-15 11:46:02.546 I/PowerManagerService-JNI(558): enabling perf mode...
09-15 11:46:02.546 W/CpuWake (558): >>nativeAcquireCpuPerfWakeLock()
09-15 11:46:02.556 I/PowerManagerService-JNI(558): perf mode enabled. ret=0
09-15 11:46:02.556 W/SurfaceFlinger(237): FB is protected: PERMISSION_DENIED
09-15 11:46:02.556 W/CpuWake (558): <<nativeAcquireCpuPerfWakeLock()
09-15 11:46:02.556 I/ActivityManager(558): START u0 {flg=0x4000000 cmp=org.thoughtcrime.securesms/.ConversationListActivity (has extras)} from pid 3734
09-15 11:46:02.556 W/WindowManager(558): Screenshot failure taking screenshot for (492x874) to layer 21045
09-15 11:46:02.566 W/ActivityManager(558): Duplicate finish request for ActivityRecord{420021d0 u0 org.thoughtcrime.securesms/.ConversationActivity}
09-15 11:46:02.576 W/KeyCachingService(3734): Decrementing activity count...
09-15 11:46:02.666 W/KeyCachingService(3734): Incrementing activity count...
09-15 11:46:02.696 D/qdmemalloc(237): ion: Allocated buffer base:0x46e54000 size:8355840 fd:34
09-15 11:46:02.696 D/qdmemalloc(237): ion: Allocated buffer base:0x40260000 size:4096 fd:71
09-15 11:46:02.696 D/qdmemalloc(3734): ion: Mapped buffer base:0x70135000 size:8355840 offset:0 fd:62
09-15 11:46:02.696 D/qdmemalloc(3734): ion: Mapped buffer base:0x63e19000 size:4096 offset:0 fd:63
09-15 11:46:02.706 D/OpenGLRenderer(3734): Flushing caches (mode 0)
09-15 11:46:02.716 D/qdmemalloc(3734): ion: Unmapping buffer  base:0x6db53000 size:8355840
09-15 11:46:02.716 D/qdmemalloc(3734): ion: Unmapping buffer  base:0x63e12000 size:4096
09-15 11:46:02.716 D/qdmemalloc(3734): ion: Unmapping buffer  base:0x6e364000 size:8355840
09-15 11:46:02.716 D/qdmemalloc(3734): ion: Unmapping buffer  base:0x63e13000 size:4096
09-15 11:46:02.716 D/qdmemalloc(3734): ion: Unmapping buffer  base:0x6f41f000 size:8355840
09-15 11:46:02.716 D/qdmemalloc(3734): ion: Unmapping buffer  base:0x63e14000 size:4096
09-15 11:46:02.716 D/qdmemalloc(237): ion: Unmapping buffer  base:0x44e0e000 size:8355840
09-15 11:46:02.716 D/qdmemalloc(237): ion: Unmapping buffer  base:0x40024000 size:4096
09-15 11:46:02.716 D/qdmemalloc(237): ion: Freeing buffer base:0x0 size:8355840 fd:45
09-15 11:46:02.716 D/qdmemalloc(237): ion: Freeing buffer base:0x0 size:4096 fd:61
09-15 11:46:02.716 D/qdmemalloc(237): ion: Unmapping buffer  base:0x45e64000 size:8355840
09-15 11:46:02.716 D/qdmemalloc(237): ion: Unmapping buffer  base:0x40086000 size:4096
09-15 11:46:02.716 D/qdmemalloc(237): ion: Freeing buffer base:0x0 size:8355840 fd:29
09-15 11:46:02.716 D/qdmemalloc(237): ion: Freeing buffer base:0x0 size:4096 fd:72
09-15 11:46:03.047 D/OpenGLRenderer(3734): Flushing caches (mode 0)
09-15 11:46:03.057 D/qdmemalloc(237): ion: Unmapping buffer  base:0x4665c000 size:8355840
09-15 11:46:03.057 D/qdmemalloc(237): ion: Unmapping buffer  base:0x40afd000 size:4096
09-15 11:46:03.057 D/qdmemalloc(237): ion: Freeing buffer base:0x0 size:8355840 fd:54
09-15 11:46:03.057 D/qdmemalloc(237): ion: Freeing buffer base:0x0 size:4096 fd:67
09-15 11:46:03.077 D/qdmemalloc(237): ion: Allocated buffer base:0x44e0e000 size:8355840 fd:30
09-15 11:46:03.077 D/qdmemalloc(237): ion: Allocated buffer base:0x4031f000 size:4096 fd:45
09-15 11:46:03.077 D/qdmemalloc(3734): ion: Mapped buffer base:0x6db53000 size:8355840 offset:0 fd:47
09-15 11:46:03.077 D/qdmemalloc(3734): ion: Mapped buffer base:0x63e12000 size:4096 offset:0 fd:48
09-15 11:46:03.557 I/PowerManagerService-JNI(558): disabling perf mode...
09-15 11:46:03.557 I/PowerManagerService-JNI(558): perf mode disabled. ret=0
09-15 11:46:03.557 W/CpuWake (558): >>nativeReleaseCpuPerfWakeLock()
09-15 11:46:03.557 W/CpuWake (558): <<nativeReleaseCpuPerfWakeLock()
09-15 11:46:03.647 W/MmsDownloader(3734): java.net.SocketTimeoutException
09-15 11:46:03.647 W/MmsDownloader(3734): 	at java.net.PlainSocketImpl.read(PlainSocketImpl.java:491)
09-15 11:46:03.647 W/MmsDownloader(3734): 	at java.net.PlainSocketImpl.access$000(PlainSocketImpl.java:46)
09-15 11:46:03.647 W/MmsDownloader(3734): 	at java.net.PlainSocketImpl$PlainSocketInputStream.read(PlainSocketImpl.java:240)
09-15 11:46:03.647 W/MmsDownloader(3734): 	at org.apache.http.impl.io.AbstractSessionInputBuffer.fillBuffer(AbstractSessionInputBuffer.java:103)
09-15 11:46:03.647 W/MmsDownloader(3734): 	at org.apache.http.impl.io.AbstractSessionInputBuffer.readLine(AbstractSessionInputBuffer.java:191)
09-15 11:46:03.647 W/MmsDownloader(3734): 	at org.apache.http.impl.conn.DefaultResponseParser.parseHead(DefaultResponseParser.java:82)
09-15 11:46:03.647 W/MmsDownloader(3734): 	at org.apache.http.impl.io.AbstractMessageParser.parse(AbstractMessageParser.java:174)
09-15 11:46:03.647 W/MmsDownloader(3734): 	at org.apache.http.impl.AbstractHttpClientConnection.receiveResponseHeader(AbstractHttpClientConnection.java:180)
09-15 11:46:03.647 W/MmsDownloader(3734): 	at org.apache.http.impl.conn.DefaultClientConnection.receiveResponseHeader(DefaultClientConnection.java:235)
09-15 11:46:03.647 W/MmsDownloader(3734): 	at org.apache.http.impl.conn.AbstractClientConnAdapter.receiveResponseHeader(AbstractClientConnAdapter.java:259)
09-15 11:46:03.647 W/MmsDownloader(3734): 	at org.apache.http.protocol.HttpRequestExecutor.doReceiveResponse(HttpRequestExecutor.java:279)
09-15 11:46:03.647 W/MmsDownloader(3734): 	at org.apache.http.protocol.HttpRequestExecutor.execute(HttpRequestExecutor.java:121)
09-15 11:46:03.647 W/MmsDownloader(3734): 	at org.apache.http.impl.client.DefaultRequestDirector.execute(DefaultRequestDirector.java:428)
09-15 11:46:03.647 W/MmsDownloader(3734): 	at org.apache.http.impl.client.AbstractHttpClient.execute(AbstractHttpClient.java:555)
09-15 11:46:03.647 W/MmsDownloader(3734): 	at org.apache.http.impl.client.AbstractHttpClient.execute(AbstractHttpClient.java:509)
09-15 11:46:03.647 W/MmsDownloader(3734): 	at android.net.http.AndroidHttpClient.execute(AndroidHttpClient.java:262)
09-15 11:46:03.647 W/MmsDownloader(3734): 	at org.thoughtcrime.securesms.mms.MmsDownloadHelper.makeRequest(MmsDownloadHelper.java:51)
09-15 11:46:03.647 W/MmsDownloader(3734): 	at org.thoughtcrime.securesms.mms.MmsDownloadHelper.retrieveMms(MmsDownloadHelper.java:82)
09-15 11:46:03.647 W/MmsDownloader(3734): 	at org.thoughtcrime.securesms.service.MmsDownloader.downloadMms(MmsDownloader.java:97)
09-15 11:46:03.647 W/MmsDownloader(3734): 	at org.thoughtcrime.securesms.service.MmsDownloader.handleConnectivityChange(MmsDownloader.java:176)
09-15 11:46:03.647 W/MmsDownloader(3734): 	at org.thoughtcrime.securesms.service.MmsDownloader.process(MmsDownloader.java:68)
09-15 11:46:03.647 W/MmsDownloader(3734): 	at org.thoughtcrime.securesms.service.SendReceiveService$SendReceiveWorkItem.run(SendReceiveService.java:223)
09-15 11:46:03.647 W/MmsDownloader(3734): 	at org.thoughtcrime.securesms.util.WorkerThread.run(WorkerThread.java:46)
09-15 11:46:03.667 W/MmsService(3734): Calling stop using network feature!
09-15 11:46:03.677 D/ConnectivityService(558): stopUsingNetworkFeature: teardown net 0: enableMMS
09-15 11:46:03.717 D/ConnectivityService(558): ConnectivityChange for mobile_mms: DISCONNECTED/DISCONNECTED
09-15 11:46:03.727 W/MmsService(3734): NetworkInfo: NetworkInfo: type: mobile_mms[LTE], state: CONNECTED/CONNECTED, reason: dataEnabled, extra: phone, roaming: false, failover: false, isAvailable: true
09-15 11:46:03.727 W/MmsService(3734): Calling stop using network feature!
09-15 11:46:03.747 D/ConnectivityService(558): stopUsingNetworkFeature: teardown net 0: enableMMS
09-15 11:46:03.777 W/MmsService(3734): NetworkInfo: NetworkInfo: type: mobile_mms[LTE], state: DISCONNECTED/DISCONNECTED, reason: dataDisabled, extra: phone, roaming: false, failover: false, isAvailable: true
09-15 11:46:03.787 W/MmsService(3734): NetworkInfo: NetworkInfo: type: mobile_mms[LTE], state: DISCONNECTED/DISCONNECTED, reason: dataDisabled, extra: phone, roaming: false, failover: false, isAvailable: true
09-15 11:46:03.787 W/MmsService(3734): Got network info: NetworkInfo: type: mobile_mms[LTE], state: DISCONNECTED/DISCONNECTED, reason: dataDisabled, extra: phone, roaming: false, failover: false, isAvailable: true
09-15 11:46:03.807 D/qdmemalloc(237): ion: Allocated buffer base:0x42bfb000 size:532480 fd:43
09-15 11:46:03.807 D/qdmemalloc(237): ion: Allocated buffer base:0x40afc000 size:4096 fd:64
09-15 11:46:03.807 D/qdmemalloc(3734): ion: Mapped buffer base:0x6ae39000 size:532480 offset:0 fd:49
09-15 11:46:03.807 D/qdmemalloc(3734): ion: Mapped buffer base:0x63e13000 size:4096 offset:0 fd:50
09-15 11:46:03.807 D/Nat464Xlat(558): requiresClat: netType=2, hasIPv4Address=true
09-15 11:46:03.837 D/qdmemalloc(237): ion: Allocated buffer base:0x45e64000 size:8355840 fd:61
09-15 11:46:03.837 D/qdmemalloc(237): ion: Allocated buffer base:0x40086000 size:4096 fd:69
09-15 11:46:03.837 D/qdmemalloc(3734): ion: Mapped buffer base:0x6e364000 size:8355840 offset:0 fd:53
09-15 11:46:03.837 D/qdmemalloc(3734): ion: Mapped buffer base:0x63e14000 size:4096 offset:0 fd:54
09-15 11:46:04.428 W/ConversationListFragment(3734): Batch mode: false
09-15 11:46:04.428 I/PowerManagerService-JNI(558): enabling perf mode...
09-15 11:46:04.428 I/PowerManagerService-JNI(558): perf mode enabled. ret=0
09-15 11:46:04.428 W/CpuWake (558): >>nativeAcquireCpuPerfWakeLock()
09-15 11:46:04.428 W/CpuWake (558): <<nativeAcquireCpuPerfWakeLock()
09-15 11:46:04.428 I/ActivityManager(558): START u0 {cmp=org.thoughtcrime.securesms/.ConversationActivity (has extras)} from pid 3734
09-15 11:46:04.438 W/SurfaceFlinger(237): FB is protected: PERMISSION_DENIED
09-15 11:46:04.438 W/WindowManager(558): Screenshot failure taking screenshot for (492x874) to layer 21040
09-15 11:46:04.448 W/KeyCachingService(3734): Decrementing activity count...
09-15 11:46:04.478 W/MmsSmsDatabase(3734): Executing query: SELECT _id, body, type, thread_id, address, subject, date_sent, date_received, m_type, msg_box, status, part_count, ct_l, tr_id, m_size, exp, st, transport_type FROM (SELECT DISTINCT date_sent * 1 AS date_sent, date * 1 AS date_received, _id, body, read, thread_id, type, address, subject, NULL AS m_type, NULL AS msg_box, status, NULL AS part_count, NULL AS ct_l, NULL AS tr_id, NULL AS m_size, NULL AS exp, NULL AS st, 'sms' AS transport_type FROM sms WHERE (thread_id = 72) UNION ALL SELECT DISTINCT date * 1000 AS date_sent, date_received * 1000 AS date_received, _id, body, read, thread_id, NULL AS type, address, NULL AS subject, m_type, msg_box, NULL AS status, part_count, ct_l, tr_id, m_size, exp, st, 'mms' AS transport_type FROM mms WHERE (thread_id = 72) ORDER BY date_received ASC)
09-15 11:46:04.488 W/KeyUtil (3734): Checking session...
09-15 11:46:04.488 W/LocalKeyRecord(3734): Checking: 73-local
09-15 11:46:04.488 W/KeyCachingService(3734): Incrementing activity count...
09-15 11:46:04.498 E/DatabaseUtils(833): Writing exception to parcel
09-15 11:46:04.498 E/DatabaseUtils(833): java.lang.SecurityException: No permission to write APN settings: Neither user 10216 nor current process has android.permission.WRITE_APN_SETTINGS.
09-15 11:46:04.498 E/DatabaseUtils(833): 	at android.app.ContextImpl.enforce(ContextImpl.java:1575)
09-15 11:46:04.498 E/DatabaseUtils(833): 	at android.app.ContextImpl.enforceCallingOrSelfPermission(ContextImpl.java:1604)
09-15 11:46:04.498 E/DatabaseUtils(833): 	at com.android.providers.telephony.TelephonyProvider.checkPermission(TelephonyProvider.java:784)
09-15 11:46:04.498 E/DatabaseUtils(833): 	at com.android.providers.telephony.TelephonyProvider.query(TelephonyProvider.java:511)
09-15 11:46:04.498 E/DatabaseUtils(833): 	at android.content.ContentProvider.query(ContentProvider.java:748)
09-15 11:46:04.498 E/DatabaseUtils(833): 	at android.content.ContentProvider$Transport.query(ContentProvider.java:203)
09-15 11:46:04.498 E/DatabaseUtils(833): 	at android.content.ContentProviderNative.onTransact(ContentProviderNative.java:114)
09-15 11:46:04.498 E/DatabaseUtils(833): 	at android.os.Binder.execTransact(Binder.java:388)
09-15 11:46:04.498 E/DatabaseUtils(833): 	at dalvik.system.NativeStart.run(Native Method)
09-15 11:46:04.498 W/MmsCommunication(3734): java.lang.SecurityException: No permission to write APN settings: Neither user 10216 nor current process has android.permission.WRITE_APN_SETTINGS.
09-15 11:46:04.498 W/MmsCommunication(3734): 	at android.os.Parcel.readException(Parcel.java:1440)
09-15 11:46:04.498 W/MmsCommunication(3734): 	at android.database.DatabaseUtils.readExceptionFromParcel(DatabaseUtils.java:185)
09-15 11:46:04.498 W/MmsCommunication(3734): 	at android.database.DatabaseUtils.readExceptionFromParcel(DatabaseUtils.java:137)
09-15 11:46:04.498 W/MmsCommunication(3734): 	at android.content.ContentProviderProxy.query(ContentProviderNative.java:385)
09-15 11:46:04.498 W/MmsCommunication(3734): 	at android.content.ContentResolver.query(ContentResolver.java:414)
09-15 11:46:04.498 W/MmsCommunication(3734): 	at android.content.ContentResolver.query(ContentResolver.java:357)
09-15 11:46:04.498 W/MmsCommunication(3734): 	at org.thoughtcrime.securesms.database.MmsDatabase.getCarrierMmsInformation(MmsDatabase.java:584)
09-15 11:46:04.498 W/MmsCommunication(3734): 	at org.thoughtcrime.securesms.mms.MmsCommunication.getMmsConnectionParameters(MmsCommunication.java:92)
09-15 11:46:04.498 W/MmsCommunication(3734): 	at org.thoughtcrime.securesms.mms.MmsSendHelper.hasNecessaryApnDetails(MmsSendHelper.java:119)
09-15 11:46:04.498 W/MmsCommunication(3734): 	at org.thoughtcrime.securesms.ConversationActivity$7.doInBackground(ConversationActivity.java:569)
09-15 11:46:04.498 W/MmsCommunication(3734): 	at org.thoughtcrime.securesms.ConversationActivity$7.doInBackground(ConversationActivity.java:566)
09-15 11:46:04.498 W/MmsCommunication(3734): 	at android.os.AsyncTask$2.call(AsyncTask.java:287)
09-15 11:46:04.498 W/MmsCommunication(3734): 	at java.util.concurrent.FutureTask.run(FutureTask.java:234)
09-15 11:46:04.498 W/MmsCommunication(3734): 	at android.os.AsyncTask$SerialExecutor$1.run(AsyncTask.java:230)
09-15 11:46:04.498 W/MmsCommunication(3734): 	at java.util.concurrent.ThreadPoolExecutor.runWorker(ThreadPoolExecutor.java:1080)
09-15 11:46:04.498 W/MmsCommunication(3734): 	at java.util.concurrent.ThreadPoolExecutor$Worker.run(ThreadPoolExecutor.java:573)
09-15 11:46:04.498 W/MmsCommunication(3734): 	at java.lang.Thread.run(Thread.java:841)
09-15 11:46:04.518 W/MmsSmsDatabase(3734): Executing query: SELECT _id, body, read, type, address, subject, thread_id, status, date_sent, date_received, m_type, msg_box, part_count, ct_l, tr_id, m_size, exp, st, transport_type FROM (SELECT DISTINCT date_sent * 1 AS date_sent, date * 1 AS date_received, _id, body, read, thread_id, type, address, subject, NULL AS m_type, NULL AS msg_box, status, NULL AS part_count, NULL AS ct_l, NULL AS tr_id, NULL AS m_size, NULL AS exp, NULL AS st, 'sms' AS transport_type FROM sms WHERE (read = 0) UNION ALL SELECT DISTINCT date * 1000 AS date_sent, date_received * 1000 AS date_received, _id, body, read, thread_id, NULL AS type, address, NULL AS subject, m_type, msg_box, NULL AS status, part_count, ct_l, tr_id, m_size, exp, st, 'mms' AS transport_type FROM mms WHERE (read = 0) ORDER BY date_received ASC)
09-15 11:46:04.518 W/NotificationState(3734): Added thread: 9
09-15 11:46:04.528 W/NotificationState(3734): Pending array off intent length: 1
09-15 11:46:04.538 I/RemoteViews.Performance(685): apply:org.thoughtcrime.securesms prepareContext:0 performApply:2 actionsCount:12 bitmapMemory:0.144
09-15 11:46:04.538 W/SQLiteCursor(3734): Close cursor android.database.sqlite.SQLiteCursor@42ca7130 on null twice or more
09-15 11:46:04.548 I/RemoteViews.Performance(685): apply:org.thoughtcrime.securesms prepareContext:0 inflateContent:1 performApply:0 actionsCount:4 bitmapMemory:0.0
09-15 11:46:04.548 I/RemoteViews.Performance(685): apply:org.thoughtcrime.securesms prepareContext:0 performApply:5 actionsCount:21 bitmapMemory:0.144
09-15 11:46:04.688 D/qdmemalloc(237): ion: Allocated buffer base:0x4665c000 size:8355840 fd:82
09-15 11:46:04.688 D/qdmemalloc(237): ion: Allocated buffer base:0x4008b000 size:4096 fd:80
09-15 11:46:04.688 D/qdmemalloc(3734): ion: Mapped buffer base:0x7174e000 size:8355840 offset:0 fd:71
09-15 11:46:04.688 D/qdmemalloc(3734): ion: Mapped buffer base:0x40030000 size:4096 offset:0 fd:72
09-15 11:46:04.688 I/InputMethodManagerService(558): windowGainedFocus, inputState=1, softInputMode=0x111, pid=3734
09-15 11:46:04.688 I/ActivityManager(558): Displayed org.thoughtcrime.securesms/.ConversationActivity: +250ms
09-15 11:46:04.688 I/InputMethodManagerService(558): windowGainedFocus, packageName=org.thoughtcrime.securesms, inputType=0x0
09-15 11:46:04.728 D/qdmemalloc(237): ion: Allocated buffer base:0x486db000 size:8355840 fd:26
09-15 11:46:04.728 D/qdmemalloc(237): ion: Allocated buffer base:0x4008c000 size:4096 fd:36
09-15 11:46:04.728 D/qdmemalloc(3734): ion: Mapped buffer base:0x72200000 size:8355840 offset:0 fd:73
09-15 11:46:04.728 D/qdmemalloc(3734): ion: Mapped buffer base:0x63e15000 size:4096 offset:0 fd:74
09-15 11:46:04.818 D/OpenGLRenderer(3734): Flushing caches (mode 0)
09-15 11:46:04.828 D/qdmemalloc(3734): ion: Unmapping buffer  base:0x70135000 size:8355840
09-15 11:46:04.828 D/qdmemalloc(3734): ion: Unmapping buffer  base:0x63e19000 size:4096
09-15 11:46:04.828 D/qdmemalloc(3734): ion: Unmapping buffer  base:0x6db53000 size:8355840
09-15 11:46:04.828 D/qdmemalloc(3734): ion: Unmapping buffer  base:0x63e12000 size:4096
09-15 11:46:04.828 D/qdmemalloc(3734): ion: Unmapping buffer  base:0x6e364000 size:8355840
09-15 11:46:04.828 D/qdmemalloc(3734): ion: Unmapping buffer  base:0x63e14000 size:4096
09-15 11:46:04.828 D/qdmemalloc(237): ion: Unmapping buffer  base:0x46e54000 size:8355840
09-15 11:46:04.828 D/qdmemalloc(237): ion: Unmapping buffer  base:0x40260000 size:4096
09-15 11:46:04.828 D/qdmemalloc(237): ion: Freeing buffer base:0x0 size:8355840 fd:34
09-15 11:46:04.828 D/qdmemalloc(237): ion: Freeing buffer base:0x0 size:4096 fd:71
09-15 11:46:04.828 D/qdmemalloc(237): ion: Unmapping buffer  base:0x45e64000 size:8355840
09-15 11:46:04.828 D/qdmemalloc(237): ion: Unmapping buffer  base:0x40086000 size:4096
09-15 11:46:04.828 D/qdmemalloc(237): ion: Freeing buffer base:0x0 size:8355840 fd:61
09-15 11:46:04.828 D/qdmemalloc(237): ion: Freeing buffer base:0x0 size:4096 fd:69
09-15 11:46:05.039 D/qdmemalloc(237): ion: Unmapping buffer  base:0x44e0e000 size:8355840
09-15 11:46:05.039 D/qdmemalloc(237): ion: Unmapping buffer  base:0x4031f000 size:4096
09-15 11:46:05.039 D/qdmemalloc(237): ion: Freeing buffer base:0x0 size:8355840 fd:30
09-15 11:46:05.039 D/qdmemalloc(237): ion: Freeing buffer base:0x0 size:4096 fd:45
09-15 11:46:05.419 I/PowerManagerService-JNI(558): disabling perf mode...
09-15 11:46:05.419 W/CpuWake (558): >>nativeReleaseCpuPerfWakeLock()
09-15 11:46:05.429 I/PowerManagerService-JNI(558): perf mode disabled. ret=0
09-15 11:46:05.429 W/CpuWake (558): <<nativeReleaseCpuPerfWakeLock()
09-15 11:46:05.759 D/qdmemalloc(237): ion: Allocated buffer base:0x44e0e000 size:8355840 fd:69
09-15 11:46:05.759 D/qdmemalloc(237): ion: Allocated buffer base:0x40086000 size:4096 fd:84
09-15 11:46:05.759 D/qdmemalloc(3734): ion: Mapped buffer base:0x6db53000 size:8355840 offset:0 fd:53
09-15 11:46:05.759 D/qdmemalloc(3734): ion: Mapped buffer base:0x63e12000 size:4096 offset:0 fd:54
09-15 11:46:06.821 D/Tethering(558): MasterInitialState.processMessage what=3
09-15 11:46:06.851 D/Tethering(558): MasterInitialState.processMessage what=3
09-15 11:46:06.951 D/GCM     (871): GcmService start Intent { act=android.net.conn.CONNECTIVITY_CHANGE flg=0x8000010 cmp=com.google.android.gms/.gcm.GcmService (has extras) } android.net.conn.CONNECTIVITY_CHANGE
09-15 11:46:07.001 I/MusicLeanback(27566): Conditions not met for autocaching.
09-15 11:46:07.001 I/MusicLeanback(27566): Stop autocaching.
09-15 11:46:07.001 I/ActivityManager(558): Start proc com.google.android.setupwizard for broadcast com.google.android.setupwizard/.MobileConnectivityChangeReceiver: pid=27978 uid=10170 gids={50170, 3003, 1028}
09-15 11:46:07.011 D/CacheService(27566): onCreate
09-15 11:46:07.011 D/CacheService(27566): onBind
09-15 11:46:07.021 D/CacheService(27566): onDestroy
09-15 11:46:07.061 I/ActivityManager(558): Start proc com.google.android.gsf.login for service com.google.android.gsf.login/com.google.android.gsf.loginservice.GoogleLoginService: pid=27992 uid=10023 gids={50023, 3003, 1007, 1028, 1015, 1006, 2001, 3006}
09-15 11:46:07.081 E/PhoneMonitor(27978): onOtaspChanged old =0, new =3
09-15 11:46:07.081 V/PhoneMonitor(27978): mOtaspPhoneStateListener#onOtaspChanged, mOtaspMode=3
09-15 11:46:07.101 I/ActivityManager(558): No longer want com.google.android.setupwizard (pid 27978): empty #7
09-15 11:46:07.111 I/k9      (13356): Committing preference changes
09-15 11:46:07.121 I/k9      (13356): Preferences commit took 5ms
09-15 11:46:07.141 D/CacheService(27566): onCreate
09-15 11:46:07.141 D/CacheService(27566): onBind
09-15 11:46:07.141 I/MusicLeanback(27566): Conditions not met for autocaching.
09-15 11:46:07.141 I/MusicLeanback(27566): Stop autocaching.
09-15 11:46:07.141 D/CacheService(27566): onDestroy
09-15 11:46:07.151 D/GCM     (871): GcmService start Intent { act=android.net.conn.CONNECTIVITY_CHANGE flg=0x8000010 cmp=com.google.android.gms/.gcm.GcmService (has extras) } android.net.conn.CONNECTIVITY_CHANGE
09-15 11:46:07.151 W/DnsProxyListener(244): Error writing DNS result to client
09-15 11:46:07.151 I/ActivityManager(558): No longer want com.google.android.gsf.login (pid 27992): empty #7
09-15 11:46:07.151 W/SocketClient(244): write error (Broken pipe)
09-15 11:46:07.161 D/qdmemalloc(3734): ion: Unmapping buffer  base:0x6ae39000 size:532480
09-15 11:46:07.161 D/qdmemalloc(3734): ion: Unmapping buffer  base:0x63e13000 size:4096
09-15 11:46:07.191 I/ActivityManager(558): Start proc com.google.android.setupwizard for broadcast com.google.android.setupwizard/.MobileConnectivityChangeReceiver: pid=28019 uid=10170 gids={50170, 3003, 1028}
09-15 11:46:07.251 I/ActivityManager(558): Start proc com.google.android.gsf.login for service com.google.android.gsf.login/com.google.android.gsf.loginservice.GoogleLoginService: pid=28032 uid=10023 gids={50023, 3003, 1007, 1028, 1015, 1006, 2001, 3006}
09-15 11:46:07.271 D/dalvikvm(246): GC_EXPLICIT freed 41K, 80% free 2562K/12788K, paused 2ms+2ms, total 22ms
09-15 11:46:07.291 D/dalvikvm(246): GC_EXPLICIT freed <1K, 80% free 2562K/12788K, paused 2ms+1ms, total 19ms
09-15 11:46:07.311 D/dalvikvm(246): GC_EXPLICIT freed <1K, 80% free 2562K/12788K, paused 2ms+1ms, total 20ms
09-15 11:46:07.381 D/dalvikvm(558): JIT code cache reset in 4 ms (1048548 bytes 14/0)
09-15 11:46:07.391 D/dalvikvm(558): GC_EXPLICIT freed 3025K, 33% free 33307K/49640K, paused 6ms+18ms, total 129ms
09-15 11:46:07.391 D/ConnectivityService(558): handleInetConditionHoldEnd: net=0, condition=100, published condition=100
09-15 11:46:07.401 E/PhoneMonitor(28019): onOtaspChanged old =0, new =3
09-15 11:46:07.411 V/PhoneMonitor(28019): mOtaspPhoneStateListener#onOtaspChanged, mOtaspMode=3
09-15 11:46:07.451 I/ActivityManager(558): No longer want com.google.android.setupwizard (pid 28019): empty #7
09-15 11:46:07.471 I/ActivityManager(558): No longer want com.google.android.gsf.login (pid 28032): empty #7
09-15 11:46:07.481 I/k9      (13356): Committing preference changes
09-15 11:46:07.491 I/k9      (13356): Preferences commit took 9ms
09-15 11:46:07.722 D/qdmemalloc(237): ion: Unmapping buffer  base:0x42bfb000 size:532480
09-15 11:46:07.722 D/qdmemalloc(237): ion: Unmapping buffer  base:0x40afc000 size:4096
09-15 11:46:07.722 D/qdmemalloc(237): ion: Freeing buffer base:0x0 size:532480 fd:43
09-15 11:46:07.722 D/qdmemalloc(237): ion: Freeing buffer base:0x0 size:4096 fd:64
09-15 11:46:08.252 W/SurfaceFlinger(237): FB is protected: PERMISSION_DENIED
09-15 11:46:08.252 W/WindowManager(558): Screenshot failure taking screenshot for (492x874) to layer 21045
09-15 11:46:08.272 W/KeyCachingService(3734): Decrementing activity count...
09-15 11:46:08.302 W/KeyCachingService(3734): Incrementing activity count...
09-15 11:46:08.332 D/qdmemalloc(237): ion: Allocated buffer base:0x45e64000 size:8355840 fd:34
09-15 11:46:08.332 D/qdmemalloc(237): ion: Allocated buffer base:0x4008d000 size:4096 fd:32
09-15 11:46:08.332 D/qdmemalloc(3734): ion: Mapped buffer base:0x6e364000 size:8355840 offset:0 fd:47
09-15 11:46:08.332 D/qdmemalloc(3734): ion: Mapped buffer base:0x63e13000 size:4096 offset:0 fd:48
09-15 11:46:08.362 D/OpenGLRenderer(3734): Flushing caches (mode 0)
09-15 11:46:08.362 D/qdmemalloc(3734): ion: Unmapping buffer  base:0x7174e000 size:8355840
09-15 11:46:08.362 D/qdmemalloc(3734): ion: Unmapping buffer  base:0x40030000 size:4096
09-15 11:46:08.362 D/qdmemalloc(3734): ion: Unmapping buffer  base:0x72200000 size:8355840
09-15 11:46:08.362 D/qdmemalloc(3734): ion: Unmapping buffer  base:0x63e15000 size:4096
09-15 11:46:08.362 D/qdmemalloc(3734): ion: Unmapping buffer  base:0x6db53000 size:8355840
09-15 11:46:08.362 D/qdmemalloc(3734): ion: Unmapping buffer  base:0x63e12000 size:4096
09-15 11:46:08.362 D/qdmemalloc(237): ion: Unmapping buffer  base:0x4665c000 size:8355840
09-15 11:46:08.362 D/qdmemalloc(237): ion: Unmapping buffer  base:0x4008b000 size:4096
09-15 11:46:08.362 D/qdmemalloc(237): ion: Freeing buffer base:0x0 size:8355840 fd:82
09-15 11:46:08.362 D/qdmemalloc(237): ion: Freeing buffer base:0x0 size:4096 fd:80
09-15 11:46:08.362 D/qdmemalloc(237): ion: Unmapping buffer  base:0x486db000 size:8355840
09-15 11:46:08.362 D/qdmemalloc(237): ion: Unmapping buffer  base:0x4008c000 size:4096
09-15 11:46:08.362 D/qdmemalloc(237): ion: Freeing buffer base:0x0 size:8355840 fd:26
