09-15 11:40:23.434 W/ActivityManager(558): Scheduling restart of crashed service com.koushikdutta.desktopsms/.SyncService in 5000ms
09-15 11:40:24.425 W/MmsSender(3734): java.io.IOException: Non-successful HTTP response: Bad Gateway
09-15 11:40:24.425 W/MmsSender(3734): 	at org.thoughtcrime.securesms.mms.MmsSendHelper.makePost(MmsSendHelper.java:67)
09-15 11:40:24.425 W/MmsSender(3734): 	at org.thoughtcrime.securesms.mms.MmsSendHelper.sendBytes(MmsSendHelper.java:107)
09-15 11:40:24.425 W/MmsSender(3734): 	at org.thoughtcrime.securesms.mms.MmsSendHelper.sendMms(MmsSendHelper.java:90)
09-15 11:40:24.425 W/MmsSender(3734): 	at org.thoughtcrime.securesms.service.MmsSender.sendMmsMessage(MmsSender.java:126)
09-15 11:40:24.425 W/MmsSender(3734): 	at org.thoughtcrime.securesms.service.MmsSender.handleConnectivityChange(MmsSender.java:187)
09-15 11:40:24.425 W/MmsSender(3734): 	at org.thoughtcrime.securesms.service.MmsSender.process(MmsSender.java:83)
09-15 11:40:24.425 W/MmsSender(3734): 	at org.thoughtcrime.securesms.service.SendReceiveService$SendReceiveWorkItem.run(SendReceiveService.java:222)
09-15 11:40:24.425 W/MmsSender(3734): 	at org.thoughtcrime.securesms.util.WorkerThread.run(WorkerThread.java:46)
09-15 11:40:24.465 W/MmsService(3734): Calling stop using network feature!
09-15 11:40:24.465 D/ConnectivityService(558): stopUsingNetworkFeature: teardown net 0: enableMMS
09-15 11:40:24.495 W/MmsService(3734): NetworkInfo: NetworkInfo: type: mobile_mms[LTE], state: DISCONNECTED/DISCONNECTED, reason: dataDisabled, extra: phone, roaming: false, failover: false, isAvailable: true
09-15 11:40:24.495 W/MmsService(3734): Got network info: NetworkInfo: type: mobile_mms[LTE], state: DISCONNECTED/DISCONNECTED, reason: dataDisabled, extra: phone, roaming: false, failover: false, isAvailable: true
09-15 11:40:24.495 D/ConnectivityService(558): ConnectivityChange for mobile_mms: DISCONNECTED/DISCONNECTED
09-15 11:40:24.565 D/Nat464Xlat(558): requiresClat: netType=2, hasIPv4Address=true
09-15 11:40:24.575 W/MmsService(3734): NetworkInfo: NetworkInfo: type: mobile_mms[LTE], state: DISCONNECTED/DISCONNECTED, reason: dataDisabled, extra: phone, roaming: false, failover: false, isAvailable: true
09-15 11:40:24.575 W/MmsService(3734): Got network info: NetworkInfo: type: mobile_mms[LTE], state: DISCONNECTED/DISCONNECTED, reason: dataDisabled, extra: phone, roaming: false, failover: false, isAvailable: true
09-15 11:40:24.585 D/dalvikvm(833): GC_CONCURRENT freed 2059K, 72% free 3606K/12788K, paused 3ms+2ms, total 98ms
09-15 11:40:24.585 W/MmsService(3734): NetworkInfo: NetworkInfo: type: mobile_mms[LTE], state: DISCONNECTED/DISCONNECTED, reason: dataDisabled, extra: phone, roaming: false, failover: false, isAvailable: true
09-15 11:40:24.585 W/MmsService(3734): Got network info: NetworkInfo: type: mobile_mms[LTE], state: DISCONNECTED/DISCONNECTED, reason: dataDisabled, extra: phone, roaming: false, failover: false, isAvailable: true
09-15 11:40:24.645 W/ImageSlide(3734): Got soft reference: java.lang.ref.SoftReference@424b62b8
09-15 11:40:24.645 W/ImageSlide(3734): Got cached bitmap: android.graphics.Bitmap@43164a38
09-15 11:40:24.645 W/ImageSlide(3734): Setting cached thumbnail...
09-15 11:40:27.579 D/Tethering(558): MasterInitialState.processMessage what=3
09-15 11:40:27.619 D/Tethering(558): MasterInitialState.processMessage what=3
09-15 11:40:27.729 D/GCM     (871): GcmService start Intent { act=android.net.conn.CONNECTIVITY_CHANGE flg=0x8000010 cmp=com.google.android.gms/.gcm.GcmService (has extras) } android.net.conn.CONNECTIVITY_CHANGE
09-15 11:40:27.779 I/MusicLeanback(25072): Conditions not met for autocaching.
09-15 11:40:27.779 I/MusicLeanback(25072): Stop autocaching.
09-15 11:40:27.789 D/CacheService(25072): onCreate
09-15 11:40:27.789 D/CacheService(25072): onBind
09-15 11:40:27.789 I/ActivityManager(558): Start proc com.google.android.setupwizard for broadcast com.google.android.setupwizard/.MobileConnectivityChangeReceiver: pid=25867 uid=10170 gids={50170, 3003, 1028}
09-15 11:40:27.809 D/dalvikvm(246): GC_EXPLICIT freed 41K, 80% free 2562K/12788K, paused 2ms+2ms, total 15ms
09-15 11:40:27.809 D/CacheService(25072): onDestroy
09-15 11:40:27.819 D/dalvikvm(246): GC_EXPLICIT freed <1K, 80% free 2562K/12788K, paused 1ms+2ms, total 16ms
09-15 11:40:27.839 D/dalvikvm(246): GC_EXPLICIT freed <1K, 80% free 2562K/12788K, paused 2ms+2ms, total 17ms
09-15 11:40:27.849 I/ActivityManager(558): Start proc com.google.android.gsf.login for service com.google.android.gsf.login/com.google.android.gsf.loginservice.GoogleLoginService: pid=25884 uid=10023 gids={50023, 3003, 1007, 1028, 1015, 1006, 2001, 3006}
09-15 11:40:27.859 E/PhoneMonitor(25867): onOtaspChanged old =0, new =3
09-15 11:40:27.859 V/PhoneMonitor(25867): mOtaspPhoneStateListener#onOtaspChanged, mOtaspMode=3
09-15 11:40:27.889 I/k9      (13356): Committing preference changes
09-15 11:40:27.899 I/k9      (13356): Preferences commit took 6ms
09-15 11:40:27.929 I/MusicLeanback(25072): Conditions not met for autocaching.
09-15 11:40:27.929 I/MusicLeanback(25072): Stop autocaching.
09-15 11:40:27.929 I/CheckinService(871): Preparing to send checkin request
09-15 11:40:27.929 D/CacheService(25072): onCreate
09-15 11:40:27.929 D/CacheService(25072): onBind
09-15 11:40:27.929 I/EventLogService(871): Accumulating logs since 1379270247865
09-15 11:40:27.929 D/dalvikvm(558): GC_EXPLICIT freed 1063K, 33% free 34654K/51716K, paused 4ms+8ms, total 129ms
09-15 11:40:27.949 D/CacheService(25072): onDestroy
09-15 11:40:27.949 D/GCM     (871): GcmService start Intent { act=android.net.conn.CONNECTIVITY_CHANGE flg=0x8000010 cmp=com.google.android.gms/.gcm.GcmService (has extras) } android.net.conn.CONNECTIVITY_CHANGE
09-15 11:40:27.949 I/ActivityManager(558): No longer want com.google.android.setupwizard (pid 25867): empty #7
09-15 11:40:27.959 W/DnsProxyListener(244): Error writing DNS result to client
09-15 11:40:27.959 I/ActivityManager(558): No longer want com.google.android.gsf.login (pid 25884): empty #7
09-15 11:40:27.959 W/SocketClient(244): write error (Broken pipe)
09-15 11:40:27.979 I/ActivityManager(558): Start proc com.google.android.setupwizard for broadcast com.google.android.setupwizard/.MobileConnectivityChangeReceiver: pid=25911 uid=10170 gids={50170, 3003, 1028}
09-15 11:40:28.009 I/ActivityManager(558): Start proc com.google.android.gsf.login for service com.google.android.gsf.login/com.google.android.gsf.loginservice.GoogleLoginService: pid=25926 uid=10023 gids={50023, 3003, 1007, 1028, 1015, 1006, 2001, 3006}
09-15 11:40:28.039 E/PhoneMonitor(25911): onOtaspChanged old =0, new =3
09-15 11:40:28.039 V/PhoneMonitor(25911): mOtaspPhoneStateListener#onOtaspChanged, mOtaspMode=3
09-15 11:40:28.059 I/ActivityManager(558): No longer want com.google.android.setupwizard (pid 25911): empty #7
09-15 11:40:28.079 I/k9      (13356): Committing preference changes
09-15 11:40:28.089 I/k9      (13356): Preferences commit took 14ms
09-15 11:40:28.119 I/ActivityManager(558): No longer want com.google.android.music:main (pid 25072): empty #7
09-15 11:40:28.149 I/CheckinTask(871): Sending checkin request (2202 bytes)
09-15 11:40:28.169 D/ConnectivityService(558): handleInetConditionHoldEnd: net=0, condition=100, published condition=100
09-15 11:40:28.470 I/ActivityManager(558): Start proc com.koushikdutta.desktopsms for service com.koushikdutta.desktopsms/.SyncService: pid=25952 uid=10208 gids={50208, 1015, 3003, 1028}
09-15 11:40:28.510 I/dalvikvm(25952): Turning on JNI app bug workarounds for target SDK version 8...
09-15 11:40:28.540 I/ClockworkModBilling(25952): Refreshing Market purchases...
09-15 11:40:28.560 D/XAN-DPC (558): debounceButtonLight mLightSensorEnabled = true
09-15 11:40:28.560 D/XAN-DPC (558): Short Average = 325.56583 ,Long Average = 470.8103Last Lux = 320.0
09-15 11:40:28.560 D/XAN-DPC (558): getButtonValue: LUX=320, buttonValue=0
09-15 11:40:28.560 D/DisplayPowerState(558): setButtonBrightness: mScreenOn = true ,brightness=0
09-15 11:40:28.560 I/SyncService(25952): Service starting
09-15 11:40:28.560 I/ClockworkBilling(25952): com.clockworkmod.billing.BillingReceiver.REFRESH_MARKET
09-15 11:40:28.560 D/XAN-DPC (558): getButtonValue: LUX=379, buttonValue=0
09-15 11:40:28.580 I/ActivityManager(558): Start proc com.android.vending for service com.android.vending/com.google.android.finsky.billing.iab.MarketBillingService: pid=25969 uid=10159 gids={50159, 3003, 1015, 1028}
09-15 11:40:28.580 W/GCM     (871): DIR: /data/data/com.google.android.gms/app_APP /data/data/com.google.android.gsf
09-15 11:40:28.700 D/Finsky  (25969): [1] FinskyApp.onCreate: Initializing network with DFE https://android.clients.google.com/fdfe/
09-15 11:40:28.750 D/Finsky  (25969): [1] DailyHygiene.goMakeHygieneIfDirty: No need to run daily hygiene.
09-15 11:40:28.760 W/Settings(25969): Setting download_manager_max_bytes_over_mobile has moved from android.provider.Settings.Secure to android.provider.Settings.Global.
09-15 11:40:28.760 W/Settings(25969): Setting download_manager_recommended_max_bytes_over_mobile has moved from android.provider.Settings.Secure to android.provider.Settings.Global.
09-15 11:40:28.840 D/Finsky  (25969): [1] GmsCoreHelper.cleanupNlp: result=false type=4
09-15 11:40:28.910 D/Finsky  (25969): [1] 2.run: Loaded library for account: [1kiFEpc7a4SOlx1cvNYPmbkMR84]
09-15 11:40:28.910 D/Finsky  (25969): [1] 2.run: Finished loading 1 libraries.
09-15 11:40:28.910 D/Finsky  (25969): [2433] InAppBillingUtils.pickAccount: com.koushikdutta.desktopsms: Account determined from library ownership - [1kiFEpc7a4SOlx1cvNYPmbkMR84]
09-15 11:40:28.910 D/Finsky  (25969): [2433] InAppBillingUtils.pickAccount: com.koushikdutta.desktopsms: Account determined from library ownership - [1kiFEpc7a4SOlx1cvNYPmbkMR84]
09-15 11:40:28.940 I/ActivityManager(558): No longer want com.google.android.gallery3d (pid 25105): empty #7
09-15 11:40:28.980 I/CheckinTask(871): Checkin success: https://android.clients.google.com/checkin (1 requests sent)
09-15 11:40:29.160 D/GCM     (871): [C2DMRegistrar.276] Send register result  android.os.Messenger@421830a0 0 0
09-15 11:40:29.160 I/cj      (25952): APA91bHWhjo3rIeoZzS00rwQWla1BjEZ6sKW5VziwrcDZMHZTFNHGnszCxD0cPOcqom92rO40SmPiXekhM29xZ_QFNZyBJeHvxWfHVsdIT2zQX15qJ7oGsazN7SkHMlVH5TKd-B83-bM5GKk6wQwbymvh0Er0iLEz4h6M4g3OmaNqFmhE5j5f2g
09-15 11:40:29.320 I/dalvikvm(25969): Total arena pages for JIT: 11
09-15 11:40:29.320 I/dalvikvm(25969): Total arena pages for JIT: 12
09-15 11:40:30.141 I/ClockworkBilling(25952): com.android.vending.billing.PURCHASE_STATE_CHANGED
09-15 11:40:30.141 I/ClockworkBilling(25952): {"nonce":5058741142648389404,"orders":[]}
09-15 11:40:30.141 I/ClockworkBilling(25952): S94grBA+a9sl61aeaIXa1qJkdRf8TVqPzquW57+rTHpql/eL09ETk0w/cEv1gueUbTFILJ+ZJyzLHR7sHiX1fMt/5Hep4BltCcGXLZRX7n4O35xPSYHN5SzX7Na/rJ3QleOnXg4+uSYBM7hvMAVdrhW61bC4GY6rmUvlwplEDpVuDcjB/jqS3ivnS5BapONU7vFOXQBhFXe+tIMAIUPL3QCNN/pGjVOucWyXfRsYHUFUmckRT1PIkulv/Opv3Kt2urk0GZWKdYBfNKazNa/2HE8AiWlPsbvIaP64UQ3VXqozx4NDZBFrOS+KQs3cwEovEZnMT/1azMwsEgo49CYpbg==
09-15 11:40:30.141 I/ClockworkBilling(25952): Connecting to Market Service to acknowledge transactions.
09-15 11:40:30.141 D/Finsky  (25969): [1] MarketBillingService.sendResponseCode: Sending response RESULT_OK for request 7683967332060106388 to com.koushikdutta.desktopsms.
09-15 11:40:30.151 I/ClockworkBilling(25952): com.android.vending.billing.RESPONSE_CODE
09-15 11:40:30.151 I/ClockworkBilling(25952): Response Code: 7683967332060106388: 0
09-15 11:40:30.151 I/ClockworkBilling(25952): Connected to Market Service.
09-15 11:40:30.151 I/ClockworkBilling(25952): Reporting 0 orders to Market Service.
09-15 11:40:37.940 W/dalvikvm(685): [GC Control] disableGcForExternalAlloc: true
09-15 11:40:37.940 I/PanelView(685): disableGcForExternalAlloc:true
09-15 11:40:37.960 V/PanelView(685): animationTick called with dtms=0; nothing to do (h=0.0 v=0.0)
09-15 11:40:37.960 W/dalvikvm(685): [GC Control] disableGcForExternalAlloc: false
09-15 11:40:37.960 I/PanelView(685): disableGcForExternalAlloc:false
09-15 11:40:38.230 D/qdmemalloc(237): ion: Allocated buffer base:0x4306a000 size:901120 fd:45
09-15 11:40:38.230 D/qdmemalloc(237): ion: Allocated buffer base:0x40afc000 size:4096 fd:78
09-15 11:40:38.230 D/qdmemalloc(3734): ion: Mapped buffer base:0x6b62b000 size:901120 offset:0 fd:48
09-15 11:40:38.230 D/qdmemalloc(3734): ion: Mapped buffer base:0x63e13000 size:4096 offset:0 fd:49
09-15 11:40:38.250 D/qdmemalloc(237): ion: Allocated buffer base:0x432c9000 size:901120 fd:56
09-15 11:40:38.260 D/qdmemalloc(237): ion: Allocated buffer base:0x40031000 size:4096 fd:63
09-15 11:40:38.260 D/qdmemalloc(3734): ion: Mapped buffer base:0x6c2b2000 size:901120 offset:0 fd:51
09-15 11:40:38.260 D/qdmemalloc(3734): ion: Mapped buffer base:0x63e15000 size:4096 offset:0 fd:53
09-15 11:40:38.290 D/qdmemalloc(237): ion: Unmapping buffer  base:0x442d6000 size:1835008
09-15 11:40:38.290 D/qdmemalloc(237): ion: Unmapping buffer  base:0x40afa000 size:4096
09-15 11:40:39.441 D/qdmemalloc(237): ion: Allocated buffer base:0x433ad000 size:901120 fd:71
09-15 11:40:39.441 D/qdmemalloc(237): ion: Allocated buffer base:0x40018000 size:4096 fd:90
09-15 11:40:39.441 D/qdmemalloc(3734): ion: Mapped buffer base:0x6c900000 size:901120 offset:0 fd:54
09-15 11:40:39.441 D/qdmemalloc(3734): ion: Mapped buffer base:0x63e16000 size:4096 offset:0 fd:67
09-15 11:40:43.045 W/dalvikvm(685): [GC Control] disableGcForExternalAlloc: true
09-15 11:40:43.055 I/PanelView(685): disableGcForExternalAlloc:true
09-15 11:40:43.085 D/IMediaPlayer(248): BnMediaPlayer::onTransact(), code=7,
09-15 11:40:43.085 D/AwesomePlayer(248): [MEDIA][42077E18][A] pause (1200)
09-15 11:40:43.085 I/AwesomePlayer(248): Lock success within 0 us
09-15 11:40:43.085 D/AwesomePlayer(248): [MEDIA][42077E18][A] pause_l (1231)
09-15 11:40:43.085 D/IMediaPlayer(685): stop(169) return
09-15 11:40:43.085 D/MediaPlayer(685): release() in
09-15 11:40:43.085 D/IMediaPlayer(248): BnMediaPlayer::onTransact(), code=1,
09-15 11:40:43.085 D/AwesomePlayer(248): [MEDIA][42077E18][A] reset (520)
09-15 11:40:43.085 D/AwesomePlayer(248): [MEDIA][42077E18][A] breakNetwork (2680)
09-15 11:40:43.085 D/AwesomePlayer(248): [MEDIA][42077E18][A] reset_l (529)
09-15 11:40:43.085 D/AwesomePlayer(248): [MEDIA][42077E18] reset_l (593)
09-15 11:40:43.085 D/OMXCodec(248): [OMX.google.vorbis.decoder] +mAsyncCompletion.wait: 3798, mState = 5
09-15 11:40:43.085 D/OMXCodec(248): [OMX.google.vorbis.decoder] -mAsyncCompletion.wait
09-15 11:40:43.085 D/AwesomePlayer(248): [MEDIA][42077E18] reset_l (598)
09-15 11:40:43.085 D/AwesomePlayer(248): [MEDIA][42077E18] reset_l (648)
09-15 11:40:43.085 D/AwesomePlayer(248): [MEDIA][42077E18] reset (520)
09-15 11:40:43.085 D/AwesomePlayer(248): [MEDIA][42077E18] breakNetwork (2680)
09-15 11:40:43.095 D/AwesomePlayer(248): [MEDIA][42077E18] reset_l (529)
09-15 11:40:43.095 D/AwesomePlayer(248): [MEDIA][42077E18] reset_l (593)
09-15 11:40:43.095 D/AwesomePlayer(248): [MEDIA][42077E18] reset_l (598)
09-15 11:40:43.095 D/AwesomePlayer(248): [MEDIA][42077E18] reset_l (648)
09-15 11:40:43.095 D/AwesomePlayer(248): [MEDIA][42077E18] ~AwesomePlayer (250)
09-15 11:40:43.095 D/AwesomePlayer(248): [MEDIA][42077E18] breakNetwork (2680)
09-15 11:40:43.095 D/AwesomePlayer(248): [MEDIA][42077E18] reset (520)
09-15 11:40:43.095 D/AwesomePlayer(248): [MEDIA][42077E18] breakNetwork (2680)
09-15 11:40:43.095 D/AwesomePlayer(248): [MEDIA][42077E18] reset_l (529)
09-15 11:40:43.095 D/AwesomePlayer(248): [MEDIA][42077E18] reset_l (593)
09-15 11:40:43.095 D/AwesomePlayer(248): [MEDIA][42077E18] reset_l (598)
09-15 11:40:43.095 D/AwesomePlayer(248): [MEDIA][42077E18] reset_l (648)
09-15 11:40:43.095 D/IMediaPlayer(685): disconnect(90) return
09-15 11:40:43.095 D/IAudioFlinger(248): BnAudioFlinger::onTransact(), code=36
09-15 11:40:43.095 D/IAudioFlinger(685): releaseAudioSessionId(596) return
09-15 11:40:43.095 D/MediaPlayer(685): release() out
09-15 11:40:43.145 D/qdmemalloc(685): ion: Unmapping buffer  base:0x66b30000 size:417792
09-15 11:40:43.145 D/qdmemalloc(685): ion: Unmapping buffer  base:0x40003000 size:4096
09-15 11:40:43.145 D/qdmemalloc(685): ion: Unmapping buffer  base:0x6997d000 size:417792
09-15 11:40:43.155 D/qdmemalloc(685): ion: Unmapping buffer  base:0x62c7a000 size:4096
09-15 11:40:43.155 D/qdmemalloc(685): ion: Unmapping buffer  base:0x6a1cc000 size:417792
09-15 11:40:43.155 D/qdmemalloc(685): ion: Unmapping buffer  base:0x62c83000 size:4096
09-15 11:40:43.155 D/qdmemalloc(237): ion: Unmapping buffer  base:0x40ccf000 size:417792
09-15 11:40:43.155 D/qdmemalloc(237): ion: Unmapping buffer  base:0x40086000 size:4096
09-15 11:40:43.155 D/qdmemalloc(237): ion: Freeing buffer base:0x0 size:417792 fd:29
09-15 11:40:43.155 D/qdmemalloc(237): ion: Freeing buffer base:0x0 size:4096 fd:36
09-15 11:40:43.155 D/qdmemalloc(237): ion: Unmapping buffer  base:0x40d35000 size:417792
09-15 11:40:43.155 D/qdmemalloc(237): ion: Unmapping buffer  base:0x4031f000 size:4096
09-15 11:40:43.155 D/qdmemalloc(237): ion: Freeing buffer base:0x0 size:417792 fd:30
09-15 11:40:43.155 D/qdmemalloc(237): ion: Freeing buffer base:0x0 size:4096 fd:31
09-15 11:40:43.215 D/qdmemalloc(237): ion: Allocated buffer base:0x46e54000 size:8355840 fd:29
09-15 11:40:43.215 D/qdmemalloc(237): ion: Allocated buffer base:0x4031f000 size:4096 fd:30
09-15 11:40:43.215 D/qdmemalloc(685): ion: Mapped buffer base:0x6d79f000 size:8355840 offset:0 fd:59
09-15 11:40:43.215 D/qdmemalloc(685): ion: Mapped buffer base:0x62c7a000 size:4096 offset:0 fd:60
09-15 11:40:43.225 V/PanelView(685): animationTick called with dtms=0; nothing to do (h=751.73895 v=6230.9688)
09-15 11:40:43.225 V/PanelView(685): animationTick called with dtms=-2; nothing to do (h=751.73895 v=6230.9688)
09-15 11:40:43.245 D/qdmemalloc(237): ion: Allocated buffer base:0x486db000 size:8355840 fd:66
09-15 11:40:43.245 D/qdmemalloc(237): ion: Allocated buffer base:0x40005000 size:4096 fd:72
09-15 11:40:43.245 D/qdmemalloc(685): ion: Mapped buffer base:0x6dfd8000 size:8355840 offset:0 fd:61
09-15 11:40:43.245 D/qdmemalloc(685): ion: Mapped buffer base:0x62c83000 size:4096 offset:0 fd:62
09-15 11:40:43.265 D/qdmemalloc(237): ion: Allocated buffer base:0x48ed3000 size:8355840 fd:77
09-15 11:40:43.265 D/qdmemalloc(237): ion: Allocated buffer base:0x40085000 size:4096 fd:33
09-15 11:40:43.265 D/qdmemalloc(685): ion: Mapped buffer base:0x6e811000 size:8355840 offset:0 fd:63
09-15 11:40:43.265 D/qdmemalloc(685): ion: Mapped buffer base:0x63d83000 size:4096 offset:0 fd:64
09-15 11:40:43.415 W/dalvikvm(685): [GC Control] disableGcForExternalAlloc: false
09-15 11:40:43.415 I/PanelView(685): disableGcForExternalAlloc:false
09-15 11:40:43.415 I/NotificationRowLayout(685): setLayoutTransitionsEnabled:true
09-15 11:40:45.798 I/PowerManagerService-JNI(558): enabling perf mode...
09-15 11:40:45.798 I/PowerManagerService-JNI(558): perf mode enabled. ret=0
09-15 11:40:45.798 W/CpuWake (558): >>nativeAcquireCpuPerfWakeLock()
09-15 11:40:45.798 W/CpuWake (558): <<nativeAcquireCpuPerfWakeLock()
09-15 11:40:45.798 I/ActivityManager(558): START u0 {act=android.settings.WIFI_SETTINGS flg=0x14000000 cmp=com.android.settings/.Settings$WifiSettingsActivity} from pid 685
09-15 11:40:45.878 W/SurfaceFlinger(237): FB is protected: PERMISSION_DENIED
09-15 11:40:45.878 W/WindowManager(558): Screenshot failure taking screenshot for (492x874) to layer 21055
09-15 11:40:45.888 D/OpenGLRenderer(14566): Flushing caches (mode 0)
09-15 11:40:45.888 W/dalvikvm(685): [GC Control] disableGcForExternalAlloc: true
09-15 11:40:45.888 I/PanelView(685): disableGcForExternalAlloc:true
09-15 11:40:45.888 V/PanelView(685): animationTick called with dtms=0; nothing to do (h=1920.0 v=-6000.0)
09-15 11:40:45.898 W/KeyCachingService(3734): Decrementing activity count...
09-15 11:40:45.918 I/NotificationRowLayout(685): setLayoutTransitionsEnabled:false
09-15 11:40:45.928 D/dalvikvm(14566): GC_CONCURRENT freed 1890K, 36% free 18420K/28468K, paused 1ms+8ms, total 32ms
09-15 11:40:45.968 D/dalvikvm(14566): GC_FOR_ALLOC freed 4546K, 47% free 15352K/28468K, paused 19ms, total 20ms
09-15 11:40:46.118 D/qdmemalloc(237): ion: Allocated buffer base:0x496cb000 size:8355840 fd:35
09-15 11:40:46.118 D/qdmemalloc(237): ion: Allocated buffer base:0x40afa000 size:4096 fd:95
09-15 11:40:46.118 D/qdmemalloc(14566): ion: Mapped buffer base:0x6d888000 size:8355840 offset:0 fd:52
09-15 11:40:46.118 D/qdmemalloc(14566): ion: Mapped buffer base:0x4002f000 size:4096 offset:0 fd:53
09-15 11:40:46.138 I/ActivityManager(558): Displayed com.android.settings/.Settings$WifiSettingsActivity: +251ms
09-15 11:40:46.138 D/OpenGLRenderer(3734): Flushing caches (mode 0)
09-15 11:40:46.148 D/qdmemalloc(3734): ion: Unmapping buffer  base:0x6db53000 size:8355840
09-15 11:40:46.148 D/qdmemalloc(237): ion: Unmapping buffer  base:0x40e6b000 size:417792
09-15 11:40:46.148 D/qdmemalloc(237): ion: Unmapping buffer  base:0x40015000 size:4096
09-15 11:40:46.148 D/qdmemalloc(237): ion: Allocated buffer base:0x49ec3000 size:8355840 fd:91
09-15 11:40:46.148 D/qdmemalloc(237): ion: Freeing buffer base:0x0 size:417792 fd:54
09-15 11:40:46.148 D/qdmemalloc(237): ion: Freeing buffer base:0x0 size:4096 fd:62
09-15 11:40:46.148 D/qdmemalloc(237): ion: Allocated buffer base:0x40096000 size:4096 fd:32
09-15 11:40:46.148 D/qdmemalloc(14566): ion: Mapped buffer base:0x6e453000 size:8355840 offset:0 fd:54
09-15 11:40:46.148 D/qdmemalloc(14566): ion: Mapped buffer base:0x40024000 size:4096 offset:0 fd:55
09-15 11:40:46.158 D/qdmemalloc(3734): ion: Unmapping buffer  base:0x63e12000 size:4096
09-15 11:40:46.158 D/qdmemalloc(3734): ion: Unmapping buffer  base:0x6e364000 size:8355840
09-15 11:40:46.158 D/qdmemalloc(3734): ion: Unmapping buffer  base:0x40030000 size:4096
09-15 11:40:46.158 D/qdmemalloc(3734): ion: Unmapping buffer  base:0x6f41f000 size:8355840
09-15 11:40:46.158 D/qdmemalloc(3734): ion: Unmapping buffer  base:0x63e14000 size:4096
09-15 11:40:46.158 D/qdmemalloc(237): ion: Unmapping buffer  base:0x4665c000 size:8355840
09-15 11:40:46.158 D/qdmemalloc(237): ion: Unmapping buffer  base:0x401fe000 size:4096
09-15 11:40:46.158 D/qdmemalloc(237): ion: Freeing buffer base:0x0 size:8355840 fd:58
09-15 11:40:46.158 D/qdmemalloc(237): ion: Freeing buffer base:0x0 size:4096 fd:51
09-15 11:40:46.158 D/qdmemalloc(237): ion: Unmapping buffer  base:0x45e64000 size:8355840
09-15 11:40:46.158 D/qdmemalloc(237): ion: Unmapping buffer  base:0x4001b000 size:4096
09-15 11:40:46.158 D/qdmemalloc(237): ion: Freeing buffer base:0x0 size:8355840 fd:73
09-15 11:40:46.158 D/qdmemalloc(237): ion: Freeing buffer base:0x0 size:4096 fd:27
09-15 11:40:46.168 D/OpenGLRenderer(3734): Flushing caches (mode 0)
09-15 11:40:46.178 D/qdmemalloc(3734): ion: Unmapping buffer  base:0x6b62b000 size:901120
09-15 11:40:46.178 D/qdmemalloc(3734): ion: Unmapping buffer  base:0x63e13000 size:4096
09-15 11:40:46.178 D/qdmemalloc(3734): ion: Unmapping buffer  base:0x6c2b2000 size:901120
09-15 11:40:46.178 D/qdmemalloc(3734): ion: Unmapping buffer  base:0x63e15000 size:4096
09-15 11:40:46.178 D/qdmemalloc(3734): ion: Unmapping buffer  base:0x6c900000 size:901120
09-15 11:40:46.178 D/qdmemalloc(3734): ion: Unmapping buffer  base:0x63e16000 size:4096
09-15 11:40:46.178 D/qdmemalloc(237): ion: Unmapping buffer  base:0x4306a000 size:901120
09-15 11:40:46.178 D/qdmemalloc(237): ion: Unmapping buffer  base:0x40afc000 size:4096
09-15 11:40:46.178 D/qdmemalloc(237): ion: Freeing buffer base:0x0 size:901120 fd:45
09-15 11:40:46.178 D/qdmemalloc(237): ion: Freeing buffer base:0x0 size:4096 fd:78
09-15 11:40:46.178 D/qdmemalloc(237): ion: Unmapping buffer  base:0x432c9000 size:901120
09-15 11:40:46.178 D/qdmemalloc(237): ion: Unmapping buffer  base:0x40031000 size:4096
09-15 11:40:46.178 D/qdmemalloc(237): ion: Freeing buffer base:0x0 size:901120 fd:56
09-15 11:40:46.178 D/qdmemalloc(237): ion: Freeing buffer base:0x0 size:4096 fd:63
09-15 11:40:46.188 W/dalvikvm(685): [GC Control] disableGcForExternalAlloc: false
09-15 11:40:46.188 I/PanelView(685): disableGcForExternalAlloc:false
09-15 11:40:46.188 D/OpenGLRenderer(3734): Flushing caches (mode 1)
09-15 11:40:46.228 I/NotificationRowLayout(685): setLayoutTransitionsEnabled:false
09-15 11:40:46.259 I/InputMethodManagerService(558): Disable input method client, pid=3734
09-15 11:40:46.259 W/IInputConnectionWrapper(3734): showStatusIcon on inactive InputConnection
09-15 11:40:46.259 I/InputMethodManagerService(558): Enable input method client, pid=14566
09-15 11:40:46.269 D/qdmemalloc(685): ion: Unmapping buffer  base:0x6d79f000 size:8355840
09-15 11:40:46.269 D/qdmemalloc(685): ion: Unmapping buffer  base:0x62c7a000 size:4096
09-15 11:40:46.269 D/qdmemalloc(685): ion: Unmapping buffer  base:0x6dfd8000 size:8355840
09-15 11:40:46.269 D/qdmemalloc(685): ion: Unmapping buffer  base:0x62c83000 size:4096
09-15 11:40:46.269 D/qdmemalloc(685): ion: Unmapping buffer  base:0x6e811000 size:8355840
09-15 11:40:46.269 D/qdmemalloc(685): ion: Unmapping buffer  base:0x63d83000 size:4096
09-15 11:40:46.269 D/qdmemalloc(237): ion: Unmapping buffer  base:0x46e54000 size:8355840
09-15 11:40:46.269 D/qdmemalloc(237): ion: Unmapping buffer  base:0x4031f000 size:4096
09-15 11:40:46.269 D/qdmemalloc(237): ion: Freeing buffer base:0x0 size:8355840 fd:29
09-15 11:40:46.269 D/qdmemalloc(237): ion: Freeing buffer base:0x0 size:4096 fd:30
09-15 11:40:46.269 D/qdmemalloc(237): ion: Unmapping buffer  base:0x486db000 size:8355840
09-15 11:40:46.269 D/qdmemalloc(237): ion: Unmapping buffer  base:0x40005000 size:4096
09-15 11:40:46.269 D/qdmemalloc(237): ion: Freeing buffer base:0x0 size:8355840 fd:66
09-15 11:40:46.269 D/qdmemalloc(237): ion: Freeing buffer base:0x0 size:4096 fd:72
09-15 11:40:46.279 D/qdmemalloc(237): ion: Allocated buffer base:0x40ccf000 size:417792 fd:27
09-15 11:40:46.279 D/qdmemalloc(237): ion: Allocated buffer base:0x401fe000 size:4096 fd:31
09-15 11:40:46.279 D/qdmemalloc(685): ion: Mapped buffer base:0x66b30000 size:417792 offset:0 fd:59
09-15 11:40:46.279 D/qdmemalloc(685): ion: Mapped buffer base:0x40026000 size:4096 offset:0 fd:60
09-15 11:40:46.279 D/qdmemalloc(237): ion: Allocated buffer base:0x40d35000 size:417792 fd:36
09-15 11:40:46.279 D/qdmemalloc(237): ion: Allocated buffer base:0x40038000 size:4096 fd:51
09-15 11:40:46.289 D/qdmemalloc(685): ion: Mapped buffer base:0x6997d000 size:417792 offset:0 fd:61
09-15 11:40:46.289 D/qdmemalloc(685): ion: Mapped buffer base:0x62c7a000 size:4096 offset:0 fd:62
09-15 11:40:46.299 D/qdmemalloc(237): ion: Unmapping buffer  base:0x48ed3000 size:8355840
09-15 11:40:46.299 D/qdmemalloc(237): ion: Unmapping buffer  base:0x40085000 size:4096
09-15 11:40:46.299 D/qdmemalloc(237): ion: Freeing buffer base:0x0 size:8355840 fd:77
09-15 11:40:46.299 D/qdmemalloc(237): ion: Freeing buffer base:0x0 size:4096 fd:33
09-15 11:40:46.439 D/qdmemalloc(237): ion: Unmapping buffer  base:0x433ad000 size:901120
09-15 11:40:46.439 D/qdmemalloc(237): ion: Unmapping buffer  base:0x40018000 size:4096
09-15 11:40:46.439 D/qdmemalloc(237): ion: Freeing buffer base:0x0 size:901120 fd:71
09-15 11:40:46.439 D/qdmemalloc(237): ion: Freeing buffer base:0x0 size:4096 fd:90
09-15 11:40:46.859 D/OpenGLRenderer(3734): Flushing caches (mode 0)
09-15 11:40:46.869 D/qdmemalloc(237): ion: Unmapping buffer  base:0x44e0e000 size:8355840
09-15 11:40:46.869 D/qdmemalloc(237): ion: Unmapping buffer  base:0x40260000 size:4096
09-15 11:40:46.869 D/qdmemalloc(237): ion: Freeing buffer base:0x0 size:8355840 fd:60
09-15 11:40:46.869 D/qdmemalloc(237): ion: Freeing buffer base:0x0 size:4096 fd:69
09-15 11:40:46.889 D/qdmemalloc(237): ion: Allocated buffer base:0x44e0e000 size:8355840 fd:60
09-15 11:40:46.889 D/qdmemalloc(237): ion: Allocated buffer base:0x40260000 size:4096 fd:69
09-15 11:40:46.889 D/qdmemalloc(14566): ion: Mapped buffer base:0x6ec4b000 size:8355840 offset:0 fd:57
09-15 11:40:46.889 D/qdmemalloc(14566): ion: Mapped buffer base:0x400de000 size:4096 offset:0 fd:58
09-15 11:40:47.230 I/PhoneStatusBar(685): releaseTextureCache:true
09-15 11:40:47.230 D/OpenGLRenderer(685): Flushing caches (mode 1)
09-15 11:40:47.790 I/PowerManagerService-JNI(558): disabling perf mode...
09-15 11:40:47.790 W/CpuWake (558): >>nativeReleaseCpuPerfWakeLock()
09-15 11:40:47.800 I/PowerManagerService-JNI(558): perf mode disabled. ret=0
09-15 11:40:47.800 W/CpuWake (558): <<nativeReleaseCpuPerfWakeLock()
09-15 11:40:49.962 D/WifiService(558): setWifiEnabled: true pid=14566, uid=1000
09-15 11:40:49.962 E/WifiService(558): Invoking mWifiStateMachine.setWifiEnabled
09-15 11:40:49.982 D/WifiStateMachine(558): handleMessage: E msg.what=131083
09-15 11:40:49.982 D/WifiStateMachine(558): processMsg: InitialState
09-15 11:40:49.982 D/WifiHW  (558): wifi_load_driver no load module
09-15 11:40:49.993 D/SoftapController(244): Softap fwReload - Ok
09-15 11:40:49.993 D/CommandListener(244): Setting iface cfg
09-15 11:40:49.993 D/CommandListener(244): Trying to bring down wlan0
09-15 11:40:49.993 D/WifiHW  (558): wifi_stop_supplicant enter
09-15 11:40:49.993 D/WifiHW  (558): wifi_stop_supplicant end right 1
09-15 11:40:49.993 D/WifiHW  (558): wifi_start_supplicant_common enter
09-15 11:40:50.003 D/WifiHW  (558): wifi_start_supplicant_common right 2
09-15 11:40:50.003 D/WifiStateMachine(558): setWifiState: enabling
09-15 11:40:50.003 D/WifiStateMachine(558): Supplicant start successful
09-15 11:40:50.033 D/BluetoothAdapter(14566): 1110831352: getState() :  mService = null. Returning STATE_OFF
09-15 11:40:50.043 I/wpa_supplicant(26042): Successfully initialized wpa_supplicant
09-15 11:40:50.063 D/WifiStateMachine(558): transitionTo: destState=SupplicantStartingState
09-15 11:40:50.063 D/WifiStateMachine(558): handleMessage: new destination call exit/enter
09-15 11:40:50.063 D/WifiStateMachine(558): setupTempStateStackWithStatesToEnter: X mTempStateStackCount=1,curStateInfo: state=DefaultState,active=true,parent=null
09-15 11:40:50.063 D/WifiStateMachine(558): invokeExitMethods: InitialState
09-15 11:40:50.063 D/WifiStateMachine(558): moveTempStackToStateStack: i=0,j=1
09-15 11:40:50.063 D/WifiStateMachine(558): moveTempStackToStateStack: X mStateStackTop=1,startingIndex=1,Top=SupplicantStartingState
09-15 11:40:50.063 D/WifiStateMachine(558): invokeEnterMethods: SupplicantStartingState
09-15 11:40:50.063 D/WifiStateMachine(558): handleMessage: X
09-15 11:40:50.063 D/WifiStateMachine(558): handleMessage: E msg.what=131144
09-15 11:40:50.063 D/WifiStateMachine(558): processMsg: SupplicantStartingState
09-15 11:40:50.063 D/WifiStateMachine(558): deferMessage: msg=131144
09-15 11:40:50.063 D/WifiStateMachine(558): handleMessage: X
09-15 11:40:50.063 D/WifiStateMachine(558): handleMessage: E msg.what=131085
09-15 11:40:50.063 D/WifiStateMachine(558): processMsg: SupplicantStartingState
09-15 11:40:50.063 D/WifiStateMachine(558): deferMessage: msg=131085
09-15 11:40:50.063 D/WifiStateMachine(558): handleMessage: X
09-15 11:40:50.063 D/WifiStateMachine(558): handleMessage: E msg.what=131149
09-15 11:40:50.063 D/WifiStateMachine(558): processMsg: SupplicantStartingState
09-15 11:40:50.063 D/WifiStateMachine(558): processMsg: DefaultState
09-15 11:40:50.063 D/WifiStateMachine(558): setSuspendOptimizations: 2 true
09-15 11:40:50.063 D/WifiStateMachine(558): mSuspendOptNeedsDisabled 4
09-15 11:40:50.063 D/WifiStateMachine(558): handleMessage: X
09-15 11:40:50.063 I/ActivityManager(558): Start proc com.google.android.keep for broadcast com.google.android.keep/.notification.AlertReceiver: pid=26044 uid=10202 gids={50202, 3003, 1015, 1028}
09-15 11:40:50.133 I/wpa_supplicant(26042): rfkill: Cannot open RFKILL control device
09-15 11:40:50.253 I/ActivityManager(558): No longer want com.google.android.apps.uploader (pid 25577): empty #7
09-15 11:40:50.683 D/Tethering(558): sendTetherStateChangedBroadcast 1, 0, 0
09-15 11:40:50.683 D/WifiStateMachine(558): handleMessage: E msg.what=131101
09-15 11:40:50.683 D/WifiStateMachine(558): processMsg: SupplicantStartingState
09-15 11:40:50.683 D/WifiStateMachine(558): processMsg: DefaultState
09-15 11:40:50.683 D/WifiStateMachine(558): handleMessage: X
09-15 11:40:50.833 I/wpa_supplicant(26042): rfkill: Cannot open RFKILL control device
09-15 11:40:50.944 D/WifiStateMachine(558): handleMessage: E msg.what=147457
09-15 11:40:50.944 D/WifiStateMachine(558): processMsg: SupplicantStartingState
09-15 11:40:50.944 D/WifiStateMachine(558): Supplicant connection established
09-15 11:40:50.944 D/WifiStateMachine(558): setWifiState: enabled
09-15 11:40:51.024 D/BluetoothAdapter(14566): 1110831352: getState() :  mService = null. Returning STATE_OFF
09-15 11:40:51.034 E/wpa_supplicant(26042): Line -1: too long model_name (len=34 max_len=32)
09-15 11:40:51.034 E/wpa_supplicant(26042): Line -1: failed to parse 'model_name=HTC One with MoDaCo.SWITCH Beta 13'.
09-15 11:40:51.034 E/WifiStateMachine(558): Failed to set model name HTC One with MoDaCo.SWITCH Beta 13
09-15 11:40:51.034 E/wpa_supplicant(26042): Line -1: too long model_number (len=34 max_len=32)
09-15 11:40:51.034 E/wpa_supplicant(26042): Line -1: failed to parse 'model_number=HTC One with MoDaCo.SWITCH Beta 13'.
09-15 11:40:51.034 E/WifiStateMachine(558): Failed to set model number HTC One with MoDaCo.SWITCH Beta 13
09-15 11:40:51.044 D/WifiStateMachine(558): transitionTo: destState=DriverStartedState
09-15 11:40:51.044 D/WifiStateMachine(558): handleMessage: new destination call exit/enter
09-15 11:40:51.044 D/WifiStateMachine(558): setupTempStateStackWithStatesToEnter: X mTempStateStackCount=2,curStateInfo: state=DefaultState,active=true,parent=null
09-15 11:40:51.044 D/WifiStateMachine(558): invokeExitMethods: SupplicantStartingState
09-15 11:40:51.044 D/WifiStateMachine(558): moveTempStackToStateStack: i=1,j=1
09-15 11:40:51.044 D/WifiStateMachine(558): moveTempStackToStateStack: i=0,j=2
09-15 11:40:51.044 D/WifiStateMachine(558): moveTempStackToStateStack: X mStateStackTop=2,startingIndex=1,Top=DriverStartedState
09-15 11:40:51.044 D/WifiStateMachine(558): invokeEnterMethods: SupplicantStartedState
09-15 11:40:51.044 D/WifiStateMachine(558): invokeEnterMethods: DriverStartedState
09-15 11:40:51.044 D/WifiStateMachine(558): DriverStartedState call setCountryCode()
09-15 11:40:51.044 D/WifiStateMachine(558): setDetailed state, old =DISCONNECTED and new state=DISCONNECTED
09-15 11:40:51.044 D/WifiStateMachine(558): transitionTo: destState=DisconnectedState
09-15 11:40:51.044 D/WifiP2pService(558): P2pDisabledState{ what=131203 when=0 }
09-15 11:40:51.054 D/CommandListener(244): Setting iface cfg
09-15 11:40:51.054 D/CommandListener(244): Trying to bring up p2p0
09-15 11:40:51.054 D/WifiStateMachine(558): moveDeferredMessageAtFrontOfQueue; what=131085
09-15 11:40:51.054 D/WifiStateMachine(558): moveDeferredMessageAtFrontOfQueue; what=131144
09-15 11:40:51.054 D/WifiStateMachine(558): handleMessage: new destination call exit/enter
09-15 11:40:51.054 D/WifiStateMachine(558): setupTempStateStackWithStatesToEnter: X mTempStateStackCount=2,curStateInfo: state=DriverStartedState,active=true,parent=SupplicantStartedState
09-15 11:40:51.054 D/WifiStateMachine(558): moveTempStackToStateStack: i=1,j=3
09-15 11:40:51.054 D/WifiStateMachine(558): moveTempStackToStateStack: i=0,j=4
09-15 11:40:51.054 D/WifiStateMachine(558): moveTempStackToStateStack: X mStateStackTop=4,startingIndex=3,Top=DisconnectedState
09-15 11:40:51.054 D/WifiStateMachine(558): invokeEnterMethods: ConnectModeState
09-15 11:40:51.054 D/WifiStateMachine(558): invokeEnterMethods: DisconnectedState
09-15 11:40:51.054 D/WifiStateMachine(558): DisconnectedState call setCountryCode()
09-15 11:40:51.054 D/WifiStateMachine(558): handleMessage: X
09-15 11:40:51.054 D/WifiStateMachine(558): handleMessage: E msg.what=131144
09-15 11:40:51.054 D/WifiStateMachine(558): processMsg: DisconnectedState
09-15 11:40:51.054 D/WifiStateMachine(558): handleMessage: X
09-15 11:40:51.054 D/WifiStateMachine(558): handleMessage: E msg.what=131085
09-15 11:40:51.054 D/WifiStateMachine(558): processMsg: DisconnectedState
09-15 11:40:51.054 D/WifiStateMachine(558): processMsg: ConnectModeState
09-15 11:40:51.054 D/WifiStateMachine(558): processMsg: DriverStartedState
09-15 11:40:51.054 D/WifiStateMachine(558): handleMessage: X
09-15 11:40:51.054 D/WifiStateMachine(558): handleMessage: E msg.what=131152
09-15 11:40:51.054 D/WifiStateMachine(558): processMsg: DisconnectedState
09-15 11:40:51.054 D/WifiStateMachine(558): processMsg: ConnectModeState
09-15 11:40:51.054 D/WifiStateMachine(558): processMsg: DriverStartedState
09-15 11:40:51.054 E/WifiStateMachine(558): set country code us
09-15 11:40:51.054 I/wpa_supplicant(26042): set_country = US
09-15 11:40:51.054 D/WifiP2pService(558): P2pEnablingState
09-15 11:40:52.135 I/wpa_supplicant(26042): wlan0: Trying to associate with 00:17:3f:7f:ce:ee (SSID='Tinkerbell' freq=2462 MHz)
09-15 11:40:52.135 D/WifiStateMachine(558): handleMessage: X
09-15 11:40:52.135 D/WifiStateMachine(558): handleMessage: E msg.what=131162
09-15 11:40:52.135 D/WifiStateMachine(558): processMsg: DisconnectedState
09-15 11:40:52.135 D/WifiStateMachine(558): processMsg: ConnectModeState
09-15 11:40:52.135 D/WifiStateMachine(558): processMsg: DriverStartedState
09-15 11:40:52.135 D/WifiStateMachine(558): set frequency band 0
09-15 11:40:52.145 I/wpa_supplicant(26042): setband = 0
09-15 11:40:52.175 I/wpa_supplicant(26042): wlan0: CTRL-EVENT-ASSOC-REJECT status_code=1
09-15 11:40:52.175 E/wpa_supplicant(26042): Retrying assoc: 1 
09-15 11:40:52.175 I/wpa_supplicant(26042): wlan0: CTRL-EVENT-DISCONNECTED bssid=00:17:3f:7f:ce:ee reason=3 locally_generated=1
09-15 11:40:52.185 D/WifiStateMachine(558): handleMessage: X
09-15 11:40:52.185 D/WifiStateMachine(558): handleMessage: E msg.what=147462
09-15 11:40:52.185 D/WifiStateMachine(558): processMsg: DisconnectedState
09-15 11:40:52.185 D/WifiStateMachine(558): setDetailed state, old =DISCONNECTED and new state=SCANNING
09-15 11:40:52.185 D/WifiStateMachine(558): processMsg: ConnectModeState
09-15 11:40:52.185 D/WifiStateMachine(558): handleMessage: X
09-15 11:40:52.185 D/WifiStateMachine(558): handleMessage: E msg.what=131152
09-15 11:40:52.185 D/WifiStateMachine(558): processMsg: DisconnectedState
09-15 11:40:52.185 D/WifiStateMachine(558): processMsg: ConnectModeState
09-15 11:40:52.185 D/WifiStateMachine(558): processMsg: DriverStartedState
09-15 11:40:52.185 E/WifiStateMachine(558): set country code us
09-15 11:40:52.185 I/wpa_supplicant(26042): skip set_country = US
09-15 11:40:52.185 D/WifiStateMachine(558): handleMessage: X
09-15 11:40:52.185 D/WifiStateMachine(558): handleMessage: E msg.what=131143
09-15 11:40:52.185 D/WifiStateMachine(558): processMsg: DisconnectedState
09-15 11:40:52.185 D/WifiStateMachine(558): processMsg: ConnectModeState
09-15 11:40:52.185 D/WifiStateMachine(558): processMsg: DriverStartedState
09-15 11:40:52.185 D/WifiStateMachine(558): handleMessage: X
09-15 11:40:52.185 D/WifiStateMachine(558): handleMessage: E msg.what=131131
09-15 11:40:52.185 D/WifiStateMachine(558): processMsg: DisconnectedState
09-15 11:40:52.185 D/WifiP2pService(558): P2pEnablingState{ what=147457 when=-1ms }
09-15 11:40:52.185 D/WifiP2pService(558): P2p socket connection successful
09-15 11:40:52.185 D/WifiP2pService(558): P2pEnabledState
09-15 11:40:52.185 D/WifiP2pService(558): sending p2p connection changed broadcast
09-15 11:40:52.185 D/WifiDisplayController(558): Received WIFI_P2P_STATE_CHANGED_ACTION: enabled=true
09-15 11:40:52.185 D/WifiDisplayController(558): Received WIFI_P2P_CONNECTION_CHANGED_ACTION: networkInfo=NetworkInfo: type: WIFI_P2P[], state: UNKNOWN/IDLE, reason: (unspecified), extra: (none), roaming: false, failover: false, isAvailable: true
09-15 11:40:52.185 D/WifiDisplayAdapter(558): getWifiDisplayStatusLocked: result=WifiDisplayStatus{featureState=2, scanState=0, activeDisplayState=0, activeDisplay=null, availableDisplays=[], rememberedDisplays=[]}
09-15 11:40:52.195 D/WifiStateMachine(558): processMsg: ConnectModeState
09-15 11:40:52.195 D/WifiStateMachine(558): handleMessage: X
09-15 11:40:52.195 D/WifiStateMachine(558): handleMessage: E msg.what=147461
09-15 11:40:52.195 D/WifiStateMachine(558): processMsg: DisconnectedState
09-15 11:40:52.195 D/WifiStateMachine(558): processMsg: ConnectModeState
09-15 11:40:52.195 D/WifiStateMachine(558): processMsg: DriverStartedState
09-15 11:40:52.195 D/WifiStateMachine(558): processMsg: SupplicantStartedState
09-15 11:40:52.195 D/WifiStateMachine(558): handleMessage: X
09-15 11:40:52.195 D/WifiStateMachine(558): handleMessage: E msg.what=147462
09-15 11:40:52.195 D/WifiStateMachine(558): processMsg: DisconnectedState
09-15 11:40:52.195 D/WifiStateMachine(558): setDetailed state, old =SCANNING and new state=CONNECTING
09-15 11:40:52.195 D/WifiP2pService(558): DeviceAddress: ea:99:c4:87:77:c5
09-15 11:40:52.195 D/WifiP2pService(558): sending p2p persistent groups changed broadcast
09-15 11:40:52.195 D/WifiP2pService(558): InactiveState
09-15 11:40:52.195 D/WifiP2pService(558): InactiveState{ what=147462 when=-5ms obj=android.net.wifi.StateChangeResult@42333380 }
09-15 11:40:52.195 D/WifiP2pService(558): P2pEnabledState{ what=147462 when=-5ms obj=android.net.wifi.StateChangeResult@42333380 }
09-15 11:40:52.195 D/WifiP2pService(558): DefaultState{ what=147462 when=-5ms obj=android.net.wifi.StateChangeResult@42333380 }
09-15 11:40:52.205 D/WifiStateMachine(558): processMsg: ConnectModeState
09-15 11:40:52.205 D/WifiStateMachine(558): handleMessage: X
09-15 11:40:52.205 D/WifiStateMachine(558): handleMessage: E msg.what=147460
09-15 11:40:52.205 D/WifiStateMachine(558): processMsg: DisconnectedState
09-15 11:40:52.205 D/WifiStateMachine(558): handleMessage: X
09-15 11:40:52.205 D/WifiStateMachine(558): handleMessage: E msg.what=147462
09-15 11:40:52.205 D/WifiStateMachine(558): processMsg: DisconnectedState
09-15 11:40:52.205 D/WifiStateMachine(558): setDetailed state, old =CONNECTING and new state=DISCONNECTED
09-15 11:40:52.205 D/WifiStateMachine(558): processMsg: ConnectModeState
09-15 11:40:52.205 D/WifiStateMachine(558): handleMessage: X
09-15 11:40:52.205 D/WifiStateMachine(558): handleMessage: E msg.what=147462
09-15 11:40:52.205 D/WifiStateMachine(558): processMsg: DisconnectedState
09-15 11:40:52.205 D/WifiStateMachine(558): setDetailed state, old =DISCONNECTED and new state=SCANNING
09-15 11:40:52.205 D/WifiStateMachine(558): processMsg: ConnectModeState
09-15 11:40:52.205 D/WifiStateMachine(558): handleMessage: X
09-15 11:40:52.205 D/WifiStateMachine(558): handleMessage: E msg.what=143371
09-15 11:40:52.205 D/WifiStateMachine(558): processMsg: DisconnectedState
09-15 11:40:52.205 D/WifiStateMachine(558): processMsg: ConnectModeState
09-15 11:40:52.205 D/WifiStateMachine(558): processMsg: DriverStartedState
09-15 11:40:52.205 D/WifiStateMachine(558): processMsg: SupplicantStartedState
09-15 11:40:52.205 D/WifiStateMachine(558): processMsg: DefaultState
09-15 11:40:52.205 D/WifiStateMachine(558): handleMessage: X
09-15 11:40:52.205 D/WifiStateMachine(558): handleMessage: E msg.what=131131
09-15 11:40:52.205 D/WifiStateMachine(558): processMsg: DisconnectedState
09-15 11:40:52.205 D/WifiStateMachine(558): processMsg: ConnectModeState
09-15 11:40:52.205 D/WifiStateMachine(558): handleMessage: X
09-15 11:40:53.636 W/dalvikvm(558): [GC Control] disableGcForExternalAlloc: true
09-15 11:40:53.636 I/PowerManagerService-JNI(558): acquire_cpufreq_min_lock level=4 ...
09-15 11:40:53.636 W/dalvikvm(558): [GC Control] disableGcForExternalAlloc: false
09-15 11:40:53.636 D/qdmemalloc(237): ion: Allocated buffer base:0x443cc000 size:1835008 fd:33
09-15 11:40:53.636 D/qdmemalloc(237): ion: Allocated buffer base:0x40085000 size:4096 fd:72
09-15 11:40:53.636 D/qdmemalloc(558): ion: Mapped buffer base:0x6f972000 size:1835008 offset:0 fd:262
09-15 11:40:53.646 D/qdmemalloc(558): ion: Mapped buffer base:0x59a1a000 size:4096 offset:0 fd:264
09-15 11:40:53.646 D/qdmemalloc(237): ion: Unmapping buffer  base:0x443cc000 size:1835008
09-15 11:40:53.646 D/qdmemalloc(237): ion: Unmapping buffer  base:0x40085000 size:4096
09-15 11:40:53.646 D/qdmemalloc(237): ion: Freeing buffer base:0x0 size:1835008 fd:33
09-15 11:40:53.646 D/qdmemalloc(237): ion: Freeing buffer base:0x0 size:4096 fd:72
09-15 11:40:53.646 D/qdmemalloc(237): ion: Mapped buffer base:0x44364000 size:1835008 offset:0 fd:77
09-15 11:40:53.646 D/qdmemalloc(237): ion: Mapped buffer base:0x400b9000 size:4096 offset:0 fd:78
09-15 11:40:53.656 D/qdmemalloc(558): ion: Unmapping buffer  base:0x6f972000 size:1835008
09-15 11:40:53.656 D/qdmemalloc(558): ion: Unmapping buffer  base:0x59a1a000 size:4096
09-15 11:40:53.686 D/dalvikvm(685): GC_FOR_ALLOC freed 4696K, 28% free 42858K/59368K, paused 26ms, total 27ms
09-15 11:40:53.686 I/PowerManagerService-JNI(558): enabling perf mode...
09-15 11:40:53.686 W/CpuWake (558): >>nativeAcquireCpuPerfWakeLock()
09-15 11:40:53.696 I/PowerManagerService-JNI(558): perf mode enabled. ret=0
09-15 11:40:53.696 W/CpuWake (558): <<nativeAcquireCpuPerfWakeLock()
09-15 11:40:53.696 I/ActivityManager(558): START u0 {act=android.intent.action.MAIN cat=[android.intent.category.HOME] flg=0x10200000 cmp=com.android.launcher/com.android.launcher2.Launcher} from pid 558
09-15 11:40:53.767 I/InputMethodManagerService(558): Disable input method client, pid=14566
09-15 11:40:53.767 I/InputMethodManagerService(558): Enable input method client, pid=851
09-15 11:40:53.787 I/PowerManagerService-JNI(558): release_cpufreq_min_lock ...
09-15 11:40:53.797 D/qdmemalloc(237): ion: Allocated buffer base:0x45e64000 size:8355840 fd:26
09-15 11:40:53.797 D/qdmemalloc(237): ion: Allocated buffer base:0x4031f000 size:4096 fd:30
09-15 11:40:53.797 D/qdmemalloc(851): ion: Mapped buffer base:0x6b34b000 size:8355840 offset:0 fd:64
09-15 11:40:53.797 D/qdmemalloc(851): ion: Mapped buffer base:0x4000d000 size:4096 offset:0 fd:65
09-15 11:40:53.807 D/OpenGLRenderer(14566): Flushing caches (mode 1)
09-15 11:40:53.817 D/OpenGLRenderer(14566): Flushing caches (mode 0)
09-15 11:40:53.817 D/qdmemalloc(14566): ion: Unmapping buffer  base:0x6d888000 size:8355840
09-15 11:40:53.817 D/qdmemalloc(14566): ion: Unmapping buffer  base:0x4002f000 size:4096
09-15 11:40:53.817 D/qdmemalloc(14566): ion: Unmapping buffer  base:0x6e453000 size:8355840
09-15 11:40:53.817 D/qdmemalloc(14566): ion: Unmapping buffer  base:0x40024000 size:4096
09-15 11:40:53.817 D/qdmemalloc(14566): ion: Unmapping buffer  base:0x6ec4b000 size:8355840
09-15 11:40:53.817 D/qdmemalloc(14566): ion: Unmapping buffer  base:0x400de000 size:4096
09-15 11:40:53.817 D/qdmemalloc(237): ion: Unmapping buffer  base:0x49ec3000 size:8355840
09-15 11:40:53.817 D/qdmemalloc(237): ion: Unmapping buffer  base:0x40096000 size:4096
09-15 11:40:53.817 D/qdmemalloc(237): ion: Freeing buffer base:0x0 size:8355840 fd:91
09-15 11:40:53.817 D/qdmemalloc(237): ion: Freeing buffer base:0x0 size:4096 fd:32
09-15 11:40:53.847 D/qdmemalloc(237): ion: Unmapping buffer  base:0x44364000 size:1835008
09-15 11:40:53.847 D/qdmemalloc(237): ion: Unmapping buffer  base:0x400b9000 size:4096
09-15 11:40:53.847 D/qdmemalloc(237): ion: Unmapping buffer  base:0x44e0e000 size:8355840
09-15 11:40:53.847 D/qdmemalloc(237): ion: Unmapping buffer  base:0x40260000 size:4096
09-15 11:40:53.847 D/qdmemalloc(237): ion: Freeing buffer base:0x0 size:8355840 fd:60
09-15 11:40:53.847 D/qdmemalloc(237): ion: Freeing buffer base:0x0 size:4096 fd:69
09-15 11:40:54.227 D/qdmemalloc(237): ion: Unmapping buffer  base:0x496cb000 size:8355840
09-15 11:40:54.227 D/qdmemalloc(237): ion: Unmapping buffer  base:0x40afa000 size:4096
09-15 11:40:54.227 D/qdmemalloc(237): ion: Freeing buffer base:0x0 size:8355840 fd:35
09-15 11:40:54.227 D/qdmemalloc(237): ion: Freeing buffer base:0x0 size:4096 fd:95
09-15 11:40:54.287 D/qdmemalloc(237): ion: Allocated buffer base:0x44e0e000 size:8355840 fd:39
09-15 11:40:54.287 D/qdmemalloc(237): ion: Allocated buffer base:0x400b9000 size:4096 fd:56
09-15 11:40:54.287 D/qdmemalloc(851): ion: Mapped buffer base:0x6bdfe000 size:8355840 offset:0 fd:66
09-15 11:40:54.287 D/qdmemalloc(851): ion: Mapped buffer base:0x400d4000 size:4096 offset:0 fd:67
09-15 11:40:54.407 D/qdmemalloc(237): ion: Allocated buffer base:0x4665c000 size:8355840 fd:44
09-15 11:40:54.407 D/qdmemalloc(237): ion: Allocated buffer base:0x4001f000 size:4096 fd:72
09-15 11:40:54.407 D/qdmemalloc(851): ion: Mapped buffer base:0x6cc8d000 size:8355840 offset:0 fd:69
09-15 11:40:54.407 D/qdmemalloc(851): ion: Mapped buffer base:0x400de000 size:4096 offset:0 fd:70
09-15 11:40:54.698 I/PowerManagerService-JNI(558): disabling perf mode...
09-15 11:40:54.698 I/PowerManagerService-JNI(558): perf mode disabled. ret=0
09-15 11:40:54.698 W/CpuWake (558): >>nativeReleaseCpuPerfWakeLock()
09-15 11:40:54.698 W/CpuWake (558): <<nativeReleaseCpuPerfWakeLock()
09-15 11:40:55.468 I/wpa_supplicant(26042): wlan0: Trying to associate with 00:17:3f:7f:ce:ee (SSID='Tinkerbell' freq=2462 MHz)
09-15 11:40:55.488 D/WifiStateMachine(558): handleMessage: E msg.what=147461
09-15 11:40:55.488 D/WifiStateMachine(558): processMsg: DisconnectedState
09-15 11:40:55.488 D/WifiStateMachine(558): processMsg: ConnectModeState
09-15 11:40:55.488 D/WifiStateMachine(558): processMsg: DriverStartedState
09-15 11:40:55.488 D/WifiStateMachine(558): processMsg: SupplicantStartedState
09-15 11:40:55.508 D/WifiStateMachine(558): handleMessage: X
09-15 11:40:55.508 D/WifiStateMachine(558): handleMessage: E msg.what=147462
09-15 11:40:55.508 D/WifiStateMachine(558): processMsg: DisconnectedState
09-15 11:40:55.508 D/WifiStateMachine(558): setDetailed state, old =SCANNING and new state=CONNECTING
09-15 11:40:55.508 D/WifiStateMachine(558): processMsg: ConnectModeState
09-15 11:40:55.508 D/WifiStateMachine(558): handleMessage: X
